Device: cuda

============================================================
  C0: baseline 10K
============================================================
/rhea/scratch/brussel/vo/000/bvo00004/vsc38352/learning_with_projections/.venv/lib/python3.12/site-packages/torch/_inductor/compile_fx.py:321: UserWarning: TensorFloat32 tensor cores for float32 matrix multiplication available but not enabled. Consider setting `torch.set_float32_matmul_precision('high')` for better performance.
  warnings.warn(
  step=    0  loss=2.7300  acc=0.0664  val=0.0752  best=0.0752  feat_std=0.5440  lr=0.03000  time=43s
  step=  500  loss=1.8816  acc=0.3281  val=0.2898  best=0.2898  feat_std=0.5539  lr=0.03000  time=169s
  step= 1000  loss=1.8976  acc=0.3477  val=0.3325  best=0.3325  feat_std=0.5288  lr=0.03000  time=294s
  step= 1500  loss=1.6822  acc=0.3906  val=0.3893  best=0.3893  feat_std=0.5218  lr=0.03000  time=419s
  step= 2000  loss=1.6130  acc=0.4727  val=0.4326  best=0.4326  feat_std=0.5220  lr=0.03000  time=738s
  step= 2500  loss=1.4639  acc=0.4844  val=0.4544  best=0.4544  feat_std=0.5021  lr=0.03000  time=1150s
  step= 3000  loss=1.3876  acc=0.5078  val=0.4700  best=0.4700  feat_std=0.5209  lr=0.03000  time=1563s
  step= 3500  loss=1.4588  acc=0.5391  val=0.4795  best=0.4795  feat_std=0.4790  lr=0.03000  time=1976s
  step= 4000  loss=1.4152  acc=0.5234  val=0.4914  best=0.4914  feat_std=0.4924  lr=0.03000  time=2388s
  step= 4500  loss=1.2410  acc=0.5977  val=0.5007  best=0.5007  feat_std=0.4832  lr=0.03000  time=2801s
  step= 5000  loss=1.3549  acc=0.5391  val=0.5048  best=0.5048  feat_std=0.4782  lr=0.03000  time=3214s
  step= 5500  loss=1.2533  acc=0.5312  val=0.5073  best=0.5073  feat_std=0.4716  lr=0.03000  time=3626s
  step= 6000  loss=1.3935  acc=0.5352  val=0.5112  best=0.5112  feat_std=0.4475  lr=0.03000  time=4039s
  step= 6500  loss=1.1814  acc=0.6133  val=0.5141  best=0.5141  feat_std=0.4532  lr=0.03000  time=4451s
  step= 7000  loss=1.4097  acc=0.5312  val=0.5147  best=0.5147  feat_std=0.4440  lr=0.03000  time=4864s
  step= 7500  loss=1.2042  acc=0.5703  val=0.5148  best=0.5148  feat_std=0.4288  lr=0.03000  time=5277s
  step= 8000  loss=1.2425  acc=0.5742  val=0.5179  best=0.5179  feat_std=0.4290  lr=0.03000  time=5689s
  step= 8500  loss=1.1337  acc=0.5742  val=0.5140  best=0.5179  feat_std=0.4150  lr=0.03000  time=6102s
  step= 9000  loss=1.1292  acc=0.5977  val=0.5137  best=0.5179  feat_std=0.4097  lr=0.03000  time=6515s
  step= 9500  loss=1.1500  acc=0.6133  val=0.5123  best=0.5179  feat_std=0.4060  lr=0.03000  time=6927s
  step= 9999  loss=1.1621  acc=0.5625  val=0.5093  best=0.5179  feat_std=0.3870  lr=0.03000  time=7339s
  >>> RESULT: C0: baseline 10K = 0.5179

============================================================
  C1: 30K steps
============================================================
  step=    0  loss=2.7300  acc=0.0664  val=0.0752  best=0.0752  feat_std=0.5440  lr=0.03000  time=4s
