Looking in links: /tmp/tmpwx5uibk6
Processing /tmp/tmpwx5uibk6/setuptools-53.0.0-py3-none-any.whl
Processing /tmp/tmpwx5uibk6/pip-21.3.1-py3-none-any.whl
Installing collected packages: setuptools, pip
ERROR: Could not install packages due to an OSError: [Errno 122] Disk quota exceeded

Traceback (most recent call last):
  File "/usr/lib64/python3.9/runpy.py", line 197, in _run_module_as_main
    return _run_code(code, main_globals, None,
  File "/usr/lib64/python3.9/runpy.py", line 87, in _run_code
    exec(code, run_globals)
  File "/usr/lib64/python3.9/ensurepip/__main__.py", line 5, in <module>
    sys.exit(ensurepip._main())
  File "/usr/lib64/python3.9/ensurepip/__init__.py", line 226, in _main
    return _bootstrap(
  File "/usr/lib64/python3.9/ensurepip/__init__.py", line 145, in _bootstrap
    return _run_pip(args + [p[0] for p in _PROJECTS], additional_paths)
  File "/usr/lib64/python3.9/ensurepip/__init__.py", line 57, in _run_pip
    return subprocess.run(cmd, check=True).returncode
  File "/usr/lib64/python3.9/subprocess.py", line 528, in run
    raise CalledProcessError(retcode, process.args,
subprocess.CalledProcessError: Command '['/vscmnt/leuven_icts/_user_leuven/383/vsc38352/.local/share/pypoetry/venv/bin/python3', '-I', '-c', '\nimport runpy\nimport sys\nsys.path = [\'/tmp/tmpwx5uibk6/setuptools-53.0.0-py3-none-any.whl\', \'/tmp/tmpwx5uibk6/pip-21.3.1-py3-none-any.whl\'] + sys.path\nsys.argv[1:] = [\'install\', \'--no-cache-dir\', \'--no-index\', \'--find-links\', \'/tmp/tmpwx5uibk6\', \'--upgrade\', \'setuptools\', \'pip\']\nrunpy.run_module("pip", run_name="__main__", alter_sys=True)\n']' returned non-zero exit status 1.

Traceback:

  File "<stdin>", line 937, in main
  File "<stdin>", line 576, in run
