Traceback (most recent call last):
  File "/home/cyuzuzo/thesisV5/experiments/cnn_benchmarks/bench_ptorch.py", line 11, in <module>
    import torch
  File "/home/cyuzuzo/.pyenv/versions/3.10.19/lib/python3.10/site-packages/torch/__init__.py", line 2276, in <module>
    from torch import quantization as quantization  # usort: skip
  File "/home/cyuzuzo/.pyenv/versions/3.10.19/lib/python3.10/site-packages/torch/quantization/__init__.py", line 2, in <module>
    from .fake_quantize import *  # noqa: F403
  File "/home/cyuzuzo/.pyenv/versions/3.10.19/lib/python3.10/site-packages/torch/quantization/fake_quantize.py", line 10, in <module>
    from torch.ao.quantization.fake_quantize import (
  File "/home/cyuzuzo/.pyenv/versions/3.10.19/lib/python3.10/site-packages/torch/ao/quantization/__init__.py", line 13, in <module>
    from .pt2e._numeric_debugger import (  # noqa: F401
  File "/home/cyuzuzo/.pyenv/versions/3.10.19/lib/python3.10/site-packages/torch/ao/quantization/pt2e/_numeric_debugger.py", line 9, in <module>
    from torch.ao.quantization.pt2e.graph_utils import bfs_trace_with_node_process
  File "/home/cyuzuzo/.pyenv/versions/3.10.19/lib/python3.10/site-packages/torch/ao/quantization/pt2e/graph_utils.py", line 9, in <module>
    from torch.export import ExportedProgram
  File "/home/cyuzuzo/.pyenv/versions/3.10.19/lib/python3.10/site-packages/torch/export/__init__.py", line 42, in <module>
    from .decomp_utils import CustomDecompTable
  File "/home/cyuzuzo/.pyenv/versions/3.10.19/lib/python3.10/site-packages/torch/export/decomp_utils.py", line 5, in <module>
    from torch._export.utils import (
  File "/home/cyuzuzo/.pyenv/versions/3.10.19/lib/python3.10/site-packages/torch/_export/__init__.py", line 48, in <module>
    from .wrappers import _wrap_submodules
  File "/home/cyuzuzo/.pyenv/versions/3.10.19/lib/python3.10/site-packages/torch/_export/wrappers.py", line 10, in <module>
    from torch._higher_order_ops.flat_apply import (
  File "/home/cyuzuzo/.pyenv/versions/3.10.19/lib/python3.10/site-packages/torch/_higher_order_ops/__init__.py", line 14, in <module>
    from torch._higher_order_ops.effects import with_effects
  File "/home/cyuzuzo/.pyenv/versions/3.10.19/lib/python3.10/site-packages/torch/_higher_order_ops/effects.py", line 9, in <module>
    from torch._higher_order_ops.torchbind import call_torchbind
  File "/home/cyuzuzo/.pyenv/versions/3.10.19/lib/python3.10/site-packages/torch/_higher_order_ops/torchbind.py", line 7, in <module>
    from torch._functorch._aot_autograd.utils import KNOWN_TYPES
  File "/home/cyuzuzo/.pyenv/versions/3.10.19/lib/python3.10/site-packages/torch/_functorch/_aot_autograd/utils.py", line 23, in <module>
    from .descriptors import AOTOutput
  File "/home/cyuzuzo/.pyenv/versions/3.10.19/lib/python3.10/site-packages/torch/_functorch/_aot_autograd/descriptors.py", line 698, in <module>
    class SubclassGetAttrAOTOutput(AOTOutput):
  File "/home/cyuzuzo/.pyenv/versions/3.10.19/lib/python3.10/dataclasses.py", line 1175, in wrap
    return _process_class(cls, init, repr, eq, order, unsafe_hash,
  File "/home/cyuzuzo/.pyenv/versions/3.10.19/lib/python3.10/dataclasses.py", line 1075, in _process_class
    for fn in _frozen_get_del_attr(cls, field_list, globals):
  File "/home/cyuzuzo/.pyenv/versions/3.10.19/lib/python3.10/dataclasses.py", line 613, in _frozen_get_del_attr
    _create_fn('__delattr__',
  File "/home/cyuzuzo/.pyenv/versions/3.10.19/lib/python3.10/dataclasses.py", line 432, in _create_fn
    exec(txt, globals, ns)
  File "<string>", line 1, in <module>
KeyboardInterrupt
