Using device: cpu
mode=norm lam=0.0  L=2 seed=0 | final MSE: 7.146713e-05
mode=norm lam=0.0  L=2 seed=1 | final MSE: 4.966816e-06
mode=norm lam=0.0  L=2 seed=2 | final MSE: 2.901084e-04
mode=norm lam=0.0  L=4 seed=0 | final MSE: 6.009012e-03
mode=norm lam=0.0  L=4 seed=1 | final MSE: 5.679039e-03
mode=norm lam=0.0  L=4 seed=2 | final MSE: 7.630505e-03
mode=norm lam=0.0  L=8 seed=0 | final MSE: 2.016788e-02
mode=norm lam=0.0  L=8 seed=1 | final MSE: 2.440779e-02
mode=norm lam=0.0  L=8 seed=2 | final MSE: 2.212693e-02
mode=norm lam=0.3  L=2 seed=0 | final MSE: 1.080248e-04
mode=norm lam=0.3  L=2 seed=1 | final MSE: 6.327838e-06
mode=norm lam=0.3  L=2 seed=2 | final MSE: 3.911895e-04
mode=norm lam=0.3  L=4 seed=0 | final MSE: 8.590220e-05
mode=norm lam=0.3  L=4 seed=1 | final MSE: 8.793896e-05
mode=norm lam=0.3  L=4 seed=2 | final MSE: 8.561421e-05
mode=norm lam=0.3  L=8 seed=0 | final MSE: 1.069730e-02
mode=norm lam=0.3  L=8 seed=1 | final MSE: 1.375463e-02
mode=norm lam=0.3  L=8 seed=2 | final MSE: 1.068932e-02
mode=norm lam=0.5  L=2 seed=0 | final MSE: 1.075692e-04
mode=norm lam=0.5  L=2 seed=1 | final MSE: 6.762851e-06
mode=norm lam=0.5  L=2 seed=2 | final MSE: 3.997048e-04
mode=norm lam=0.5  L=4 seed=0 | final MSE: 7.833468e-05
mode=norm lam=0.5  L=4 seed=1 | final MSE: 1.040175e-04
mode=norm lam=0.5  L=4 seed=2 | final MSE: 8.444326e-05
mode=norm lam=0.5  L=8 seed=0 | final MSE: 1.173599e-02
mode=norm lam=0.5  L=8 seed=1 | final MSE: 1.144079e-02
mode=norm lam=0.5  L=8 seed=2 | final MSE: 1.358148e-02
mode=norm lam=0.7  L=2 seed=0 | final MSE: 1.085390e-04
mode=norm lam=0.7  L=2 seed=1 | final MSE: 6.207741e-06
mode=norm lam=0.7  L=2 seed=2 | final MSE: 3.947604e-04
mode=norm lam=0.7  L=4 seed=0 | final MSE: 1.188992e-04
mode=norm lam=0.7  L=4 seed=1 | final MSE: 9.508595e-05
mode=norm lam=0.7  L=4 seed=2 | final MSE: 1.083533e-04
mode=norm lam=0.7  L=8 seed=0 | final MSE: 1.281296e-02
mode=norm lam=0.7  L=8 seed=1 | final MSE: 1.625765e-02
mode=norm lam=0.7  L=8 seed=2 | final MSE: 2.108620e-02
mode=norm lam=0.9  L=2 seed=0 | final MSE: 1.095911e-04
mode=norm lam=0.9  L=2 seed=1 | final MSE: 6.605856e-06
mode=norm lam=0.9  L=2 seed=2 | final MSE: 3.954507e-04
mode=norm lam=0.9  L=4 seed=0 | final MSE: 1.243880e-04
mode=norm lam=0.9  L=4 seed=1 | final MSE: 1.514541e-04
mode=norm lam=0.9  L=4 seed=2 | final MSE: 9.977836e-05
mode=norm lam=0.9  L=8 seed=0 | final MSE: 2.748797e-02
mode=norm lam=0.9  L=8 seed=1 | final MSE: 3.379365e-02
mode=norm lam=0.9  L=8 seed=2 | final MSE: 2.405566e-02
mode=norm lam=1.0  L=2 seed=0 | final MSE: 1.132960e-04
mode=norm lam=1.0  L=2 seed=1 | final MSE: 6.995184e-06
mode=norm lam=1.0  L=2 seed=2 | final MSE: 3.938394e-04
mode=norm lam=1.0  L=4 seed=0 | final MSE: 1.058485e-04
mode=norm lam=1.0  L=4 seed=1 | final MSE: 1.122274e-04
mode=norm lam=1.0  L=4 seed=2 | final MSE: 1.170222e-04
mode=norm lam=1.0  L=8 seed=0 | final MSE: 2.648676e-02
mode=norm lam=1.0  L=8 seed=1 | final MSE: 5.176922e-02
mode=norm lam=1.0  L=8 seed=2 | final MSE: 2.894956e-02
Wrote 105210 rows to /rhea/scratch/brussel/vo/000/bvo00004/vsc38352/learning_with_projections/experiments/deep/results/td_norm_traces.csv
Wrote 126252 rows to /rhea/scratch/brussel/vo/000/bvo00004/vsc38352/learning_with_projections/experiments/deep/results/td_norm_hooks.csv
Wrote 54 rows to /rhea/scratch/brussel/vo/000/bvo00004/vsc38352/learning_with_projections/experiments/deep/results/td_norm_final.csv
Wrote 126252 rows to /rhea/scratch/brussel/vo/000/bvo00004/vsc38352/learning_with_projections/experiments/deep/results/td_norm_alignment.csv
Wrote 27054 rows to /rhea/scratch/brussel/vo/000/bvo00004/vsc38352/learning_with_projections/experiments/deep/results/td_norm_loss.csv
Saved plots: /rhea/scratch/brussel/vo/000/bvo00004/vsc38352/learning_with_projections/experiments/deep/images/td_norm_step1_profile.pdf, /rhea/scratch/brussel/vo/000/bvo00004/vsc38352/learning_with_projections/experiments/deep/images/td_norm_final_mse.pdf, /rhea/scratch/brussel/vo/000/bvo00004/vsc38352/learning_with_projections/experiments/deep/images/td_norm_alignment.pdf, /rhea/scratch/brussel/vo/000/bvo00004/vsc38352/learning_with_projections/experiments/deep/images/td_norm_loss_curves.pdf
