
Projection policy gradient (ptorch) for continuous control, with value baseline.

Saved rollout gif -> bipedal_walker_gifs/epoch_0000.gif
/rhea/scratch/brussel/vo/000/bvo00004/vsc38352/learning_with_projections/experiments/bipedal_walker.py:304: UserWarning: Converting a tensor with requires_grad=True to a scalar may lead to unexpected behavior.
Consider using tensor.detach() first. (Triggered internally at /pytorch/torch/csrc/autograd/generated/python_variable_methods.cpp:836.)
  pol_acc += float(pol); val_acc += float(val); nb += 1
epoch:   0 	 pol:     0.24 	 val:   201.76 	 clipfrac: 0.71 	 return:  -103.83 	 ep_len:    75.6 	 log_std: -0.698
epoch:   1 	 pol:     0.03 	 val:    59.30 	 clipfrac: 0.87 	 return:  -118.77 	 ep_len:   325.3 	 log_std: -0.701
epoch:   2 	 pol:     0.17 	 val:   245.16 	 clipfrac: 0.60 	 return:  -105.81 	 ep_len:    72.5 	 log_std: -0.705
epoch:   3 	 pol:     0.10 	 val:   206.40 	 clipfrac: 0.51 	 return:  -107.03 	 ep_len:    74.9 	 log_std: -0.712
epoch:   4 	 pol:     0.06 	 val:   150.69 	 clipfrac: 0.51 	 return:  -107.34 	 ep_len:    70.7 	 log_std: -0.719
epoch:   5 	 pol:     0.10 	 val:   119.66 	 clipfrac: 0.45 	 return:  -108.81 	 ep_len:    78.9 	 log_std: -0.735
epoch:   6 	 pol:     0.12 	 val:   112.81 	 clipfrac: 0.43 	 return:  -109.50 	 ep_len:    75.8 	 log_std: -0.754
epoch:   7 	 pol:     0.13 	 val:    83.69 	 clipfrac: 0.40 	 return:  -107.55 	 ep_len:    71.9 	 log_std: -0.775
epoch:   8 	 pol:     0.17 	 val:    77.84 	 clipfrac: 0.38 	 return:  -107.97 	 ep_len:    72.2 	 log_std: -0.801
epoch:   9 	 pol:     0.17 	 val:    57.30 	 clipfrac: 0.41 	 return:  -106.66 	 ep_len:    66.3 	 log_std: -0.834
epoch:  10 	 pol:     0.20 	 val:    54.05 	 clipfrac: 0.40 	 return:  -106.56 	 ep_len:    66.4 	 log_std: -0.871
epoch:  11 	 pol:     0.20 	 val:    44.97 	 clipfrac: 0.37 	 return:  -106.05 	 ep_len:    65.5 	 log_std: -0.912
epoch:  12 	 pol:     0.17 	 val:    42.30 	 clipfrac: 0.36 	 return:  -105.12 	 ep_len:    64.6 	 log_std: -0.943
epoch:  13 	 pol:     0.18 	 val:    34.57 	 clipfrac: 0.38 	 return:  -103.74 	 ep_len:    63.0 	 log_std: -0.979
epoch:  14 	 pol:     0.17 	 val:    53.94 	 clipfrac: 0.35 	 return:  -105.97 	 ep_len:    73.6 	 log_std: -0.993
epoch:  15 	 pol:     0.13 	 val:    56.32 	 clipfrac: 0.34 	 return:  -114.17 	 ep_len:   107.1 	 log_std: -1.000
epoch:  16 	 pol:     0.12 	 val:    68.34 	 clipfrac: 0.32 	 return:  -112.89 	 ep_len:   105.2 	 log_std: -1.000
epoch:  17 	 pol:     0.06 	 val:    47.99 	 clipfrac: 0.33 	 return:  -111.80 	 ep_len:    95.0 	 log_std: -1.000
epoch:  18 	 pol:     0.02 	 val:    37.40 	 clipfrac: 0.64 	 return:  -110.14 	 ep_len:   106.6 	 log_std: -1.000
epoch:  19 	 pol:     0.11 	 val:    35.70 	 clipfrac: 0.32 	 return:  -113.67 	 ep_len:    96.8 	 log_std: -1.000
epoch:  20 	 pol:     0.10 	 val:    36.24 	 clipfrac: 0.33 	 return:  -109.10 	 ep_len:    86.4 	 log_std: -1.000
epoch:  21 	 pol:     0.06 	 val:    43.51 	 clipfrac: 0.33 	 return:  -112.03 	 ep_len:    98.4 	 log_std: -1.000
epoch:  22 	 pol:     0.13 	 val:    33.34 	 clipfrac: 0.31 	 return:  -111.46 	 ep_len:    99.4 	 log_std: -1.000
epoch:  23 	 pol:     0.09 	 val:    32.91 	 clipfrac: 0.32 	 return:  -110.00 	 ep_len:    93.3 	 log_std: -1.000
epoch:  24 	 pol:     0.06 	 val:    41.22 	 clipfrac: 0.41 	 return:  -107.61 	 ep_len:    92.2 	 log_std: -1.000
epoch:  25 	 pol:     0.05 	 val:    36.79 	 clipfrac: 0.35 	 return:  -106.45 	 ep_len:    80.5 	 log_std: -1.000
epoch:  26 	 pol:     0.03 	 val:    31.27 	 clipfrac: 0.31 	 return:  -108.68 	 ep_len:    85.5 	 log_std: -1.000
epoch:  27 	 pol:     0.07 	 val:    32.41 	 clipfrac: 0.34 	 return:  -106.19 	 ep_len:    83.1 	 log_std: -1.000
epoch:  28 	 pol:     0.02 	 val:    30.14 	 clipfrac: 0.32 	 return:  -105.13 	 ep_len:    79.2 	 log_std: -1.000
epoch:  29 	 pol:     0.13 	 val:    31.64 	 clipfrac: 0.33 	 return:  -104.96 	 ep_len:    78.6 	 log_std: -1.000
epoch:  30 	 pol:     0.06 	 val:    30.37 	 clipfrac: 0.33 	 return:  -104.10 	 ep_len:    76.5 	 log_std: -1.000
epoch:  31 	 pol:     0.10 	 val:    34.26 	 clipfrac: 0.34 	 return:  -103.54 	 ep_len:    72.8 	 log_std: -1.000
epoch:  32 	 pol:     0.09 	 val:    41.25 	 clipfrac: 0.30 	 return:  -108.05 	 ep_len:    90.3 	 log_std: -1.000
epoch:  33 	 pol:     0.03 	 val:    35.10 	 clipfrac: 0.28 	 return:  -110.47 	 ep_len:   112.3 	 log_std: -1.000
epoch:  34 	 pol:     0.03 	 val:    33.35 	 clipfrac: 0.25 	 return:  -111.28 	 ep_len:   111.6 	 log_std: -1.000
epoch:  35 	 pol:     0.03 	 val:    39.33 	 clipfrac: 0.26 	 return:  -112.36 	 ep_len:   106.8 	 log_std: -1.000
epoch:  36 	 pol:    -0.01 	 val:    47.52 	 clipfrac: 0.26 	 return:  -112.77 	 ep_len:   107.5 	 log_std: -1.000
epoch:  37 	 pol:     0.07 	 val:    33.62 	 clipfrac: 0.29 	 return:  -112.02 	 ep_len:   105.7 	 log_std: -1.000
epoch:  38 	 pol:     0.05 	 val:    36.19 	 clipfrac: 0.26 	 return:  -110.51 	 ep_len:   106.3 	 log_std: -1.000
epoch:  39 	 pol:     0.03 	 val:    29.88 	 clipfrac: 0.28 	 return:  -111.44 	 ep_len:   110.5 	 log_std: -1.000
epoch:  40 	 pol:     0.11 	 val:    31.31 	 clipfrac: 0.28 	 return:  -110.47 	 ep_len:   109.1 	 log_std: -1.000
epoch:  41 	 pol:    -0.05 	 val:    29.63 	 clipfrac: 0.27 	 return:  -110.72 	 ep_len:   108.3 	 log_std: -1.000
epoch:  42 	 pol:     0.04 	 val:    27.10 	 clipfrac: 0.28 	 return:  -110.49 	 ep_len:   102.7 	 log_std: -1.000
epoch:  43 	 pol:     0.11 	 val:    32.74 	 clipfrac: 0.28 	 return:  -108.69 	 ep_len:    97.1 	 log_std: -1.000
epoch:  44 	 pol:     0.07 	 val:    28.68 	 clipfrac: 0.35 	 return:  -107.90 	 ep_len:    97.9 	 log_std: -1.000
epoch:  45 	 pol:     0.03 	 val:    25.29 	 clipfrac: 0.30 	 return:  -106.26 	 ep_len:    93.3 	 log_std: -1.000
epoch:  46 	 pol:    -0.01 	 val:    29.34 	 clipfrac: 0.43 	 return:  -107.76 	 ep_len:   108.4 	 log_std: -1.000
epoch:  47 	 pol:     0.06 	 val:    28.63 	 clipfrac: 0.32 	 return:  -105.21 	 ep_len:    88.4 	 log_std: -1.000
epoch:  48 	 pol:     0.07 	 val:    22.28 	 clipfrac: 0.30 	 return:  -105.68 	 ep_len:    89.9 	 log_std: -1.000
epoch:  49 	 pol:    -0.03 	 val:    29.91 	 clipfrac: 0.28 	 return:  -106.06 	 ep_len:    88.4 	 log_std: -1.000
Saved rollout gif -> bipedal_walker_gifs/epoch_0050.gif
epoch:  50 	 pol:    -0.00 	 val:    21.99 	 clipfrac: 0.34 	 return:  -105.84 	 ep_len:    95.4 	 log_std: -1.000
epoch:  51 	 pol:    -0.02 	 val:    24.60 	 clipfrac: 0.30 	 return:  -105.03 	 ep_len:    86.0 	 log_std: -1.000
epoch:  52 	 pol:     0.12 	 val:    39.29 	 clipfrac: 0.39 	 return:  -109.99 	 ep_len:   108.8 	 log_std: -1.000
epoch:  53 	 pol:    -0.04 	 val:    37.31 	 clipfrac: 0.26 	 return:  -115.55 	 ep_len:   133.8 	 log_std: -1.000
epoch:  54 	 pol:     0.01 	 val:    26.35 	 clipfrac: 0.31 	 return:  -112.67 	 ep_len:   129.6 	 log_std: -1.000
epoch:  55 	 pol:     0.04 	 val:    30.16 	 clipfrac: 0.28 	 return:  -111.33 	 ep_len:   128.1 	 log_std: -1.000
epoch:  56 	 pol:    -0.00 	 val:    32.13 	 clipfrac: 0.28 	 return:  -112.82 	 ep_len:   133.4 	 log_std: -1.000
epoch:  57 	 pol:    -0.08 	 val:    38.31 	 clipfrac: 0.32 	 return:  -112.55 	 ep_len:   118.5 	 log_std: -1.000
epoch:  58 	 pol:    -0.06 	 val:    35.60 	 clipfrac: 0.29 	 return:  -116.27 	 ep_len:   141.1 	 log_std: -1.000
epoch:  59 	 pol:    -0.00 	 val:    32.11 	 clipfrac: 0.28 	 return:  -117.26 	 ep_len:   152.8 	 log_std: -1.000
epoch:  60 	 pol:     0.02 	 val:    27.49 	 clipfrac: 0.26 	 return:  -110.68 	 ep_len:   134.4 	 log_std: -1.000
epoch:  61 	 pol:    -0.02 	 val:    29.54 	 clipfrac: 0.29 	 return:  -110.43 	 ep_len:   119.3 	 log_std: -1.000
epoch:  62 	 pol:     0.09 	 val:    31.93 	 clipfrac: 0.27 	 return:  -112.06 	 ep_len:   136.8 	 log_std: -1.000
epoch:  63 	 pol:    -0.06 	 val:    29.68 	 clipfrac: 0.30 	 return:  -112.22 	 ep_len:   135.8 	 log_std: -1.000
epoch:  64 	 pol:     0.03 	 val:    32.32 	 clipfrac: 0.30 	 return:  -114.42 	 ep_len:   141.2 	 log_std: -1.000
epoch:  65 	 pol:     0.10 	 val:    35.73 	 clipfrac: 0.28 	 return:  -113.59 	 ep_len:   138.2 	 log_std: -1.000
epoch:  66 	 pol:    -0.06 	 val:    31.64 	 clipfrac: 0.26 	 return:  -111.74 	 ep_len:   138.3 	 log_std: -1.000
epoch:  67 	 pol:     0.05 	 val:    38.74 	 clipfrac: 0.34 	 return:  -116.63 	 ep_len:   154.3 	 log_std: -1.000
epoch:  68 	 pol:    -0.10 	 val:    29.40 	 clipfrac: 0.30 	 return:  -112.19 	 ep_len:   137.2 	 log_std: -1.000
epoch:  69 	 pol:    -0.08 	 val:    31.18 	 clipfrac: 0.31 	 return:  -115.23 	 ep_len:   172.9 	 log_std: -1.000
epoch:  70 	 pol:    -0.12 	 val:    35.08 	 clipfrac: 0.29 	 return:  -116.09 	 ep_len:   168.0 	 log_std: -1.000
epoch:  71 	 pol:    -0.16 	 val:    37.37 	 clipfrac: 0.30 	 return:  -114.87 	 ep_len:   139.7 	 log_std: -1.000
epoch:  72 	 pol:    -0.05 	 val:    34.41 	 clipfrac: 0.43 	 return:  -113.12 	 ep_len:   179.0 	 log_std: -1.000
epoch:  73 	 pol:    -0.07 	 val:    38.64 	 clipfrac: 0.33 	 return:  -118.51 	 ep_len:   196.0 	 log_std: -1.000
epoch:  74 	 pol:    -0.07 	 val:    41.28 	 clipfrac: 0.29 	 return:  -114.43 	 ep_len:   164.0 	 log_std: -1.000
epoch:  75 	 pol:    -0.08 	 val:    33.85 	 clipfrac: 0.35 	 return:  -117.70 	 ep_len:   290.2 	 log_std: -1.000
epoch:  76 	 pol:    -0.13 	 val:    40.22 	 clipfrac: 0.28 	 return:  -124.29 	 ep_len:   237.2 	 log_std: -1.000
epoch:  77 	 pol:     0.00 	 val:    33.33 	 clipfrac: 0.27 	 return:  -127.47 	 ep_len:   355.6 	 log_std: -1.000
epoch:  78 	 pol:     0.08 	 val:    23.76 	 clipfrac: 0.29 	 return:  -127.96 	 ep_len:   458.2 	 log_std: -1.000
epoch:  79 	 pol:     0.02 	 val:    20.78 	 clipfrac: 0.31 	 return:  -138.61 	 ep_len:   634.9 	 log_std: -1.000
epoch:  80 	 pol:     0.03 	 val:    24.25 	 clipfrac: 0.25 	 return:  -123.16 	 ep_len:   521.2 	 log_std: -1.000
epoch:  81 	 pol:     0.01 	 val:    25.42 	 clipfrac: 0.27 	 return:  -121.60 	 ep_len:   476.3 	 log_std: -1.000
epoch:  82 	 pol:    -0.01 	 val:    24.10 	 clipfrac: 0.27 	 return:  -127.83 	 ep_len:   556.9 	 log_std: -1.000
epoch:  83 	 pol:    -0.07 	 val:    29.37 	 clipfrac: 0.30 	 return:  -125.86 	 ep_len:   402.4 	 log_std: -1.000
epoch:  84 	 pol:    -0.01 	 val:    17.59 	 clipfrac: 0.36 	 return:  -140.75 	 ep_len:   430.9 	 log_std: -1.000
epoch:  85 	 pol:     0.03 	 val:    16.86 	 clipfrac: 0.28 	 return:  -137.82 	 ep_len:   508.3 	 log_std: -1.000
epoch:  86 	 pol:     0.02 	 val:    13.07 	 clipfrac: 0.30 	 return:  -146.97 	 ep_len:   574.7 	 log_std: -1.000
epoch:  87 	 pol:    -0.07 	 val:    21.56 	 clipfrac: 0.39 	 return:  -148.10 	 ep_len:   585.4 	 log_std: -1.000
epoch:  88 	 pol:     0.03 	 val:    16.60 	 clipfrac: 0.48 	 return:  -143.72 	 ep_len:   999.3 	 log_std: -1.000
epoch:  89 	 pol:     0.09 	 val:    15.79 	 clipfrac: 0.48 	 return:  -126.56 	 ep_len:   841.7 	 log_std: -1.000
epoch:  90 	 pol:     0.06 	 val:     8.76 	 clipfrac: 0.55 	 return:  -127.07 	 ep_len:  1479.0 	 log_std: -1.000
epoch:  91 	 pol:     0.05 	 val:     7.56 	 clipfrac: 0.35 	 return:  -112.75 	 ep_len:  1080.2 	 log_std: -1.000
epoch:  92 	 pol:    -0.05 	 val:     8.39 	 clipfrac: 0.35 	 return:  -126.78 	 ep_len:  1014.6 	 log_std: -1.000
epoch:  93 	 pol:     0.00 	 val:     3.74 	 clipfrac: 0.37 	 return:  -103.33 	 ep_len:  1350.8 	 log_std: -1.000
epoch:  94 	 pol:     0.05 	 val:     2.53 	 clipfrac: 0.39 	 return:  -113.74 	 ep_len:  1600.0 	 log_std: -1.000
epoch:  95 	 pol:    -0.07 	 val:     4.74 	 clipfrac: 0.33 	 return:  -118.32 	 ep_len:  1255.7 	 log_std: -1.000
epoch:  96 	 pol:     0.04 	 val:     1.89 	 clipfrac: 0.37 	 return:  -110.48 	 ep_len:  1600.0 	 log_std: -1.000
epoch:  97 	 pol:    -0.07 	 val:     3.40 	 clipfrac: 0.30 	 return:  -107.46 	 ep_len:  1384.3 	 log_std: -1.000
epoch:  98 	 pol:    -0.02 	 val:     4.34 	 clipfrac: 0.32 	 return:  -112.00 	 ep_len:  1339.1 	 log_std: -1.000
epoch:  99 	 pol:    -0.00 	 val:    15.19 	 clipfrac: 0.37 	 return:  -111.41 	 ep_len:  1031.7 	 log_std: -1.000
Saved rollout gif -> bipedal_walker_gifs/epoch_0100.gif
epoch: 100 	 pol:    -0.04 	 val:     3.86 	 clipfrac: 0.30 	 return:  -114.09 	 ep_len:  1548.7 	 log_std: -1.000
epoch: 101 	 pol:    -0.07 	 val:    10.25 	 clipfrac: 0.30 	 return:  -118.69 	 ep_len:  1155.4 	 log_std: -1.000
epoch: 102 	 pol:    -0.03 	 val:     4.96 	 clipfrac: 0.29 	 return:  -112.06 	 ep_len:  1341.6 	 log_std: -1.000
epoch: 103 	 pol:    -0.06 	 val:     6.31 	 clipfrac: 0.41 	 return:  -108.94 	 ep_len:  1152.5 	 log_std: -1.000
epoch: 104 	 pol:    -0.09 	 val:    12.62 	 clipfrac: 0.38 	 return:  -125.50 	 ep_len:  1173.0 	 log_std: -1.000
epoch: 105 	 pol:    -0.06 	 val:     6.60 	 clipfrac: 0.36 	 return:  -101.60 	 ep_len:  1240.9 	 log_std: -1.000
epoch: 106 	 pol:     0.01 	 val:     4.98 	 clipfrac: 0.37 	 return:  -104.36 	 ep_len:  1533.2 	 log_std: -1.000
epoch: 107 	 pol:     0.01 	 val:     8.70 	 clipfrac: 0.29 	 return:   -98.22 	 ep_len:  1165.6 	 log_std: -1.000
epoch: 108 	 pol:     0.02 	 val:    10.62 	 clipfrac: 0.29 	 return:  -129.55 	 ep_len:  1169.6 	 log_std: -1.000
epoch: 109 	 pol:    -0.10 	 val:    13.93 	 clipfrac: 0.40 	 return:  -114.34 	 ep_len:   811.4 	 log_std: -1.000
epoch: 110 	 pol:    -0.11 	 val:    13.74 	 clipfrac: 0.43 	 return:  -152.85 	 ep_len:  1001.4 	 log_std: -1.000
epoch: 111 	 pol:    -0.15 	 val:    18.12 	 clipfrac: 0.38 	 return:  -115.56 	 ep_len:   763.3 	 log_std: -1.000
epoch: 112 	 pol:    -0.06 	 val:    14.00 	 clipfrac: 0.33 	 return:  -109.21 	 ep_len:  1004.4 	 log_std: -1.000
epoch: 113 	 pol:    -0.04 	 val:    11.44 	 clipfrac: 0.34 	 return:  -139.00 	 ep_len:  1185.1 	 log_std: -1.000
epoch: 114 	 pol:    -0.01 	 val:     8.38 	 clipfrac: 0.40 	 return:  -118.44 	 ep_len:  1378.3 	 log_std: -1.000
epoch: 115 	 pol:    -0.09 	 val:    23.75 	 clipfrac: 0.45 	 return:  -119.20 	 ep_len:   678.2 	 log_std: -1.000
epoch: 116 	 pol:    -0.03 	 val:     8.47 	 clipfrac: 0.31 	 return:  -115.54 	 ep_len:  1238.7 	 log_std: -1.000
epoch: 117 	 pol:    -0.01 	 val:    23.39 	 clipfrac: 0.30 	 return:  -124.90 	 ep_len:   769.4 	 log_std: -1.000
epoch: 118 	 pol:     0.03 	 val:    29.81 	 clipfrac: 0.40 	 return:  -150.56 	 ep_len:   746.6 	 log_std: -1.000
epoch: 119 	 pol:    -0.05 	 val:    10.47 	 clipfrac: 0.38 	 return:  -109.66 	 ep_len:  1157.8 	 log_std: -1.000
epoch: 120 	 pol:     0.01 	 val:    21.58 	 clipfrac: 0.31 	 return:  -135.45 	 ep_len:   834.3 	 log_std: -1.000
epoch: 121 	 pol:    -0.00 	 val:    16.34 	 clipfrac: 0.33 	 return:  -145.85 	 ep_len:  1094.8 	 log_std: -1.000
epoch: 122 	 pol:    -0.40 	 val:    42.83 	 clipfrac: 0.49 	 return:  -131.14 	 ep_len:   506.5 	 log_std: -1.000
epoch: 123 	 pol:    -0.03 	 val:    26.82 	 clipfrac: 0.34 	 return:  -125.55 	 ep_len:   768.9 	 log_std: -1.000
epoch: 124 	 pol:     0.11 	 val:    23.43 	 clipfrac: 0.34 	 return:  -142.08 	 ep_len:  1092.9 	 log_std: -1.000
epoch: 125 	 pol:    -0.10 	 val:    13.82 	 clipfrac: 0.36 	 return:  -122.09 	 ep_len:  1182.6 	 log_std: -1.000
epoch: 126 	 pol:    -0.12 	 val:    21.79 	 clipfrac: 0.36 	 return:  -113.62 	 ep_len:   761.5 	 log_std: -1.000
epoch: 127 	 pol:    -0.11 	 val:    21.97 	 clipfrac: 0.31 	 return:  -155.64 	 ep_len:  1041.8 	 log_std: -1.000
epoch: 128 	 pol:    -0.14 	 val:    29.82 	 clipfrac: 0.41 	 return:  -136.74 	 ep_len:   678.8 	 log_std: -1.000
epoch: 129 	 pol:    -0.28 	 val:    32.74 	 clipfrac: 0.32 	 return:  -137.51 	 ep_len:   672.2 	 log_std: -1.000
epoch: 130 	 pol:    -0.05 	 val:    31.47 	 clipfrac: 0.35 	 return:  -133.19 	 ep_len:   745.8 	 log_std: -1.000
epoch: 131 	 pol:    -0.27 	 val:    47.54 	 clipfrac: 0.38 	 return:  -133.12 	 ep_len:   459.8 	 log_std: -1.000
epoch: 132 	 pol:    -0.02 	 val:    40.01 	 clipfrac: 0.34 	 return:  -144.99 	 ep_len:   640.8 	 log_std: -1.000
epoch: 133 	 pol:    -0.15 	 val:    40.33 	 clipfrac: 0.30 	 return:  -143.99 	 ep_len:   609.7 	 log_std: -1.000
epoch: 134 	 pol:    -0.24 	 val:    47.28 	 clipfrac: 0.33 	 return:  -142.90 	 ep_len:   587.6 	 log_std: -1.000
epoch: 135 	 pol:     0.13 	 val:    14.26 	 clipfrac: 0.40 	 return:  -123.93 	 ep_len:  1169.4 	 log_std: -1.000
epoch: 136 	 pol:    -0.41 	 val:    36.19 	 clipfrac: 0.43 	 return:  -131.74 	 ep_len:   494.8 	 log_std: -1.000
epoch: 137 	 pol:    -0.32 	 val:    34.14 	 clipfrac: 0.38 	 return:  -141.00 	 ep_len:   634.1 	 log_std: -1.000
epoch: 138 	 pol:    -0.82 	 val:    44.72 	 clipfrac: 0.34 	 return:  -138.20 	 ep_len:   501.9 	 log_std: -1.000
epoch: 139 	 pol:    -0.09 	 val:    38.04 	 clipfrac: 0.33 	 return:  -142.14 	 ep_len:   634.6 	 log_std: -1.000
epoch: 140 	 pol:    -0.40 	 val:    32.84 	 clipfrac: 0.35 	 return:  -145.99 	 ep_len:   718.2 	 log_std: -1.000
epoch: 141 	 pol:    -0.43 	 val:    34.45 	 clipfrac: 0.33 	 return:  -125.12 	 ep_len:   579.1 	 log_std: -1.000
epoch: 142 	 pol:    -1.22 	 val:    54.25 	 clipfrac: 0.37 	 return:  -126.58 	 ep_len:   334.8 	 log_std: -1.000
epoch: 143 	 pol:    -0.17 	 val:    58.39 	 clipfrac: 0.34 	 return:  -125.43 	 ep_len:   301.2 	 log_std: -1.000
epoch: 144 	 pol:    -0.26 	 val:    45.17 	 clipfrac: 0.35 	 return:  -129.55 	 ep_len:   420.1 	 log_std: -1.000
epoch: 145 	 pol:    -2.04 	 val:    50.64 	 clipfrac: 0.39 	 return:  -129.36 	 ep_len:   371.0 	 log_std: -1.000
epoch: 146 	 pol:    -1.51 	 val:    75.57 	 clipfrac: 0.35 	 return:  -125.43 	 ep_len:   236.2 	 log_std: -1.000
epoch: 147 	 pol:    -6.20 	 val:    95.78 	 clipfrac: 0.38 	 return:  -127.33 	 ep_len:   162.4 	 log_std: -1.000
epoch: 148 	 pol:    45.84 	 val:   431.46 	 clipfrac: 0.82 	 return:  -123.47 	 ep_len:    43.8 	 log_std: -0.999
epoch: 149 	 pol:   -40.35 	 val:    30.48 	 clipfrac: 0.66 	 return:  -123.61 	 ep_len:    42.6 	 log_std: -1.000
Saved rollout gif -> bipedal_walker_gifs/epoch_0150.gif
epoch: 150 	 pol:   -48.54 	 val:    20.33 	 clipfrac: 0.42 	 return:  -124.06 	 ep_len:    41.8 	 log_std: -1.000
epoch: 151 	 pol:   -62.57 	 val:    14.58 	 clipfrac: 0.81 	 return:  -124.12 	 ep_len:    41.9 	 log_std: -1.000
epoch: 152 	 pol:   -78.55 	 val:    10.99 	 clipfrac: 0.77 	 return:  -124.14 	 ep_len:    42.0 	 log_std: -1.000
epoch: 153 	 pol:  -102.11 	 val:     8.92 	 clipfrac: 0.59 	 return:  -123.94 	 ep_len:    41.6 	 log_std: -1.000
epoch: 154 	 pol:  -171.67 	 val:     8.15 	 clipfrac: 0.39 	 return:  -123.78 	 ep_len:    41.8 	 log_std: -1.000
epoch: 155 	 pol:  -129.79 	 val:     8.40 	 clipfrac: 0.44 	 return:  -123.59 	 ep_len:    41.9 	 log_std: -1.000
epoch: 156 	 pol:  -170.78 	 val:     8.43 	 clipfrac: 0.42 	 return:  -123.51 	 ep_len:    41.7 	 log_std: -1.000
epoch: 157 	 pol:   -91.19 	 val:     7.54 	 clipfrac: 0.45 	 return:  -123.67 	 ep_len:    41.5 	 log_std: -1.000
epoch: 158 	 pol:  -122.60 	 val:     6.92 	 clipfrac: 0.47 	 return:  -123.70 	 ep_len:    41.4 	 log_std: -1.000
epoch: 159 	 pol:  -266.33 	 val:     6.20 	 clipfrac: 0.42 	 return:  -123.75 	 ep_len:    41.4 	 log_std: -1.000
epoch: 160 	 pol:  -150.44 	 val:     5.48 	 clipfrac: 0.43 	 return:  -123.82 	 ep_len:    41.3 	 log_std: -1.000
epoch: 161 	 pol:  -304.75 	 val:     5.06 	 clipfrac: 0.45 	 return:  -123.73 	 ep_len:    41.6 	 log_std: -1.000
epoch: 162 	 pol:  -674.76 	 val:     4.31 	 clipfrac: 0.53 	 return:  -123.61 	 ep_len:    41.9 	 log_std: -1.000
epoch: 163 	 pol:  -433.69 	 val:     4.11 	 clipfrac: 0.53 	 return:  -123.64 	 ep_len:    41.8 	 log_std: -1.000
epoch: 164 	 pol:  -404.60 	 val:     4.29 	 clipfrac: 0.52 	 return:  -123.68 	 ep_len:    41.7 	 log_std: -1.000
epoch: 165 	 pol:  -324.82 	 val:     4.86 	 clipfrac: 0.55 	 return:  -123.67 	 ep_len:    41.7 	 log_std: -1.000
epoch: 166 	 pol:  -254.19 	 val:     4.89 	 clipfrac: 0.54 	 return:  -123.74 	 ep_len:    41.5 	 log_std: -1.000
epoch: 167 	 pol: -1288.14 	 val:     4.60 	 clipfrac: 0.54 	 return:  -123.78 	 ep_len:    41.4 	 log_std: -1.000
epoch: 168 	 pol:  -481.62 	 val:     4.88 	 clipfrac: 0.52 	 return:  -123.77 	 ep_len:    41.4 	 log_std: -1.000
epoch: 169 	 pol:  -176.37 	 val:     4.26 	 clipfrac: 0.48 	 return:  -123.84 	 ep_len:    41.2 	 log_std: -1.000
epoch: 170 	 pol: -2574.30 	 val:     2.38 	 clipfrac: 0.47 	 return:  -123.56 	 ep_len:    42.0 	 log_std: -1.000
epoch: 171 	 pol:    21.21 	 val:     2.73 	 clipfrac: 0.55 	 return:  -123.63 	 ep_len:    41.8 	 log_std: -1.000
epoch: 172 	 pol:   -84.08 	 val:     3.21 	 clipfrac: 0.55 	 return:  -123.66 	 ep_len:    41.7 	 log_std: -1.000
epoch: 173 	 pol:  -506.43 	 val:     3.68 	 clipfrac: 0.55 	 return:  -123.69 	 ep_len:    41.6 	 log_std: -1.000
epoch: 174 	 pol:  -683.22 	 val:     3.64 	 clipfrac: 0.57 	 return:  -123.73 	 ep_len:    41.6 	 log_std: -1.000
epoch: 175 	 pol:  -447.77 	 val:     4.09 	 clipfrac: 0.56 	 return:  -123.77 	 ep_len:    41.4 	 log_std: -1.000
epoch: 176 	 pol:   -21.92 	 val:     4.33 	 clipfrac: 0.55 	 return:  -123.78 	 ep_len:    41.4 	 log_std: -1.000
epoch: 177 	 pol:  -294.80 	 val:     3.97 	 clipfrac: 0.52 	 return:  -123.86 	 ep_len:    41.2 	 log_std: -1.000
epoch: 178 	 pol: -3588.27 	 val:     3.28 	 clipfrac: 0.52 	 return:  -123.69 	 ep_len:    41.6 	 log_std: -1.000
epoch: 179 	 pol: -5441.52 	 val:     1.94 	 clipfrac: 0.56 	 return:  -123.59 	 ep_len:    41.9 	 log_std: -1.000
epoch: 180 	 pol:    61.10 	 val:     2.24 	 clipfrac: 0.60 	 return:  -123.66 	 ep_len:    41.8 	 log_std: -1.000
epoch: 181 	 pol: -1117.09 	 val:     2.79 	 clipfrac: 0.53 	 return:  -123.67 	 ep_len:    41.7 	 log_std: -1.000
epoch: 182 	 pol:  -813.88 	 val:     3.13 	 clipfrac: 0.59 	 return:  -123.68 	 ep_len:    41.6 	 log_std: -1.000
epoch: 183 	 pol:   495.25 	 val:     3.47 	 clipfrac: 0.60 	 return:  -123.75 	 ep_len:    41.5 	 log_std: -1.000
epoch: 184 	 pol:  -487.07 	 val:     3.87 	 clipfrac: 0.60 	 return:  -123.76 	 ep_len:    41.4 	 log_std: -1.000
epoch: 185 	 pol:   746.71 	 val:     3.27 	 clipfrac: 0.59 	 return:  -123.84 	 ep_len:    41.3 	 log_std: -1.000
epoch: 186 	 pol: -1666.44 	 val:     2.95 	 clipfrac: 0.56 	 return:  -123.82 	 ep_len:    41.3 	 log_std: -1.000
epoch: 187 	 pol: -6883.46 	 val:     1.21 	 clipfrac: 0.55 	 return:  -123.60 	 ep_len:    41.9 	 log_std: -1.000
epoch: 188 	 pol: -3432.61 	 val:     1.43 	 clipfrac: 0.58 	 return:  -123.63 	 ep_len:    41.8 	 log_std: -1.000
epoch: 189 	 pol:  -962.36 	 val:     1.57 	 clipfrac: 0.54 	 return:  -123.63 	 ep_len:    41.8 	 log_std: -1.000
epoch: 190 	 pol: -2185.68 	 val:     1.89 	 clipfrac: 0.57 	 return:  -123.69 	 ep_len:    41.7 	 log_std: -1.000
epoch: 191 	 pol: -4437.67 	 val:     1.94 	 clipfrac: 0.55 	 return:  -123.75 	 ep_len:    41.5 	 log_std: -1.000
epoch: 192 	 pol:    17.00 	 val:     1.95 	 clipfrac: 0.57 	 return:  -123.78 	 ep_len:    41.4 	 log_std: -1.000
epoch: 193 	 pol:  1013.35 	 val:     1.90 	 clipfrac: 0.57 	 return:  -123.82 	 ep_len:    41.3 	 log_std: -1.000
epoch: 194 	 pol:   265.78 	 val:     2.13 	 clipfrac: 0.60 	 return:  -123.81 	 ep_len:    41.3 	 log_std: -1.000
epoch: 195 	 pol: -9412.64 	 val:     1.32 	 clipfrac: 0.55 	 return:  -123.67 	 ep_len:    41.7 	 log_std: -1.000
epoch: 196 	 pol: -14247.26 	 val:     0.60 	 clipfrac: 0.56 	 return:  -123.60 	 ep_len:    41.9 	 log_std: -1.000
epoch: 197 	 pol: -2131.56 	 val:     0.90 	 clipfrac: 0.61 	 return:  -123.65 	 ep_len:    41.8 	 log_std: -1.000
epoch: 198 	 pol:  1549.98 	 val:     1.09 	 clipfrac: 0.53 	 return:  -123.71 	 ep_len:    41.6 	 log_std: -1.000
epoch: 199 	 pol: -13551.03 	 val:     1.05 	 clipfrac: 0.53 	 return:  -123.73 	 ep_len:    41.6 	 log_std: -1.000
Saved rollout gif -> bipedal_walker_gifs/epoch_0200.gif
epoch: 200 	 pol: -1915.80 	 val:     1.19 	 clipfrac: 0.57 	 return:  -123.71 	 ep_len:    41.6 	 log_std: -1.000
epoch: 201 	 pol:  7406.62 	 val:     0.99 	 clipfrac: 0.59 	 return:  -123.83 	 ep_len:    41.3 	 log_std: -1.000
epoch: 202 	 pol:  2548.05 	 val:     0.96 	 clipfrac: 0.61 	 return:  -123.82 	 ep_len:    41.3 	 log_std: -1.000
epoch: 203 	 pol: -11308.47 	 val:     0.72 	 clipfrac: 0.53 	 return:  -123.85 	 ep_len:    41.3 	 log_std: -1.000
epoch: 204 	 pol: -27360.22 	 val:     0.41 	 clipfrac: 0.60 	 return:  -123.59 	 ep_len:    41.9 	 log_std: -1.000
epoch: 205 	 pol: -18567.50 	 val:     0.46 	 clipfrac: 0.54 	 return:  -123.64 	 ep_len:    41.8 	 log_std: -1.000
epoch: 206 	 pol:  -954.68 	 val:     0.59 	 clipfrac: 0.54 	 return:  -123.67 	 ep_len:    41.7 	 log_std: -1.000
epoch: 207 	 pol: -5048.39 	 val:     0.60 	 clipfrac: 0.52 	 return:  -123.69 	 ep_len:    41.6 	 log_std: -1.000
epoch: 208 	 pol: -4893.90 	 val:     0.68 	 clipfrac: 0.55 	 return:  -123.71 	 ep_len:    41.6 	 log_std: -1.000
epoch: 209 	 pol:  1691.55 	 val:     0.64 	 clipfrac: 0.56 	 return:  -123.79 	 ep_len:    41.4 	 log_std: -1.000
epoch: 210 	 pol: -11655.47 	 val:     0.54 	 clipfrac: 0.56 	 return:  -123.84 	 ep_len:    41.3 	 log_std: -1.000
epoch: 211 	 pol: -4139.28 	 val:     0.64 	 clipfrac: 0.60 	 return:  -123.79 	 ep_len:    41.3 	 log_std: -1.000
epoch: 212 	 pol: -34507.53 	 val:     0.38 	 clipfrac: 0.53 	 return:  -123.65 	 ep_len:    41.8 	 log_std: -1.000
epoch: 213 	 pol: -41298.70 	 val:     0.36 	 clipfrac: 0.61 	 return:  -123.60 	 ep_len:    41.9 	 log_std: -1.000
epoch: 214 	 pol: -8989.72 	 val:     0.49 	 clipfrac: 0.47 	 return:  -123.64 	 ep_len:    41.8 	 log_std: -1.000
epoch: 215 	 pol: -11224.66 	 val:     0.39 	 clipfrac: 0.47 	 return:  -123.68 	 ep_len:    41.7 	 log_std: -1.000
epoch: 216 	 pol:  2936.87 	 val:     0.48 	 clipfrac: 0.51 	 return:  -123.70 	 ep_len:    41.6 	 log_std: -1.000
epoch: 217 	 pol: -27274.44 	 val:     0.42 	 clipfrac: 0.48 	 return:  -123.77 	 ep_len:    41.5 	 log_std: -1.000
epoch: 218 	 pol: -36255.61 	 val:     0.40 	 clipfrac: 0.54 	 return:  -123.79 	 ep_len:    41.4 	 log_std: -1.000
epoch: 219 	 pol: -11663.12 	 val:     0.46 	 clipfrac: 0.57 	 return:  -123.82 	 ep_len:    41.3 	 log_std: -1.000
epoch: 220 	 pol: -39839.97 	 val:     0.47 	 clipfrac: 0.60 	 return:  -123.77 	 ep_len:    41.4 	 log_std: -1.000
epoch: 221 	 pol: -95096.19 	 val:     0.18 	 clipfrac: 0.50 	 return:  -123.60 	 ep_len:    41.9 	 log_std: -1.000
epoch: 222 	 pol: -15801.42 	 val:     0.41 	 clipfrac: 0.58 	 return:  -123.62 	 ep_len:    41.8 	 log_std: -1.000
epoch: 223 	 pol: -71273.66 	 val:     0.27 	 clipfrac: 0.45 	 return:  -123.69 	 ep_len:    41.7 	 log_std: -1.000
epoch: 224 	 pol: 28677.11 	 val:     0.34 	 clipfrac: 0.55 	 return:  -123.71 	 ep_len:    41.6 	 log_std: -1.000
epoch: 225 	 pol: 20177.04 	 val:     0.37 	 clipfrac: 0.57 	 return:  -123.75 	 ep_len:    41.5 	 log_std: -1.000
epoch: 226 	 pol: -21852.27 	 val:     0.44 	 clipfrac: 0.59 	 return:  -123.73 	 ep_len:    41.5 	 log_std: -1.000
epoch: 227 	 pol: -1926.59 	 val:     0.49 	 clipfrac: 0.62 	 return:  -123.78 	 ep_len:    41.4 	 log_std: -1.000
epoch: 228 	 pol: 33159.89 	 val:     0.47 	 clipfrac: 0.61 	 return:  -123.81 	 ep_len:    41.3 	 log_std: -1.000
epoch: 229 	 pol: -86948.52 	 val:     0.22 	 clipfrac: 0.57 	 return:  -123.62 	 ep_len:    41.8 	 log_std: -1.000
epoch: 230 	 pol: -68547.90 	 val:     0.17 	 clipfrac: 0.61 	 return:  -123.61 	 ep_len:    41.9 	 log_std: -1.000
epoch: 231 	 pol: -43375.06 	 val:     0.25 	 clipfrac: 0.56 	 return:  -123.62 	 ep_len:    41.8 	 log_std: -1.000
epoch: 232 	 pol:  4632.70 	 val:     0.31 	 clipfrac: 0.54 	 return:  -123.68 	 ep_len:    41.7 	 log_std: -1.000
epoch: 233 	 pol: -9257.07 	 val:     0.33 	 clipfrac: 0.54 	 return:  -123.69 	 ep_len:    41.6 	 log_std: -1.000
epoch: 234 	 pol: 10779.37 	 val:     0.35 	 clipfrac: 0.54 	 return:  -123.73 	 ep_len:    41.5 	 log_std: -1.000
epoch: 235 	 pol: -171767.18 	 val:     0.31 	 clipfrac: 0.50 	 return:  -123.77 	 ep_len:    41.4 	 log_std: -1.000
epoch: 236 	 pol:  7486.60 	 val:     0.35 	 clipfrac: 0.56 	 return:  -123.80 	 ep_len:    41.3 	 log_std: -1.000
epoch: 237 	 pol: -52876.69 	 val:     0.37 	 clipfrac: 0.54 	 return:  -123.71 	 ep_len:    41.6 	 log_std: -1.000
epoch: 238 	 pol: -70339.13 	 val:     0.15 	 clipfrac: 0.52 	 return:  -123.60 	 ep_len:    41.9 	 log_std: -1.000
epoch: 239 	 pol: 10772.83 	 val:     0.19 	 clipfrac: 0.53 	 return:  -123.64 	 ep_len:    41.8 	 log_std: -1.000
epoch: 240 	 pol:  2156.51 	 val:     0.22 	 clipfrac: 0.49 	 return:  -123.64 	 ep_len:    41.8 	 log_std: -1.000
epoch: 241 	 pol: -83471.48 	 val:     0.22 	 clipfrac: 0.48 	 return:  -123.71 	 ep_len:    41.6 	 log_std: -1.000
epoch: 242 	 pol: -24656.18 	 val:     0.25 	 clipfrac: 0.50 	 return:  -123.74 	 ep_len:    41.5 	 log_std: -1.000
epoch: 243 	 pol: 33746.03 	 val:     0.27 	 clipfrac: 0.54 	 return:  -123.81 	 ep_len:    41.4 	 log_std: -1.000
epoch: 244 	 pol: -41606.80 	 val:     0.24 	 clipfrac: 0.50 	 return:  -123.83 	 ep_len:    41.3 	 log_std: -1.000
epoch: 245 	 pol: -32664.44 	 val:     0.28 	 clipfrac: 0.55 	 return:  -123.86 	 ep_len:    41.2 	 log_std: -1.000
epoch: 246 	 pol: -254090.54 	 val:     0.14 	 clipfrac: 0.48 	 return:  -123.61 	 ep_len:    41.9 	 log_std: -1.000
epoch: 247 	 pol: -59441.25 	 val:     0.18 	 clipfrac: 0.56 	 return:  -123.63 	 ep_len:    41.8 	 log_std: -1.000
epoch: 248 	 pol: -58694.39 	 val:     0.20 	 clipfrac: 0.50 	 return:  -123.64 	 ep_len:    41.8 	 log_std: -1.000
epoch: 249 	 pol: 20313.64 	 val:     0.29 	 clipfrac: 0.53 	 return:  -123.68 	 ep_len:    41.7 	 log_std: -1.000
Saved rollout gif -> bipedal_walker_gifs/epoch_0250.gif
epoch: 250 	 pol: -58550.99 	 val:     0.59 	 clipfrac: 0.52 	 return:  -123.71 	 ep_len:    41.6 	 log_std: -1.000
epoch: 251 	 pol: 10359.95 	 val:     0.66 	 clipfrac: 0.58 	 return:  -123.74 	 ep_len:    41.5 	 log_std: -1.000
epoch: 252 	 pol: -58540.15 	 val:     0.67 	 clipfrac: 0.53 	 return:  -123.76 	 ep_len:    41.4 	 log_std: -1.000
epoch: 253 	 pol: -39277.27 	 val:     0.64 	 clipfrac: 0.57 	 return:  -123.84 	 ep_len:    41.3 	 log_std: -1.000
epoch: 254 	 pol: -138822.64 	 val:     0.61 	 clipfrac: 0.55 	 return:  -123.72 	 ep_len:    41.6 	 log_std: -1.000
epoch: 255 	 pol: -212854.46 	 val:     0.33 	 clipfrac: 0.51 	 return:  -123.59 	 ep_len:    41.9 	 log_std: -1.000
epoch: 256 	 pol: 85653.49 	 val:     0.53 	 clipfrac: 0.52 	 return:  -123.64 	 ep_len:    41.8 	 log_std: -1.000
epoch: 257 	 pol: -8054.19 	 val:     0.67 	 clipfrac: 0.44 	 return:  -123.69 	 ep_len:    41.7 	 log_std: -1.000
epoch: 258 	 pol:  1758.43 	 val:     0.83 	 clipfrac: 0.51 	 return:  -123.71 	 ep_len:    41.6 	 log_std: -1.000
epoch: 259 	 pol: -67205.06 	 val:     0.85 	 clipfrac: 0.51 	 return:  -123.74 	 ep_len:    41.5 	 log_std: -1.000
epoch: 260 	 pol:  6853.50 	 val:     0.79 	 clipfrac: 0.54 	 return:  -123.81 	 ep_len:    41.4 	 log_std: -1.000
epoch: 261 	 pol: -5760.20 	 val:     0.87 	 clipfrac: 0.58 	 return:  -123.83 	 ep_len:    41.3 	 log_std: -1.000
epoch: 262 	 pol: -10419.93 	 val:     1.10 	 clipfrac: 0.59 	 return:  -123.79 	 ep_len:    41.3 	 log_std: -1.000
epoch: 263 	 pol: -507919.25 	 val:     0.29 	 clipfrac: 0.44 	 return:  -123.59 	 ep_len:    41.9 	 log_std: -1.000
epoch: 264 	 pol: -79345.60 	 val:     0.42 	 clipfrac: 0.51 	 return:  -123.64 	 ep_len:    41.8 	 log_std: -1.000
epoch: 265 	 pol:   -75.34 	 val:     0.56 	 clipfrac: 0.52 	 return:  -123.67 	 ep_len:    41.7 	 log_std: -1.000
epoch: 266 	 pol: -20685.34 	 val:     0.75 	 clipfrac: 0.49 	 return:  -123.68 	 ep_len:    41.7 	 log_std: -1.000
epoch: 267 	 pol: -379078.15 	 val:     0.82 	 clipfrac: 0.50 	 return:  -123.69 	 ep_len:    41.6 	 log_std: -1.000
epoch: 268 	 pol:  4973.05 	 val:     0.82 	 clipfrac: 0.50 	 return:  -123.77 	 ep_len:    41.5 	 log_std: -1.000
epoch: 269 	 pol: -72446.51 	 val:     0.77 	 clipfrac: 0.57 	 return:  -123.80 	 ep_len:    41.3 	 log_std: -1.000
epoch: 270 	 pol:  8484.13 	 val:     0.98 	 clipfrac: 0.57 	 return:  -123.78 	 ep_len:    41.3 	 log_std: -1.000
epoch: 271 	 pol: -256921.92 	 val:     0.70 	 clipfrac: 0.46 	 return:  -123.73 	 ep_len:    41.6 	 log_std: -1.000
epoch: 272 	 pol: -380978.21 	 val:     0.51 	 clipfrac: 0.51 	 return:  -123.59 	 ep_len:    41.9 	 log_std: -1.000
epoch: 273 	 pol: 93840.09 	 val:     0.61 	 clipfrac: 0.56 	 return:  -123.63 	 ep_len:    41.8 	 log_std: -1.000
epoch: 274 	 pol: 52135.95 	 val:     0.74 	 clipfrac: 0.54 	 return:  -123.67 	 ep_len:    41.7 	 log_std: -1.000
epoch: 275 	 pol: -406458.32 	 val:     0.99 	 clipfrac: 0.53 	 return:  -123.69 	 ep_len:    41.6 	 log_std: -1.000
epoch: 276 	 pol: -94913.18 	 val:     1.07 	 clipfrac: 0.46 	 return:  -123.70 	 ep_len:    41.6 	 log_std: -1.000
epoch: 277 	 pol: -68552.68 	 val:     0.91 	 clipfrac: 0.48 	 return:  -123.78 	 ep_len:    41.4 	 log_std: -1.000
epoch: 278 	 pol: 267779.58 	 val:     0.79 	 clipfrac: 0.59 	 return:  -123.83 	 ep_len:    41.3 	 log_std: -1.000
epoch: 279 	 pol: -31781.74 	 val:     0.78 	 clipfrac: 0.54 	 return:  -123.83 	 ep_len:    41.3 	 log_std: -1.000
epoch: 280 	 pol: -765169.88 	 val:     0.45 	 clipfrac: 0.45 	 return:  -123.58 	 ep_len:    41.9 	 log_std: -1.000
epoch: 281 	 pol: -214138.29 	 val:     0.52 	 clipfrac: 0.57 	 return:  -123.61 	 ep_len:    41.9 	 log_std: -1.000
epoch: 282 	 pol: 129464.86 	 val:     0.64 	 clipfrac: 0.55 	 return:  -123.66 	 ep_len:    41.7 	 log_std: -1.000
epoch: 283 	 pol: -77332.40 	 val:     0.78 	 clipfrac: 0.42 	 return:  -123.67 	 ep_len:    41.7 	 log_std: -1.000
epoch: 284 	 pol: 94151.83 	 val:     0.79 	 clipfrac: 0.49 	 return:  -123.72 	 ep_len:    41.6 	 log_std: -1.000
epoch: 285 	 pol: -241728.77 	 val:     0.67 	 clipfrac: 0.52 	 return:  -123.78 	 ep_len:    41.4 	 log_std: -1.000
epoch: 286 	 pol: -221851.42 	 val:     0.73 	 clipfrac: 0.50 	 return:  -123.80 	 ep_len:    41.4 	 log_std: -1.000
epoch: 287 	 pol: 135641.41 	 val:     0.72 	 clipfrac: 0.55 	 return:  -123.84 	 ep_len:    41.2 	 log_std: -1.000
epoch: 288 	 pol: -516784.46 	 val:     0.71 	 clipfrac: 0.41 	 return:  -123.66 	 ep_len:    41.7 	 log_std: -1.000
epoch: 289 	 pol: -144876.46 	 val:     0.45 	 clipfrac: 0.52 	 return:  -123.60 	 ep_len:    41.9 	 log_std: -1.000
epoch: 290 	 pol: -74252.12 	 val:     0.53 	 clipfrac: 0.53 	 return:  -123.63 	 ep_len:    41.8 	 log_std: -1.000
epoch: 291 	 pol: 209201.55 	 val:     0.56 	 clipfrac: 0.51 	 return:  -123.68 	 ep_len:    41.7 	 log_std: -1.000
epoch: 292 	 pol: -133129.56 	 val:     0.49 	 clipfrac: 0.43 	 return:  -123.73 	 ep_len:    41.6 	 log_std: -1.000
epoch: 293 	 pol: -555265.54 	 val:     0.61 	 clipfrac: 0.43 	 return:  -123.74 	 ep_len:    41.5 	 log_std: -1.000
epoch: 294 	 pol: -376377.20 	 val:     0.58 	 clipfrac: 0.49 	 return:  -123.78 	 ep_len:    41.4 	 log_std: -1.000
epoch: 295 	 pol: -162381.42 	 val:     0.61 	 clipfrac: 0.52 	 return:  -123.83 	 ep_len:    41.3 	 log_std: -1.000
epoch: 296 	 pol: -101400.66 	 val:     0.55 	 clipfrac: 0.54 	 return:  -123.83 	 ep_len:    41.3 	 log_std: -1.000
epoch: 297 	 pol: -129057.12 	 val:     0.27 	 clipfrac: 0.64 	 return:  -123.60 	 ep_len:    41.9 	 log_std: -1.000
epoch: 298 	 pol: 298574.29 	 val:     0.30 	 clipfrac: 0.57 	 return:  -123.63 	 ep_len:    41.8 	 log_std: -1.000
epoch: 299 	 pol: -862070.46 	 val:     0.32 	 clipfrac: 0.44 	 return:  -123.66 	 ep_len:    41.7 	 log_std: -1.000
Saved rollout gif -> bipedal_walker_gifs/epoch_0300.gif
epoch: 300 	 pol: -206501.46 	 val:     0.36 	 clipfrac: 0.45 	 return:  -123.70 	 ep_len:    41.6 	 log_std: -1.000
epoch: 301 	 pol: -352166.35 	 val:     0.49 	 clipfrac: 0.49 	 return:  -123.71 	 ep_len:    41.6 	 log_std: -1.000
epoch: 302 	 pol: 54256.49 	 val:     0.51 	 clipfrac: 0.48 	 return:  -123.78 	 ep_len:    41.4 	 log_std: -1.000
epoch: 303 	 pol: 100567.61 	 val:     0.44 	 clipfrac: 0.52 	 return:  -123.82 	 ep_len:    41.3 	 log_std: -1.000
epoch: 304 	 pol: -148890.18 	 val:     0.49 	 clipfrac: 0.52 	 return:  -123.81 	 ep_len:    41.3 	 log_std: -1.000
epoch: 305 	 pol: -416262.17 	 val:     0.32 	 clipfrac: 0.54 	 return:  -123.66 	 ep_len:    41.7 	 log_std: -1.000
epoch: 306 	 pol: -559843.24 	 val:     0.20 	 clipfrac: 0.55 	 return:  -123.61 	 ep_len:    41.9 	 log_std: -1.000
epoch: 307 	 pol: 213398.12 	 val:     0.21 	 clipfrac: 0.58 	 return:  -123.64 	 ep_len:    41.8 	 log_std: -1.000
epoch: 308 	 pol: -136830.73 	 val:     0.29 	 clipfrac: 0.50 	 return:  -123.69 	 ep_len:    41.7 	 log_std: -1.000
epoch: 309 	 pol: -689727.57 	 val:     0.26 	 clipfrac: 0.43 	 return:  -123.72 	 ep_len:    41.6 	 log_std: -1.000
epoch: 310 	 pol: -25312.52 	 val:     0.22 	 clipfrac: 0.50 	 return:  -123.77 	 ep_len:    41.5 	 log_std: -1.000
epoch: 311 	 pol: -30649.09 	 val:     0.27 	 clipfrac: 0.50 	 return:  -123.80 	 ep_len:    41.4 	 log_std: -1.000
epoch: 312 	 pol: -30116.52 	 val:     0.33 	 clipfrac: 0.54 	 return:  -123.83 	 ep_len:    41.3 	 log_std: -1.000
epoch: 313 	 pol: 97908.92 	 val:     0.49 	 clipfrac: 0.57 	 return:  -123.78 	 ep_len:    41.4 	 log_std: -1.000
epoch: 314 	 pol: -301647.75 	 val:     0.22 	 clipfrac: 0.56 	 return:  -123.59 	 ep_len:    41.9 	 log_std: -1.000
epoch: 315 	 pol: 114924.29 	 val:     0.21 	 clipfrac: 0.46 	 return:  -123.64 	 ep_len:    41.8 	 log_std: -1.000
epoch: 316 	 pol: 180114.55 	 val:     0.22 	 clipfrac: 0.45 	 return:  -123.69 	 ep_len:    41.7 	 log_std: -1.000
epoch: 317 	 pol: 29416.53 	 val:     0.35 	 clipfrac: 0.49 	 return:  -123.70 	 ep_len:    41.6 	 log_std: -1.000
epoch: 318 	 pol: 28029.24 	 val:     0.30 	 clipfrac: 0.44 	 return:  -123.74 	 ep_len:    41.5 	 log_std: -1.000
epoch: 319 	 pol: -140513.21 	 val:     0.38 	 clipfrac: 0.52 	 return:  -123.77 	 ep_len:    41.4 	 log_std: -1.000
epoch: 320 	 pol: 153482.91 	 val:     0.48 	 clipfrac: 0.55 	 return:  -123.79 	 ep_len:    41.4 	 log_std: -1.000
epoch: 321 	 pol: -615638.27 	 val:     0.44 	 clipfrac: 0.52 	 return:  -123.82 	 ep_len:    41.3 	 log_std: -1.000
epoch: 322 	 pol: -549673.53 	 val:     0.21 	 clipfrac: 0.53 	 return:  -123.64 	 ep_len:    41.8 	 log_std: -1.000
epoch: 323 	 pol: -279490.61 	 val:     0.11 	 clipfrac: 0.51 	 return:  -123.63 	 ep_len:    41.8 	 log_std: -1.000
epoch: 324 	 pol: -649957.70 	 val:     0.21 	 clipfrac: 0.49 	 return:  -123.65 	 ep_len:    41.8 	 log_std: -1.000
epoch: 325 	 pol: -128850.07 	 val:     0.28 	 clipfrac: 0.48 	 return:  -123.65 	 ep_len:    41.7 	 log_std: -1.000
epoch: 326 	 pol: -510365.80 	 val:     0.32 	 clipfrac: 0.43 	 return:  -123.68 	 ep_len:    41.7 	 log_std: -1.000
epoch: 327 	 pol: 364002.55 	 val:     0.31 	 clipfrac: 0.50 	 return:  -123.75 	 ep_len:    41.5 	 log_std: -1.000
epoch: 328 	 pol: 360612.40 	 val:     0.32 	 clipfrac: 0.53 	 return:  -123.81 	 ep_len:    41.3 	 log_std: -1.000
epoch: 329 	 pol: 76551.68 	 val:     0.29 	 clipfrac: 0.54 	 return:  -123.80 	 ep_len:    41.3 	 log_std: -1.000
epoch: 330 	 pol: -1550314.10 	 val:     0.25 	 clipfrac: 0.51 	 return:  -123.75 	 ep_len:    41.5 	 log_std: -1.000
epoch: 331 	 pol: 181709.50 	 val:     0.13 	 clipfrac: 0.56 	 return:  -123.57 	 ep_len:    41.9 	 log_std: -1.000
epoch: 332 	 pol: -164820.62 	 val:     0.17 	 clipfrac: 0.47 	 return:  -123.61 	 ep_len:    41.9 	 log_std: -1.000
epoch: 333 	 pol: -308819.92 	 val:     0.19 	 clipfrac: 0.42 	 return:  -123.65 	 ep_len:    41.8 	 log_std: -1.000
epoch: 334 	 pol: -497420.66 	 val:     0.20 	 clipfrac: 0.44 	 return:  -123.73 	 ep_len:    41.6 	 log_std: -1.000
epoch: 335 	 pol: -545908.15 	 val:     0.27 	 clipfrac: 0.50 	 return:  -123.72 	 ep_len:    41.5 	 log_std: -1.000
epoch: 336 	 pol: -399006.85 	 val:     0.28 	 clipfrac: 0.59 	 return:  -123.78 	 ep_len:    41.4 	 log_std: -1.000
epoch: 337 	 pol: 86539.11 	 val:     0.35 	 clipfrac: 0.54 	 return:  -123.78 	 ep_len:    41.4 	 log_std: -1.000
epoch: 338 	 pol: 464495.82 	 val:     0.26 	 clipfrac: 0.50 	 return:  -123.88 	 ep_len:    41.2 	 log_std: -1.000
epoch: 339 	 pol: 413109.14 	 val:     0.25 	 clipfrac: 0.57 	 return:  -123.61 	 ep_len:    41.9 	 log_std: -1.000
epoch: 340 	 pol: -257897.22 	 val:     0.28 	 clipfrac: 0.51 	 return:  -123.59 	 ep_len:    41.9 	 log_std: -1.000
epoch: 341 	 pol: 151437.48 	 val:     0.30 	 clipfrac: 0.51 	 return:  -123.65 	 ep_len:    41.8 	 log_std: -1.000
epoch: 342 	 pol: -25408.90 	 val:     0.38 	 clipfrac: 0.54 	 return:  -123.70 	 ep_len:    41.6 	 log_std: -1.000
epoch: 343 	 pol: -1236953.26 	 val:     0.48 	 clipfrac: 0.46 	 return:  -123.70 	 ep_len:    41.6 	 log_std: -1.000
epoch: 344 	 pol: -128725.48 	 val:     0.32 	 clipfrac: 0.52 	 return:  -123.77 	 ep_len:    41.4 	 log_std: -1.000
epoch: 345 	 pol: -230131.58 	 val:     0.53 	 clipfrac: 0.55 	 return:  -123.76 	 ep_len:    41.4 	 log_std: -1.000
epoch: 346 	 pol: -434748.79 	 val:     0.58 	 clipfrac: 0.54 	 return:  -123.79 	 ep_len:    41.3 	 log_std: -1.000
epoch: 347 	 pol: 929522.58 	 val:     0.40 	 clipfrac: 0.62 	 return:  -123.77 	 ep_len:    41.5 	 log_std: -1.000
epoch: 348 	 pol: -582474.18 	 val:     0.28 	 clipfrac: 0.59 	 return:  -123.59 	 ep_len:    41.9 	 log_std: -1.000
epoch: 349 	 pol: -313647.72 	 val:     0.39 	 clipfrac: 0.46 	 return:  -123.64 	 ep_len:    41.8 	 log_std: -1.000
Saved rollout gif -> bipedal_walker_gifs/epoch_0350.gif
epoch: 350 	 pol: 463212.55 	 val:     0.41 	 clipfrac: 0.48 	 return:  -123.68 	 ep_len:    41.7 	 log_std: -1.000
epoch: 351 	 pol: -44241.97 	 val:     0.32 	 clipfrac: 0.46 	 return:  -123.70 	 ep_len:    41.6 	 log_std: -1.000
epoch: 352 	 pol: 403759.32 	 val:     0.28 	 clipfrac: 0.46 	 return:  -123.76 	 ep_len:    41.5 	 log_std: -1.000
epoch: 353 	 pol: -993823.69 	 val:     0.37 	 clipfrac: 0.52 	 return:  -123.78 	 ep_len:    41.4 	 log_std: -1.000
epoch: 354 	 pol: -659421.70 	 val:     0.33 	 clipfrac: 0.53 	 return:  -123.83 	 ep_len:    41.3 	 log_std: -1.000
epoch: 355 	 pol: -559524.70 	 val:     0.41 	 clipfrac: 0.54 	 return:  -123.81 	 ep_len:    41.3 	 log_std: -1.000
epoch: 356 	 pol: -79477.59 	 val:     0.16 	 clipfrac: 0.65 	 return:  -123.59 	 ep_len:    41.9 	 log_std: -1.000
epoch: 357 	 pol: 24774.86 	 val:     0.13 	 clipfrac: 0.58 	 return:  -123.64 	 ep_len:    41.8 	 log_std: -1.000
epoch: 358 	 pol: -338891.30 	 val:     0.16 	 clipfrac: 0.50 	 return:  -123.62 	 ep_len:    41.8 	 log_std: -1.000
epoch: 359 	 pol: 807444.51 	 val:     0.17 	 clipfrac: 0.47 	 return:  -123.67 	 ep_len:    41.7 	 log_std: -1.000
epoch: 360 	 pol: 1617697.90 	 val:     0.17 	 clipfrac: 0.54 	 return:  -123.74 	 ep_len:    41.5 	 log_std: -1.000
epoch: 361 	 pol: 119394.56 	 val:     0.18 	 clipfrac: 0.55 	 return:  -123.76 	 ep_len:    41.5 	 log_std: -1.000
epoch: 362 	 pol: -116570.96 	 val:     0.15 	 clipfrac: 0.52 	 return:  -123.81 	 ep_len:    41.4 	 log_std: -1.000
epoch: 363 	 pol: 251496.30 	 val:     0.15 	 clipfrac: 0.63 	 return:  -123.79 	 ep_len:    41.3 	 log_std: -1.000
epoch: 364 	 pol: 351910.50 	 val:     0.14 	 clipfrac: 0.61 	 return:  -123.73 	 ep_len:    41.6 	 log_std: -1.000
epoch: 365 	 pol: -1026739.20 	 val:     0.06 	 clipfrac: 0.54 	 return:  -123.61 	 ep_len:    41.9 	 log_std: -1.000
epoch: 366 	 pol: -680794.65 	 val:     0.09 	 clipfrac: 0.51 	 return:  -123.63 	 ep_len:    41.8 	 log_std: -1.000
epoch: 367 	 pol: -1811071.38 	 val:     0.13 	 clipfrac: 0.47 	 return:  -123.68 	 ep_len:    41.7 	 log_std: -1.000
epoch: 368 	 pol: -510563.70 	 val:     0.12 	 clipfrac: 0.49 	 return:  -123.70 	 ep_len:    41.6 	 log_std: -1.000
epoch: 369 	 pol: 156100.69 	 val:     0.10 	 clipfrac: 0.56 	 return:  -123.77 	 ep_len:    41.5 	 log_std: -1.000
epoch: 370 	 pol: -596942.23 	 val:     0.19 	 clipfrac: 0.51 	 return:  -123.76 	 ep_len:    41.5 	 log_std: -1.000
epoch: 371 	 pol: -983402.19 	 val:     0.23 	 clipfrac: 0.54 	 return:  -123.76 	 ep_len:    41.4 	 log_std: -1.000
epoch: 372 	 pol: -1189045.51 	 val:     0.23 	 clipfrac: 0.51 	 return:  -123.85 	 ep_len:    41.2 	 log_std: -1.000
epoch: 373 	 pol: 280143.62 	 val:     0.12 	 clipfrac: 0.66 	 return:  -123.58 	 ep_len:    42.0 	 log_std: -1.000
epoch: 374 	 pol: -282960.36 	 val:     0.19 	 clipfrac: 0.54 	 return:  -123.58 	 ep_len:    41.9 	 log_std: -1.000
epoch: 375 	 pol: 878231.24 	 val:     0.21 	 clipfrac: 0.48 	 return:  -123.67 	 ep_len:    41.7 	 log_std: -1.000
epoch: 376 	 pol: -615106.55 	 val:     0.27 	 clipfrac: 0.48 	 return:  -123.69 	 ep_len:    41.7 	 log_std: -1.000
epoch: 377 	 pol: -2146241.80 	 val:     0.24 	 clipfrac: 0.42 	 return:  -123.74 	 ep_len:    41.5 	 log_std: -1.000
epoch: 378 	 pol: -401314.68 	 val:     0.27 	 clipfrac: 0.48 	 return:  -123.76 	 ep_len:    41.5 	 log_std: -1.000
epoch: 379 	 pol: -752739.32 	 val:     0.33 	 clipfrac: 0.49 	 return:  -123.78 	 ep_len:    41.4 	 log_std: -1.000
epoch: 380 	 pol: -949819.00 	 val:     0.27 	 clipfrac: 0.47 	 return:  -123.85 	 ep_len:    41.2 	 log_std: -1.000
epoch: 381 	 pol: 220886.40 	 val:     0.25 	 clipfrac: 0.66 	 return:  -123.71 	 ep_len:    41.6 	 log_std: -1.000
epoch: 382 	 pol: -41496.25 	 val:     0.11 	 clipfrac: 0.61 	 return:  -123.59 	 ep_len:    41.9 	 log_std: -1.000
epoch: 383 	 pol: 374108.40 	 val:     0.19 	 clipfrac: 0.50 	 return:  -123.63 	 ep_len:    41.8 	 log_std: -1.000
epoch: 384 	 pol: -1179771.80 	 val:     0.18 	 clipfrac: 0.49 	 return:  -123.64 	 ep_len:    41.8 	 log_std: -1.000
epoch: 385 	 pol: 367116.28 	 val:     0.25 	 clipfrac: 0.45 	 return:  -123.72 	 ep_len:    41.6 	 log_std: -1.000
epoch: 386 	 pol: -294146.21 	 val:     0.19 	 clipfrac: 0.52 	 return:  -123.77 	 ep_len:    41.4 	 log_std: -1.000
epoch: 387 	 pol: -729845.05 	 val:     0.20 	 clipfrac: 0.53 	 return:  -123.79 	 ep_len:    41.4 	 log_std: -1.000
epoch: 388 	 pol: -23692.24 	 val:     0.21 	 clipfrac: 0.52 	 return:  -123.82 	 ep_len:    41.3 	 log_std: -1.000
epoch: 389 	 pol: 2072289.12 	 val:     0.21 	 clipfrac: 0.60 	 return:  -123.85 	 ep_len:    41.3 	 log_std: -1.000
epoch: 390 	 pol: 1067598.06 	 val:     0.09 	 clipfrac: 0.61 	 return:  -123.59 	 ep_len:    41.9 	 log_std: -1.000
epoch: 391 	 pol: -607406.00 	 val:     0.09 	 clipfrac: 0.51 	 return:  -123.62 	 ep_len:    41.9 	 log_std: -1.000
epoch: 392 	 pol: 1023152.30 	 val:     0.12 	 clipfrac: 0.47 	 return:  -123.66 	 ep_len:    41.7 	 log_std: -1.000
epoch: 393 	 pol: 364226.90 	 val:     0.19 	 clipfrac: 0.47 	 return:  -123.69 	 ep_len:    41.6 	 log_std: -1.000
epoch: 394 	 pol: -537259.10 	 val:     0.19 	 clipfrac: 0.44 	 return:  -123.74 	 ep_len:    41.5 	 log_std: -1.000
epoch: 395 	 pol: 195558.50 	 val:     0.27 	 clipfrac: 0.47 	 return:  -123.71 	 ep_len:    41.5 	 log_std: -1.000
epoch: 396 	 pol: 2174524.58 	 val:     0.24 	 clipfrac: 0.57 	 return:  -123.80 	 ep_len:    41.4 	 log_std: -1.000
epoch: 397 	 pol: 882194.66 	 val:     0.22 	 clipfrac: 0.50 	 return:  -123.85 	 ep_len:    41.2 	 log_std: -1.000
epoch: 398 	 pol: -1466336.51 	 val:     0.14 	 clipfrac: 0.54 	 return:  -123.71 	 ep_len:    41.7 	 log_std: -1.000
epoch: 399 	 pol: -796804.55 	 val:     0.08 	 clipfrac: 0.60 	 return:  -123.60 	 ep_len:    41.9 	 log_std: -1.000
Saved rollout gif -> bipedal_walker_gifs/epoch_0400.gif
epoch: 400 	 pol: -1223322.60 	 val:     0.14 	 clipfrac: 0.45 	 return:  -123.64 	 ep_len:    41.8 	 log_std: -1.000
epoch: 401 	 pol: 527686.28 	 val:     0.19 	 clipfrac: 0.46 	 return:  -123.68 	 ep_len:    41.7 	 log_std: -1.000
epoch: 402 	 pol: 163442.90 	 val:     0.17 	 clipfrac: 0.49 	 return:  -123.72 	 ep_len:    41.6 	 log_std: -1.000
epoch: 403 	 pol: 813294.00 	 val:     0.21 	 clipfrac: 0.49 	 return:  -123.74 	 ep_len:    41.5 	 log_std: -1.000
epoch: 404 	 pol: 1276473.14 	 val:     0.25 	 clipfrac: 0.51 	 return:  -123.77 	 ep_len:    41.4 	 log_std: -1.000
epoch: 405 	 pol: -3676378.92 	 val:     0.21 	 clipfrac: 0.42 	 return:  -123.82 	 ep_len:    41.3 	 log_std: -1.000
epoch: 406 	 pol: -1720581.32 	 val:     0.18 	 clipfrac: 0.54 	 return:  -123.81 	 ep_len:    41.3 	 log_std: -1.000
epoch: 407 	 pol: -3073160.14 	 val:     0.09 	 clipfrac: 0.49 	 return:  -123.60 	 ep_len:    41.9 	 log_std: -1.000
epoch: 408 	 pol: 1253060.00 	 val:     0.10 	 clipfrac: 0.57 	 return:  -123.64 	 ep_len:    41.8 	 log_std: -1.000
epoch: 409 	 pol: 574853.30 	 val:     0.14 	 clipfrac: 0.48 	 return:  -123.66 	 ep_len:    41.7 	 log_std: -1.000
epoch: 410 	 pol: 2080492.40 	 val:     0.16 	 clipfrac: 0.51 	 return:  -123.70 	 ep_len:    41.6 	 log_std: -1.000
epoch: 411 	 pol: -2740830.20 	 val:     0.20 	 clipfrac: 0.45 	 return:  -123.72 	 ep_len:    41.6 	 log_std: -1.000
epoch: 412 	 pol: -1877623.82 	 val:     0.21 	 clipfrac: 0.39 	 return:  -123.77 	 ep_len:    41.4 	 log_std: -1.000
epoch: 413 	 pol: -3743946.56 	 val:     0.25 	 clipfrac: 0.46 	 return:  -123.78 	 ep_len:    41.4 	 log_std: -1.000
epoch: 414 	 pol: -556007.90 	 val:     0.21 	 clipfrac: 0.53 	 return:  -123.84 	 ep_len:    41.2 	 log_std: -1.000
epoch: 415 	 pol: 449558.30 	 val:     0.13 	 clipfrac: 0.55 	 return:  -123.66 	 ep_len:    41.7 	 log_std: -1.000
epoch: 416 	 pol: 1706355.60 	 val:     0.11 	 clipfrac: 0.58 	 return:  -123.59 	 ep_len:    41.9 	 log_std: -1.000
epoch: 417 	 pol: 571963.50 	 val:     0.11 	 clipfrac: 0.53 	 return:  -123.62 	 ep_len:    41.8 	 log_std: -1.000
epoch: 418 	 pol: -176506.67 	 val:     0.11 	 clipfrac: 0.46 	 return:  -123.69 	 ep_len:    41.7 	 log_std: -1.000
epoch: 419 	 pol: -1102867.10 	 val:     0.15 	 clipfrac: 0.46 	 return:  -123.72 	 ep_len:    41.6 	 log_std: -1.000
epoch: 420 	 pol: -644890.60 	 val:     0.14 	 clipfrac: 0.53 	 return:  -123.76 	 ep_len:    41.5 	 log_std: -1.000
epoch: 421 	 pol: -1707634.82 	 val:     0.17 	 clipfrac: 0.53 	 return:  -123.74 	 ep_len:    41.4 	 log_std: -1.000
epoch: 422 	 pol: 719161.05 	 val:     0.20 	 clipfrac: 0.55 	 return:  -123.81 	 ep_len:    41.3 	 log_std: -1.000
epoch: 423 	 pol: 2842608.20 	 val:     0.14 	 clipfrac: 0.59 	 return:  -123.79 	 ep_len:    41.4 	 log_std: -1.000
epoch: 424 	 pol: -4629424.19 	 val:     0.06 	 clipfrac: 0.49 	 return:  -123.59 	 ep_len:    41.9 	 log_std: -1.000
epoch: 425 	 pol: -72170.93 	 val:     0.09 	 clipfrac: 0.51 	 return:  -123.62 	 ep_len:    41.8 	 log_std: -1.000
epoch: 426 	 pol: -5543943.80 	 val:     0.12 	 clipfrac: 0.45 	 return:  -123.67 	 ep_len:    41.7 	 log_std: -1.000
epoch: 427 	 pol: -772814.92 	 val:     0.17 	 clipfrac: 0.46 	 return:  -123.69 	 ep_len:    41.6 	 log_std: -1.000
epoch: 428 	 pol: -1598916.40 	 val:     0.15 	 clipfrac: 0.47 	 return:  -123.74 	 ep_len:    41.5 	 log_std: -1.000
epoch: 429 	 pol: -2206781.27 	 val:     0.19 	 clipfrac: 0.54 	 return:  -123.73 	 ep_len:    41.5 	 log_std: -1.000
epoch: 430 	 pol: 1177099.90 	 val:     0.16 	 clipfrac: 0.53 	 return:  -123.80 	 ep_len:    41.3 	 log_std: -1.000
epoch: 431 	 pol: 1604411.40 	 val:     0.16 	 clipfrac: 0.53 	 return:  -123.82 	 ep_len:    41.3 	 log_std: -1.000
epoch: 432 	 pol: -3555667.22 	 val:     0.11 	 clipfrac: 0.58 	 return:  -123.64 	 ep_len:    41.8 	 log_std: -1.000
epoch: 433 	 pol: 2463457.60 	 val:     0.07 	 clipfrac: 0.56 	 return:  -123.62 	 ep_len:    41.8 	 log_std: -1.000
epoch: 434 	 pol: -2942356.55 	 val:     0.10 	 clipfrac: 0.49 	 return:  -123.66 	 ep_len:    41.7 	 log_std: -1.000
epoch: 435 	 pol: -1403618.00 	 val:     0.15 	 clipfrac: 0.46 	 return:  -123.68 	 ep_len:    41.7 	 log_std: -1.000
epoch: 436 	 pol: 2936178.60 	 val:     0.14 	 clipfrac: 0.52 	 return:  -123.73 	 ep_len:    41.6 	 log_std: -1.000
epoch: 437 	 pol: -1266677.10 	 val:     0.19 	 clipfrac: 0.47 	 return:  -123.72 	 ep_len:    41.5 	 log_std: -1.000
epoch: 438 	 pol: -1275285.66 	 val:     0.19 	 clipfrac: 0.53 	 return:  -123.78 	 ep_len:    41.4 	 log_std: -1.000
epoch: 439 	 pol: -2345313.96 	 val:     0.14 	 clipfrac: 0.52 	 return:  -123.82 	 ep_len:    41.3 	 log_std: -1.000
epoch: 440 	 pol: -2540706.20 	 val:     0.16 	 clipfrac: 0.53 	 return:  -123.75 	 ep_len:    41.5 	 log_std: -1.000
epoch: 441 	 pol: -3764787.48 	 val:     0.07 	 clipfrac: 0.56 	 return:  -123.60 	 ep_len:    41.9 	 log_std: -1.000
epoch: 442 	 pol: 565534.30 	 val:     0.09 	 clipfrac: 0.49 	 return:  -123.65 	 ep_len:    41.8 	 log_std: -1.000
epoch: 443 	 pol: 806579.20 	 val:     0.10 	 clipfrac: 0.51 	 return:  -123.66 	 ep_len:    41.7 	 log_std: -1.000
epoch: 444 	 pol: 154136.40 	 val:     0.14 	 clipfrac: 0.47 	 return:  -123.71 	 ep_len:    41.6 	 log_std: -1.000
epoch: 445 	 pol: 2242198.00 	 val:     0.17 	 clipfrac: 0.50 	 return:  -123.73 	 ep_len:    41.5 	 log_std: -1.000
epoch: 446 	 pol: -8855005.60 	 val:     0.13 	 clipfrac: 0.42 	 return:  -123.80 	 ep_len:    41.4 	 log_std: -1.000
epoch: 447 	 pol: 1562822.60 	 val:     0.18 	 clipfrac: 0.61 	 return:  -123.81 	 ep_len:    41.3 	 log_std: -1.000
epoch: 448 	 pol: 650363.75 	 val:     0.17 	 clipfrac: 0.53 	 return:  -123.81 	 ep_len:    41.3 	 log_std: -1.000
epoch: 449 	 pol: -571013.10 	 val:     0.13 	 clipfrac: 0.55 	 return:  -123.60 	 ep_len:    41.9 	 log_std: -1.000
Saved rollout gif -> bipedal_walker_gifs/epoch_0450.gif
epoch: 450 	 pol: 546559.35 	 val:     0.07 	 clipfrac: 0.54 	 return:  -123.61 	 ep_len:    41.9 	 log_std: -1.000
epoch: 451 	 pol: -446204.03 	 val:     0.12 	 clipfrac: 0.42 	 return:  -123.64 	 ep_len:    41.8 	 log_std: -1.000
epoch: 452 	 pol: 427497.24 	 val:     0.13 	 clipfrac: 0.44 	 return:  -123.70 	 ep_len:    41.6 	 log_std: -1.000
epoch: 453 	 pol: -5744464.50 	 val:     0.16 	 clipfrac: 0.40 	 return:  -123.74 	 ep_len:    41.5 	 log_std: -1.000
epoch: 454 	 pol: -2767999.27 	 val:     0.21 	 clipfrac: 0.44 	 return:  -123.69 	 ep_len:    41.6 	 log_std: -1.000
epoch: 455 	 pol: 2210878.00 	 val:     0.21 	 clipfrac: 0.54 	 return:  -123.77 	 ep_len:    41.4 	 log_std: -1.000
epoch: 456 	 pol: -1765579.40 	 val:     0.18 	 clipfrac: 0.46 	 return:  -123.83 	 ep_len:    41.3 	 log_std: -1.000
epoch: 457 	 pol: 2956492.02 	 val:     0.17 	 clipfrac: 0.61 	 return:  -123.76 	 ep_len:    41.5 	 log_std: -1.000
epoch: 458 	 pol: 850182.76 	 val:     0.08 	 clipfrac: 0.59 	 return:  -123.60 	 ep_len:    41.9 	 log_std: -1.000
epoch: 459 	 pol: -3040665.30 	 val:     0.10 	 clipfrac: 0.44 	 return:  -123.65 	 ep_len:    41.8 	 log_std: -1.000
epoch: 460 	 pol: 1591889.95 	 val:     0.15 	 clipfrac: 0.51 	 return:  -123.62 	 ep_len:    41.8 	 log_std: -1.000
epoch: 461 	 pol: 1956729.87 	 val:     0.17 	 clipfrac: 0.42 	 return:  -123.71 	 ep_len:    41.6 	 log_std: -1.000
epoch: 462 	 pol: 2549955.80 	 val:     0.17 	 clipfrac: 0.48 	 return:  -123.72 	 ep_len:    41.6 	 log_std: -1.000
epoch: 463 	 pol: -829456.80 	 val:     0.17 	 clipfrac: 0.55 	 return:  -123.77 	 ep_len:    41.4 	 log_std: -1.000
epoch: 464 	 pol: 2110390.12 	 val:     0.17 	 clipfrac: 0.56 	 return:  -123.83 	 ep_len:    41.3 	 log_std: -1.000
epoch: 465 	 pol: 1377397.00 	 val:     0.17 	 clipfrac: 0.51 	 return:  -123.88 	 ep_len:    41.2 	 log_std: -1.000
epoch: 466 	 pol: -4857095.50 	 val:     0.08 	 clipfrac: 0.59 	 return:  -123.59 	 ep_len:    41.9 	 log_std: -1.000
epoch: 467 	 pol: -1127457.93 	 val:     0.12 	 clipfrac: 0.46 	 return:  -123.63 	 ep_len:    41.8 	 log_std: -1.000
epoch: 468 	 pol: -448028.15 	 val:     0.11 	 clipfrac: 0.47 	 return:  -123.66 	 ep_len:    41.7 	 log_std: -1.000
epoch: 469 	 pol: -342593.13 	 val:     0.10 	 clipfrac: 0.46 	 return:  -123.71 	 ep_len:    41.6 	 log_std: -1.000
epoch: 470 	 pol: 3579590.00 	 val:     0.14 	 clipfrac: 0.56 	 return:  -123.74 	 ep_len:    41.5 	 log_std: -1.000
epoch: 471 	 pol: 484927.60 	 val:     0.18 	 clipfrac: 0.52 	 return:  -123.73 	 ep_len:    41.5 	 log_std: -1.000
epoch: 472 	 pol: -3120498.67 	 val:     0.16 	 clipfrac: 0.42 	 return:  -123.78 	 ep_len:    41.4 	 log_std: -1.000
epoch: 473 	 pol: -938999.90 	 val:     0.14 	 clipfrac: 0.48 	 return:  -123.85 	 ep_len:    41.2 	 log_std: -1.000
epoch: 474 	 pol: -616741.80 	 val:     0.13 	 clipfrac: 0.59 	 return:  -123.72 	 ep_len:    41.6 	 log_std: -1.000
epoch: 475 	 pol: -1962630.20 	 val:     0.07 	 clipfrac: 0.56 	 return:  -123.62 	 ep_len:    41.9 	 log_std: -1.000
epoch: 476 	 pol: 850668.00 	 val:     0.07 	 clipfrac: 0.49 	 return:  -123.63 	 ep_len:    41.8 	 log_std: -1.000
epoch: 477 	 pol: -3679609.60 	 val:     0.09 	 clipfrac: 0.48 	 return:  -123.67 	 ep_len:    41.7 	 log_std: -1.000
epoch: 478 	 pol: 188056.35 	 val:     0.12 	 clipfrac: 0.44 	 return:  -123.70 	 ep_len:    41.6 	 log_std: -1.000
epoch: 479 	 pol: -4251736.24 	 val:     0.12 	 clipfrac: 0.44 	 return:  -123.77 	 ep_len:    41.5 	 log_std: -1.000
epoch: 480 	 pol: 2253085.60 	 val:     0.13 	 clipfrac: 0.57 	 return:  -123.77 	 ep_len:    41.4 	 log_std: -1.000
epoch: 481 	 pol: 4672490.80 	 val:     0.11 	 clipfrac: 0.59 	 return:  -123.83 	 ep_len:    41.3 	 log_std: -1.000
epoch: 482 	 pol: -10771762.40 	 val:     0.11 	 clipfrac: 0.46 	 return:  -123.85 	 ep_len:    41.2 	 log_std: -1.000
epoch: 483 	 pol: 7172780.38 	 val:     0.06 	 clipfrac: 0.66 	 return:  -123.59 	 ep_len:    41.9 	 log_std: -1.000
epoch: 484 	 pol: -885794.75 	 val:     0.07 	 clipfrac: 0.50 	 return:  -123.63 	 ep_len:    41.8 	 log_std: -1.000
epoch: 485 	 pol: 288638.70 	 val:     0.12 	 clipfrac: 0.47 	 return:  -123.67 	 ep_len:    41.7 	 log_std: -1.000
epoch: 486 	 pol: -6990877.33 	 val:     0.24 	 clipfrac: 0.47 	 return:  -123.66 	 ep_len:    41.7 	 log_std: -1.000
epoch: 487 	 pol: 3773668.35 	 val:     0.25 	 clipfrac: 0.55 	 return:  -123.71 	 ep_len:    41.6 	 log_std: -1.000
epoch: 488 	 pol: -1334370.00 	 val:     0.27 	 clipfrac: 0.51 	 return:  -123.74 	 ep_len:    41.5 	 log_std: -1.000
epoch: 489 	 pol: -8542634.33 	 val:     0.24 	 clipfrac: 0.37 	 return:  -123.78 	 ep_len:    41.4 	 log_std: -1.000
epoch: 490 	 pol: -1495491.20 	 val:     0.18 	 clipfrac: 0.53 	 return:  -123.86 	 ep_len:    41.2 	 log_std: -1.000
epoch: 491 	 pol: -688184.40 	 val:     0.18 	 clipfrac: 0.59 	 return:  -123.66 	 ep_len:    41.7 	 log_std: -1.000
epoch: 492 	 pol: 4127349.76 	 val:     0.09 	 clipfrac: 0.57 	 return:  -123.60 	 ep_len:    41.9 	 log_std: -1.000
epoch: 493 	 pol: 2197996.40 	 val:     0.10 	 clipfrac: 0.52 	 return:  -123.66 	 ep_len:    41.8 	 log_std: -1.000
epoch: 494 	 pol: -6972988.85 	 val:     0.20 	 clipfrac: 0.41 	 return:  -123.67 	 ep_len:    41.7 	 log_std: -1.000
epoch: 495 	 pol: 680633.40 	 val:     0.22 	 clipfrac: 0.52 	 return:  -123.70 	 ep_len:    41.6 	 log_std: -1.000
epoch: 496 	 pol: -641841.20 	 val:     0.23 	 clipfrac: 0.53 	 return:  -123.73 	 ep_len:    41.5 	 log_std: -1.000
epoch: 497 	 pol: 3518400.80 	 val:     0.28 	 clipfrac: 0.50 	 return:  -123.79 	 ep_len:    41.4 	 log_std: -1.000
epoch: 498 	 pol: -4058302.15 	 val:     0.29 	 clipfrac: 0.45 	 return:  -123.80 	 ep_len:    41.3 	 log_std: -1.000
epoch: 499 	 pol: -7976408.80 	 val:     0.21 	 clipfrac: 0.52 	 return:  -123.80 	 ep_len:    41.3 	 log_std: -1.000
Saved rollout gif -> bipedal_walker_gifs/epoch_0500.gif
epoch: 500 	 pol: 2967513.73 	 val:     0.08 	 clipfrac: 0.64 	 return:  -123.59 	 ep_len:    41.9 	 log_std: -1.000
epoch: 501 	 pol: 4073255.20 	 val:     0.09 	 clipfrac: 0.54 	 return:  -123.63 	 ep_len:    41.8 	 log_std: -1.000
epoch: 502 	 pol: 3426092.40 	 val:     0.10 	 clipfrac: 0.52 	 return:  -123.66 	 ep_len:    41.8 	 log_std: -1.000
epoch: 503 	 pol: -8524085.70 	 val:     0.16 	 clipfrac: 0.42 	 return:  -123.69 	 ep_len:    41.7 	 log_std: -1.000
epoch: 504 	 pol: -1304467.90 	 val:     0.20 	 clipfrac: 0.49 	 return:  -123.74 	 ep_len:    41.5 	 log_std: -1.000
epoch: 505 	 pol: 48768.40 	 val:     0.20 	 clipfrac: 0.49 	 return:  -123.75 	 ep_len:    41.5 	 log_std: -1.000
epoch: 506 	 pol: 1227582.40 	 val:     0.15 	 clipfrac: 0.54 	 return:  -123.82 	 ep_len:    41.3 	 log_std: -1.000
epoch: 507 	 pol: 1609149.00 	 val:     0.17 	 clipfrac: 0.57 	 return:  -123.84 	 ep_len:    41.2 	 log_std: -1.000
epoch: 508 	 pol: -13736965.20 	 val:     0.16 	 clipfrac: 0.44 	 return:  -123.67 	 ep_len:    41.7 	 log_std: -1.000
epoch: 509 	 pol: 4222026.90 	 val:     0.07 	 clipfrac: 0.59 	 return:  -123.61 	 ep_len:    41.9 	 log_std: -1.000
epoch: 510 	 pol: 6781755.20 	 val:     0.12 	 clipfrac: 0.55 	 return:  -123.63 	 ep_len:    41.8 	 log_std: -1.000
epoch: 511 	 pol: 1847232.00 	 val:     0.15 	 clipfrac: 0.45 	 return:  -123.67 	 ep_len:    41.7 	 log_std: -1.000
epoch: 512 	 pol: -2097507.40 	 val:     0.14 	 clipfrac: 0.49 	 return:  -123.73 	 ep_len:    41.6 	 log_std: -1.000
epoch: 513 	 pol: 3558206.00 	 val:     0.14 	 clipfrac: 0.55 	 return:  -123.72 	 ep_len:    41.5 	 log_std: -1.000
epoch: 514 	 pol: -225256.40 	 val:     0.13 	 clipfrac: 0.49 	 return:  -123.80 	 ep_len:    41.4 	 log_std: -1.000
epoch: 515 	 pol: -13950672.70 	 val:     0.22 	 clipfrac: 0.53 	 return:  -123.81 	 ep_len:    41.3 	 log_std: -1.000
epoch: 516 	 pol: -1663667.80 	 val:     0.21 	 clipfrac: 0.47 	 return:  -123.80 	 ep_len:    41.4 	 log_std: -1.000
epoch: 517 	 pol: 2271319.39 	 val:     0.06 	 clipfrac: 0.60 	 return:  -123.59 	 ep_len:    41.9 	 log_std: -1.000
epoch: 518 	 pol: -1065729.40 	 val:     0.11 	 clipfrac: 0.48 	 return:  -123.60 	 ep_len:    41.9 	 log_std: -1.000
epoch: 519 	 pol: 2253654.00 	 val:     0.11 	 clipfrac: 0.51 	 return:  -123.67 	 ep_len:    41.7 	 log_std: -1.000
epoch: 520 	 pol: 731451.45 	 val:     0.13 	 clipfrac: 0.52 	 return:  -123.68 	 ep_len:    41.7 	 log_std: -1.000
epoch: 521 	 pol: -4928577.27 	 val:     0.14 	 clipfrac: 0.45 	 return:  -123.74 	 ep_len:    41.5 	 log_std: -1.000
epoch: 522 	 pol: 2004326.11 	 val:     0.15 	 clipfrac: 0.51 	 return:  -123.77 	 ep_len:    41.4 	 log_std: -1.000
epoch: 523 	 pol: 1413436.80 	 val:     0.12 	 clipfrac: 0.53 	 return:  -123.82 	 ep_len:    41.3 	 log_std: -1.000
epoch: 524 	 pol: -2966010.20 	 val:     0.13 	 clipfrac: 0.52 	 return:  -123.76 	 ep_len:    41.4 	 log_std: -1.000
