
Projection policy gradient (ptorch) for continuous control, with value baseline.

Saved rollout gif -> bipedal_walker_gifs/epoch_0000.gif
epoch:   0 	 pol:    -0.13 	 val:     0.35 	 clipfrac: 0.60 	 return:  -106.51 	 ep_len:  1600.0 	 log_std: -0.684	 det_ret:  -119.73 	 det_len:   44.0  <-- best
epoch:   1 	 pol:     0.01 	 val:     0.99 	 clipfrac: 0.95 	 return:  -117.91 	 ep_len:    44.8 	 log_std: -0.670
epoch:   2 	 pol:     0.04 	 val:     0.03 	 clipfrac: 0.97 	 return:  -163.69 	 ep_len:  1600.0 	 log_std: -0.648
epoch:   3 	 pol:     0.05 	 val:     0.02 	 clipfrac: 0.93 	 return:  -140.98 	 ep_len:  1600.0 	 log_std: -0.625
epoch:   4 	 pol:     0.09 	 val:     0.03 	 clipfrac: 0.82 	 return:  -129.33 	 ep_len:  1600.0 	 log_std: -0.607
epoch:   5 	 pol:     0.12 	 val:     0.02 	 clipfrac: 0.73 	 return:  -127.11 	 ep_len:  1600.0 	 log_std: -0.597
epoch:   6 	 pol:     0.03 	 val:     0.02 	 clipfrac: 0.61 	 return:  -124.50 	 ep_len:  1600.0 	 log_std: -0.592
epoch:   7 	 pol:     0.05 	 val:     0.02 	 clipfrac: 0.54 	 return:  -122.82 	 ep_len:  1600.0 	 log_std: -0.594
epoch:   8 	 pol:     0.07 	 val:     0.02 	 clipfrac: 0.44 	 return:  -117.60 	 ep_len:  1600.0 	 log_std: -0.602
epoch:   9 	 pol:    -0.03 	 val:     0.66 	 clipfrac: 0.72 	 return:  -113.05 	 ep_len:   915.1 	 log_std: -0.600
epoch:  10 	 pol:    -0.16 	 val:     0.49 	 clipfrac: 0.74 	 return:  -117.78 	 ep_len:   714.6 	 log_std: -0.603	 det_ret:  -115.51 	 det_len:   42.0  <-- best
epoch:  11 	 pol:    -0.01 	 val:     0.19 	 clipfrac: 0.20 	 return:  -108.61 	 ep_len:  1346.3 	 log_std: -0.611
epoch:  12 	 pol:    -0.07 	 val:     0.57 	 clipfrac: 0.59 	 return:  -112.00 	 ep_len:   712.2 	 log_std: -0.615
epoch:  13 	 pol:     0.03 	 val:     0.63 	 clipfrac: 0.61 	 return:  -113.71 	 ep_len:   585.1 	 log_std: -0.621
epoch:  14 	 pol:     0.01 	 val:     0.72 	 clipfrac: 0.62 	 return:  -115.96 	 ep_len:   359.5 	 log_std: -0.625
epoch:  15 	 pol:     0.13 	 val:     0.91 	 clipfrac: 0.55 	 return:  -114.37 	 ep_len:   318.0 	 log_std: -0.631
epoch:  16 	 pol:     0.20 	 val:     0.59 	 clipfrac: 0.42 	 return:  -115.48 	 ep_len:   433.1 	 log_std: -0.636
epoch:  17 	 pol:     0.22 	 val:     0.74 	 clipfrac: 0.41 	 return:  -111.97 	 ep_len:   349.9 	 log_std: -0.646
epoch:  18 	 pol:     0.35 	 val:     0.73 	 clipfrac: 0.43 	 return:  -111.69 	 ep_len:   222.7 	 log_std: -0.650
epoch:  19 	 pol:     0.10 	 val:     0.59 	 clipfrac: 0.30 	 return:  -112.17 	 ep_len:   382.8 	 log_std: -0.657
epoch:  20 	 pol:     0.10 	 val:     0.41 	 clipfrac: 0.23 	 return:  -107.04 	 ep_len:   492.4 	 log_std: -0.664	 det_ret:  -114.09 	 det_len:   70.0  <-- best
epoch:  21 	 pol:    -0.03 	 val:     0.21 	 clipfrac: 0.13 	 return:  -101.60 	 ep_len:   834.0 	 log_std: -0.666
epoch:  22 	 pol:    -0.02 	 val:     0.28 	 clipfrac: 0.13 	 return:  -109.88 	 ep_len:  1017.0 	 log_std: -0.675
epoch:  23 	 pol:     0.01 	 val:     0.24 	 clipfrac: 0.13 	 return:   -94.67 	 ep_len:   916.2 	 log_std: -0.679
epoch:  24 	 pol:    -0.09 	 val:     0.08 	 clipfrac: 0.17 	 return:   -87.04 	 ep_len:  1347.7 	 log_std: -0.683
Saved rollout gif -> bipedal_walker_gifs/epoch_0025.gif
epoch:  25 	 pol:     0.06 	 val:     0.13 	 clipfrac: 0.10 	 return:   -84.35 	 ep_len:  1340.8 	 log_std: -0.685
epoch:  26 	 pol:    -0.13 	 val:     0.04 	 clipfrac: 0.21 	 return:   -79.39 	 ep_len:  1600.0 	 log_std: -0.682
epoch:  27 	 pol:     0.00 	 val:     0.13 	 clipfrac: 0.12 	 return:   -88.11 	 ep_len:  1354.0 	 log_std: -0.680
epoch:  28 	 pol:     0.04 	 val:     0.28 	 clipfrac: 0.17 	 return:   -91.30 	 ep_len:  1160.6 	 log_std: -0.677
epoch:  29 	 pol:    -0.08 	 val:     0.09 	 clipfrac: 0.25 	 return:   -79.76 	 ep_len:  1600.0 	 log_std: -0.675
epoch:  30 	 pol:     0.01 	 val:     0.12 	 clipfrac: 0.13 	 return:   -87.55 	 ep_len:  1352.3 	 log_std: -0.675	 det_ret:  -127.59 	 det_len:  176.0
epoch:  31 	 pol:    -0.05 	 val:     0.19 	 clipfrac: 0.12 	 return:   -93.77 	 ep_len:  1509.3 	 log_std: -0.675
epoch:  32 	 pol:    -0.06 	 val:     0.34 	 clipfrac: 0.20 	 return:   -87.66 	 ep_len:  1169.1 	 log_std: -0.675
epoch:  33 	 pol:     0.04 	 val:     0.03 	 clipfrac: 0.21 	 return:   -75.63 	 ep_len:  1600.0 	 log_std: -0.675
epoch:  34 	 pol:    -0.01 	 val:     0.02 	 clipfrac: 0.18 	 return:   -73.01 	 ep_len:  1600.0 	 log_std: -0.675
epoch:  35 	 pol:    -0.02 	 val:     0.31 	 clipfrac: 0.25 	 return:   -93.03 	 ep_len:  1264.7 	 log_std: -0.675
epoch:  36 	 pol:     0.06 	 val:     0.32 	 clipfrac: 0.19 	 return:   -83.91 	 ep_len:  1161.9 	 log_std: -0.675
epoch:  37 	 pol:    -0.12 	 val:     0.44 	 clipfrac: 0.27 	 return:  -104.60 	 ep_len:   958.0 	 log_std: -0.677
epoch:  38 	 pol:    -0.22 	 val:     0.40 	 clipfrac: 0.14 	 return:   -85.16 	 ep_len:  1168.9 	 log_std: -0.677
epoch:  39 	 pol:    -0.04 	 val:     0.27 	 clipfrac: 0.21 	 return:   -87.01 	 ep_len:  1152.2 	 log_std: -0.675
epoch:  40 	 pol:     0.09 	 val:     0.50 	 clipfrac: 0.25 	 return:   -94.73 	 ep_len:   772.5 	 log_std: -0.675	 det_ret:   -74.86 	 det_len: 1600.0  <-- best
epoch:  41 	 pol:    -0.06 	 val:     0.14 	 clipfrac: 0.17 	 return:   -71.91 	 ep_len:  1344.8 	 log_std: -0.675
epoch:  42 	 pol:     0.00 	 val:     0.03 	 clipfrac: 0.21 	 return:   -62.77 	 ep_len:  1600.0 	 log_std: -0.675
epoch:  43 	 pol:     0.06 	 val:     0.07 	 clipfrac: 0.16 	 return:   -73.44 	 ep_len:  1562.2 	 log_std: -0.675
epoch:  44 	 pol:     0.06 	 val:     0.02 	 clipfrac: 0.20 	 return:   -61.05 	 ep_len:  1600.0 	 log_std: -0.675
epoch:  45 	 pol:    -0.07 	 val:     0.32 	 clipfrac: 0.45 	 return:   -87.90 	 ep_len:  1160.9 	 log_std: -0.675
epoch:  46 	 pol:     0.00 	 val:     0.19 	 clipfrac: 0.13 	 return:   -69.16 	 ep_len:  1340.0 	 log_std: -0.675
epoch:  47 	 pol:    -0.00 	 val:     0.86 	 clipfrac: 0.23 	 return:   -94.96 	 ep_len:   732.8 	 log_std: -0.675
epoch:  48 	 pol:    -0.08 	 val:     0.36 	 clipfrac: 0.32 	 return:   -64.56 	 ep_len:  1342.8 	 log_std: -0.675
epoch:  49 	 pol:    -0.04 	 val:     0.73 	 clipfrac: 0.23 	 return:   -86.50 	 ep_len:   759.0 	 log_std: -0.676
Saved rollout gif -> bipedal_walker_gifs/epoch_0050.gif
epoch:  50 	 pol:    -0.08 	 val:     0.36 	 clipfrac: 0.19 	 return:   -82.76 	 ep_len:  1149.4 	 log_std: -0.677	 det_ret:  -127.95 	 det_len:  994.0
epoch:  51 	 pol:    -0.07 	 val:     0.22 	 clipfrac: 0.16 	 return:   -67.48 	 ep_len:  1165.9 	 log_std: -0.679
epoch:  52 	 pol:    -0.01 	 val:     0.10 	 clipfrac: 0.20 	 return:   -59.79 	 ep_len:  1360.5 	 log_std: -0.677
epoch:  53 	 pol:    -0.06 	 val:     0.94 	 clipfrac: 0.56 	 return:  -111.16 	 ep_len:   836.7 	 log_std: -0.677
epoch:  54 	 pol:    -0.13 	 val:     0.19 	 clipfrac: 0.55 	 return:   -80.67 	 ep_len:  1345.2 	 log_std: -0.677
epoch:  55 	 pol:    -0.05 	 val:     0.17 	 clipfrac: 0.21 	 return:   -66.21 	 ep_len:  1162.4 	 log_std: -0.679
epoch:  56 	 pol:     0.06 	 val:     0.11 	 clipfrac: 0.24 	 return:   -62.77 	 ep_len:  1467.5 	 log_std: -0.677
epoch:  57 	 pol:    -0.22 	 val:     0.62 	 clipfrac: 0.21 	 return:   -81.98 	 ep_len:  1159.2 	 log_std: -0.681
epoch:  58 	 pol:    -0.05 	 val:     0.12 	 clipfrac: 0.52 	 return:   -62.04 	 ep_len:  1600.0 	 log_std: -0.679
epoch:  59 	 pol:     0.02 	 val:     0.03 	 clipfrac: 0.30 	 return:   -48.14 	 ep_len:  1600.0 	 log_std: -0.679
epoch:  60 	 pol:     0.08 	 val:     0.03 	 clipfrac: 0.29 	 return:   -57.24 	 ep_len:  1600.0 	 log_std: -0.678	 det_ret:   -44.98 	 det_len: 1600.0  <-- best
epoch:  61 	 pol:    -0.08 	 val:     0.27 	 clipfrac: 0.20 	 return:   -65.94 	 ep_len:  1582.8 	 log_std: -0.679
epoch:  62 	 pol:    -0.37 	 val:     0.31 	 clipfrac: 0.20 	 return:   -61.78 	 ep_len:  1456.7 	 log_std: -0.683
epoch:  63 	 pol:     0.04 	 val:     0.03 	 clipfrac: 0.27 	 return:   -47.90 	 ep_len:  1600.0 	 log_std: -0.681
epoch:  64 	 pol:    -0.06 	 val:     0.57 	 clipfrac: 0.42 	 return:   -72.09 	 ep_len:  1066.0 	 log_std: -0.681
epoch:  65 	 pol:    -0.05 	 val:     0.47 	 clipfrac: 0.37 	 return:   -74.11 	 ep_len:   920.2 	 log_std: -0.682
epoch:  66 	 pol:    -0.01 	 val:     0.41 	 clipfrac: 0.35 	 return:   -62.69 	 ep_len:  1341.7 	 log_std: -0.684
epoch:  67 	 pol:    -0.08 	 val:     0.22 	 clipfrac: 0.21 	 return:   -52.71 	 ep_len:  1341.7 	 log_std: -0.687
epoch:  68 	 pol:     0.00 	 val:     0.69 	 clipfrac: 0.43 	 return:   -77.71 	 ep_len:   910.8 	 log_std: -0.689
epoch:  69 	 pol:    -0.04 	 val:     0.47 	 clipfrac: 0.48 	 return:   -70.47 	 ep_len:  1160.6 	 log_std: -0.689
epoch:  70 	 pol:    -0.10 	 val:     0.88 	 clipfrac: 0.20 	 return:   -75.69 	 ep_len:  1144.7 	 log_std: -0.693	 det_ret:  -103.75 	 det_len:   82.0
epoch:  71 	 pol:    -0.08 	 val:     0.69 	 clipfrac: 0.52 	 return:   -89.74 	 ep_len:   906.4 	 log_std: -0.695
epoch:  72 	 pol:    -0.06 	 val:     0.57 	 clipfrac: 0.76 	 return:   -84.40 	 ep_len:  1259.4 	 log_std: -0.696
epoch:  73 	 pol:    -0.01 	 val:     0.68 	 clipfrac: 0.48 	 return:   -75.09 	 ep_len:  1357.6 	 log_std: -0.697
epoch:  74 	 pol:    -0.08 	 val:     0.73 	 clipfrac: 0.30 	 return:   -65.12 	 ep_len:  1339.9 	 log_std: -0.702
Saved rollout gif -> bipedal_walker_gifs/epoch_0075.gif
epoch:  75 	 pol:     0.03 	 val:     0.29 	 clipfrac: 0.29 	 return:   -51.46 	 ep_len:  1598.7 	 log_std: -0.701
epoch:  76 	 pol:     0.07 	 val:     0.10 	 clipfrac: 0.34 	 return:   -36.35 	 ep_len:  1600.0 	 log_std: -0.703
epoch:  77 	 pol:    -0.01 	 val:     0.25 	 clipfrac: 0.25 	 return:   -62.37 	 ep_len:  1586.2 	 log_std: -0.704
epoch:  78 	 pol:     0.04 	 val:     0.04 	 clipfrac: 0.39 	 return:   -25.53 	 ep_len:  1600.0 	 log_std: -0.706
epoch:  79 	 pol:    -0.01 	 val:     0.04 	 clipfrac: 0.29 	 return:   -32.90 	 ep_len:  1600.0 	 log_std: -0.708
epoch:  80 	 pol:     0.06 	 val:     0.02 	 clipfrac: 0.30 	 return:   -29.42 	 ep_len:  1600.0 	 log_std: -0.714	 det_ret:    -9.05 	 det_len: 1600.0  <-- best
epoch:  81 	 pol:     0.02 	 val:     0.19 	 clipfrac: 0.23 	 return:   -41.86 	 ep_len:  1560.2 	 log_std: -0.713
epoch:  82 	 pol:     0.06 	 val:     0.25 	 clipfrac: 0.26 	 return:   -41.64 	 ep_len:  1422.5 	 log_std: -0.713
epoch:  83 	 pol:     0.01 	 val:     0.20 	 clipfrac: 0.30 	 return:   -30.04 	 ep_len:  1600.0 	 log_std: -0.713
epoch:  84 	 pol:     0.15 	 val:     0.77 	 clipfrac: 0.25 	 return:   -63.36 	 ep_len:  1439.2 	 log_std: -0.713
epoch:  85 	 pol:     0.06 	 val:     0.23 	 clipfrac: 0.49 	 return:   -38.93 	 ep_len:  1600.0 	 log_std: -0.713
epoch:  86 	 pol:     0.11 	 val:     0.85 	 clipfrac: 0.30 	 return:   -67.08 	 ep_len:  1264.3 	 log_std: -0.716
epoch:  87 	 pol:     0.06 	 val:     0.08 	 clipfrac: 0.37 	 return:   -29.11 	 ep_len:  1600.0 	 log_std: -0.716
epoch:  88 	 pol:    -0.01 	 val:     0.57 	 clipfrac: 0.36 	 return:   -69.21 	 ep_len:  1501.0 	 log_std: -0.717
epoch:  89 	 pol:     0.16 	 val:     0.37 	 clipfrac: 0.27 	 return:   -43.06 	 ep_len:  1555.5 	 log_std: -0.717
epoch:  90 	 pol:     0.02 	 val:     1.56 	 clipfrac: 0.24 	 return:   -91.98 	 ep_len:   936.0 	 log_std: -0.719	 det_ret:   -57.76 	 det_len: 1600.0
epoch:  91 	 pol:     0.06 	 val:     1.65 	 clipfrac: 0.32 	 return:   -95.80 	 ep_len:   908.3 	 log_std: -0.724
epoch:  92 	 pol:    -0.04 	 val:     0.80 	 clipfrac: 0.49 	 return:   -44.95 	 ep_len:  1536.3 	 log_std: -0.727
epoch:  93 	 pol:     0.02 	 val:     0.03 	 clipfrac: 0.57 	 return:  -113.04 	 ep_len:  1600.0 	 log_std: -0.728
epoch:  94 	 pol:     0.10 	 val:     0.02 	 clipfrac: 0.38 	 return:  -113.36 	 ep_len:  1600.0 	 log_std: -0.732
epoch:  95 	 pol:     0.05 	 val:     0.02 	 clipfrac: 0.34 	 return:  -113.14 	 ep_len:  1600.0 	 log_std: -0.736
epoch:  96 	 pol:     0.09 	 val:     0.02 	 clipfrac: 0.31 	 return:  -107.29 	 ep_len:  1600.0 	 log_std: -0.739
epoch:  97 	 pol:     0.09 	 val:     0.02 	 clipfrac: 0.35 	 return:  -105.85 	 ep_len:  1600.0 	 log_std: -0.746
epoch:  98 	 pol:     0.09 	 val:     0.02 	 clipfrac: 0.32 	 return:  -102.55 	 ep_len:  1600.0 	 log_std: -0.755
epoch:  99 	 pol:    -0.13 	 val:     0.22 	 clipfrac: 0.22 	 return:  -112.01 	 ep_len:  1545.0 	 log_std: -0.758
Saved rollout gif -> bipedal_walker_gifs/epoch_0100.gif
epoch: 100 	 pol:     0.05 	 val:     0.09 	 clipfrac: 0.32 	 return:   -95.95 	 ep_len:  1600.0 	 log_std: -0.751	 det_ret:   -67.35 	 det_len: 1600.0
epoch: 101 	 pol:     0.04 	 val:     0.03 	 clipfrac: 0.31 	 return:   -93.83 	 ep_len:  1600.0 	 log_std: -0.759
epoch: 102 	 pol:    -0.31 	 val:     0.26 	 clipfrac: 0.23 	 return:  -107.19 	 ep_len:  1579.3 	 log_std: -0.766
epoch: 103 	 pol:     0.13 	 val:     0.03 	 clipfrac: 0.31 	 return:   -83.55 	 ep_len:  1600.0 	 log_std: -0.768
epoch: 104 	 pol:    -0.04 	 val:     0.03 	 clipfrac: 0.39 	 return:   -84.41 	 ep_len:  1600.0 	 log_std: -0.780
epoch: 105 	 pol:     0.06 	 val:     0.03 	 clipfrac: 0.35 	 return:   -87.22 	 ep_len:  1600.0 	 log_std: -0.790
epoch: 106 	 pol:    -0.01 	 val:     0.50 	 clipfrac: 0.31 	 return:  -109.41 	 ep_len:  1424.3 	 log_std: -0.792
epoch: 107 	 pol:     0.05 	 val:     0.05 	 clipfrac: 0.31 	 return:   -88.85 	 ep_len:  1600.0 	 log_std: -0.795
epoch: 108 	 pol:     0.06 	 val:     0.04 	 clipfrac: 0.35 	 return:   -79.42 	 ep_len:  1600.0 	 log_std: -0.800
epoch: 109 	 pol:    -0.32 	 val:     0.29 	 clipfrac: 0.23 	 return:   -94.25 	 ep_len:  1508.3 	 log_std: -0.808
epoch: 110 	 pol:    -0.17 	 val:     0.32 	 clipfrac: 0.25 	 return:   -87.94 	 ep_len:  1517.0 	 log_std: -0.814	 det_ret:  -115.08 	 det_len: 1600.0
epoch: 111 	 pol:    -0.36 	 val:     0.36 	 clipfrac: 0.53 	 return:   -95.53 	 ep_len:  1587.8 	 log_std: -0.817
epoch: 112 	 pol:    -0.19 	 val:     0.32 	 clipfrac: 0.29 	 return:   -82.38 	 ep_len:  1428.2 	 log_std: -0.823
epoch: 113 	 pol:    -0.09 	 val:     0.31 	 clipfrac: 0.26 	 return:   -76.47 	 ep_len:  1479.5 	 log_std: -0.826
epoch: 114 	 pol:    -0.16 	 val:     0.29 	 clipfrac: 0.29 	 return:   -92.43 	 ep_len:  1499.3 	 log_std: -0.827
epoch: 115 	 pol:    -0.15 	 val:     0.61 	 clipfrac: 0.35 	 return:   -86.36 	 ep_len:  1458.0 	 log_std: -0.832
epoch: 116 	 pol:    -0.14 	 val:     0.07 	 clipfrac: 0.46 	 return:   -73.24 	 ep_len:  1600.0 	 log_std: -0.836
epoch: 117 	 pol:    -0.39 	 val:     0.61 	 clipfrac: 0.43 	 return:  -100.53 	 ep_len:  1339.9 	 log_std: -0.843
epoch: 118 	 pol:    -0.36 	 val:     1.10 	 clipfrac: 0.34 	 return:   -93.02 	 ep_len:  1380.0 	 log_std: -0.848
epoch: 119 	 pol:    -0.10 	 val:     1.51 	 clipfrac: 0.40 	 return:  -105.21 	 ep_len:  1536.3 	 log_std: -0.849
epoch: 120 	 pol:     0.19 	 val:     1.54 	 clipfrac: 0.37 	 return:  -110.68 	 ep_len:  1356.6 	 log_std: -0.851	 det_ret:  -157.15 	 det_len: 1539.0
epoch: 121 	 pol:    -0.23 	 val:     0.60 	 clipfrac: 0.41 	 return:   -61.71 	 ep_len:  1455.2 	 log_std: -0.859
epoch: 122 	 pol:    -0.10 	 val:     0.71 	 clipfrac: 0.37 	 return:   -86.71 	 ep_len:  1325.4 	 log_std: -0.863
epoch: 123 	 pol:     0.11 	 val:     0.92 	 clipfrac: 0.34 	 return:  -100.53 	 ep_len:  1547.5 	 log_std: -0.866
epoch: 124 	 pol:     0.01 	 val:     0.99 	 clipfrac: 0.30 	 return:   -70.89 	 ep_len:  1484.2 	 log_std: -0.870
Saved rollout gif -> bipedal_walker_gifs/epoch_0125.gif
epoch: 125 	 pol:    -0.19 	 val:     1.13 	 clipfrac: 0.36 	 return:   -93.53 	 ep_len:  1181.0 	 log_std: -0.875
epoch: 126 	 pol:    -0.09 	 val:     2.34 	 clipfrac: 0.34 	 return:  -102.92 	 ep_len:  1208.0 	 log_std: -0.876
epoch: 127 	 pol:     0.18 	 val:     2.50 	 clipfrac: 0.33 	 return:  -119.63 	 ep_len:  1296.4 	 log_std: -0.883
epoch: 128 	 pol:     0.24 	 val:     1.53 	 clipfrac: 0.34 	 return:  -106.38 	 ep_len:  1359.8 	 log_std: -0.887
epoch: 129 	 pol:     0.04 	 val:     4.70 	 clipfrac: 0.41 	 return:  -138.13 	 ep_len:   893.6 	 log_std: -0.892
epoch: 130 	 pol:     0.08 	 val:     5.05 	 clipfrac: 0.32 	 return:  -116.81 	 ep_len:  1011.8 	 log_std: -0.894	 det_ret:   -66.57 	 det_len: 1600.0
epoch: 131 	 pol:     0.10 	 val:     5.15 	 clipfrac: 0.40 	 return:  -111.25 	 ep_len:  1174.4 	 log_std: -0.896
epoch: 132 	 pol:    -0.06 	 val:     4.39 	 clipfrac: 0.40 	 return:  -118.12 	 ep_len:  1204.0 	 log_std: -0.904
epoch: 133 	 pol:     0.22 	 val:     5.83 	 clipfrac: 0.38 	 return:  -102.66 	 ep_len:   950.6 	 log_std: -0.903
epoch: 134 	 pol:     0.09 	 val:     9.54 	 clipfrac: 0.36 	 return:  -144.06 	 ep_len:   890.3 	 log_std: -0.905
epoch: 135 	 pol:    -0.05 	 val:     6.67 	 clipfrac: 0.43 	 return:  -110.43 	 ep_len:  1026.4 	 log_std: -0.909
epoch: 136 	 pol:     0.28 	 val:     4.26 	 clipfrac: 0.45 	 return:  -106.57 	 ep_len:  1042.0 	 log_std: -0.917
epoch: 137 	 pol:     0.06 	 val:     5.86 	 clipfrac: 0.32 	 return:  -132.50 	 ep_len:   941.2 	 log_std: -0.918
epoch: 138 	 pol:    -0.13 	 val:     6.15 	 clipfrac: 0.37 	 return:  -117.75 	 ep_len:   869.5 	 log_std: -0.920
epoch: 139 	 pol:     0.23 	 val:     4.63 	 clipfrac: 0.46 	 return:  -108.51 	 ep_len:  1063.4 	 log_std: -0.921
epoch: 140 	 pol:    -0.40 	 val:     3.53 	 clipfrac: 0.41 	 return:  -121.71 	 ep_len:  1150.7 	 log_std: -0.924	 det_ret:  -144.42 	 det_len: 1254.0
epoch: 141 	 pol:    -0.00 	 val:     6.66 	 clipfrac: 0.36 	 return:  -143.43 	 ep_len:   811.7 	 log_std: -0.927
epoch: 142 	 pol:    -0.06 	 val:     4.34 	 clipfrac: 0.41 	 return:  -128.21 	 ep_len:   918.8 	 log_std: -0.931
epoch: 143 	 pol:    -0.15 	 val:     1.69 	 clipfrac: 0.47 	 return:   -64.46 	 ep_len:  1395.8 	 log_std: -0.934
epoch: 144 	 pol:    -0.16 	 val:     3.39 	 clipfrac: 0.39 	 return:  -132.18 	 ep_len:  1057.2 	 log_std: -0.939
epoch: 145 	 pol:    -0.40 	 val:     3.93 	 clipfrac: 0.40 	 return:  -131.67 	 ep_len:  1022.5 	 log_std: -0.941
epoch: 146 	 pol:    -0.00 	 val:     2.71 	 clipfrac: 0.40 	 return:  -131.80 	 ep_len:  1164.5 	 log_std: -0.945
epoch: 147 	 pol:     0.19 	 val:     3.28 	 clipfrac: 0.40 	 return:  -105.89 	 ep_len:  1187.0 	 log_std: -0.947
epoch: 148 	 pol:    -0.03 	 val:     3.16 	 clipfrac: 0.35 	 return:  -130.59 	 ep_len:  1029.5 	 log_std: -0.950
epoch: 149 	 pol:    -0.16 	 val:     2.01 	 clipfrac: 0.42 	 return:  -118.23 	 ep_len:  1191.6 	 log_std: -0.953
Saved rollout gif -> bipedal_walker_gifs/epoch_0150.gif
epoch: 150 	 pol:    -0.32 	 val:     4.38 	 clipfrac: 0.38 	 return:  -126.89 	 ep_len:   840.6 	 log_std: -0.956	 det_ret:  -127.84 	 det_len: 1002.0
epoch: 151 	 pol:    -0.07 	 val:     4.06 	 clipfrac: 0.37 	 return:  -133.74 	 ep_len:   956.3 	 log_std: -0.961
epoch: 152 	 pol:    -0.47 	 val:     3.33 	 clipfrac: 0.36 	 return:  -124.43 	 ep_len:   828.3 	 log_std: -0.964
epoch: 153 	 pol:     0.44 	 val:     8.08 	 clipfrac: 0.35 	 return:  -132.18 	 ep_len:   652.9 	 log_std: -0.966
epoch: 154 	 pol:    -0.09 	 val:     3.23 	 clipfrac: 0.42 	 return:  -109.88 	 ep_len:   960.1 	 log_std: -0.969
epoch: 155 	 pol:    -0.02 	 val:     2.62 	 clipfrac: 0.41 	 return:  -108.56 	 ep_len:  1049.5 	 log_std: -0.972
epoch: 156 	 pol:    -0.13 	 val:     4.04 	 clipfrac: 0.35 	 return:  -137.06 	 ep_len:   898.7 	 log_std: -0.978
epoch: 157 	 pol:     0.22 	 val:     4.41 	 clipfrac: 0.41 	 return:  -128.75 	 ep_len:   794.7 	 log_std: -0.984
epoch: 158 	 pol:    -0.12 	 val:     3.34 	 clipfrac: 0.41 	 return:  -128.27 	 ep_len:   878.4 	 log_std: -0.988
epoch: 159 	 pol:    -0.43 	 val:     2.10 	 clipfrac: 0.44 	 return:  -135.26 	 ep_len:  1071.4 	 log_std: -0.993	 det_ret:  -126.54 	 det_len:  530.0
Saved rollout gif -> bipedal_walker_gifs/epoch_0160.gif
Best deterministic return -9.05 -> saved bipedal_walker_gifs/best_det-9.gif + bipedal_walker_best.pt

Saved training plot to bipedal_walker_training_BipedalWalker-v3.png
