
Projection policy gradient (ptorch) for continuous control, with value baseline.

Saved rollout gif -> bipedal_walker_gifs/epoch_0000.gif
epoch:   0 	 pol:     0.01 	 val:     0.78 	 clipfrac: 0.77 	 return:  -105.41 	 ep_len:   127.3 	 log_std: -0.673
epoch:   1 	 pol:    -0.02 	 val:     0.59 	 clipfrac: 0.85 	 return:  -121.25 	 ep_len:    59.8 	 log_std: -0.644
epoch:   2 	 pol:     0.21 	 val:     0.49 	 clipfrac: 0.33 	 return:  -110.31 	 ep_len:   299.2 	 log_std: -0.618
epoch:   3 	 pol:     0.26 	 val:     0.32 	 clipfrac: 0.26 	 return:  -118.94 	 ep_len:   338.6 	 log_std: -0.591
epoch:   4 	 pol:     0.38 	 val:     0.33 	 clipfrac: 0.22 	 return:  -114.67 	 ep_len:   354.5 	 log_std: -0.558
epoch:   5 	 pol:     0.33 	 val:     0.36 	 clipfrac: 0.19 	 return:  -119.73 	 ep_len:   372.4 	 log_std: -0.523
epoch:   6 	 pol:     0.13 	 val:     0.49 	 clipfrac: 0.14 	 return:  -127.73 	 ep_len:   495.6 	 log_std: -0.484
epoch:   7 	 pol:     0.08 	 val:     0.69 	 clipfrac: 0.15 	 return:  -120.26 	 ep_len:   353.7 	 log_std: -0.440
epoch:   8 	 pol:     0.10 	 val:     0.67 	 clipfrac: 0.15 	 return:  -115.89 	 ep_len:   305.9 	 log_std: -0.401
epoch:   9 	 pol:     0.12 	 val:     0.61 	 clipfrac: 0.17 	 return:  -117.40 	 ep_len:   310.7 	 log_std: -0.361
epoch:  10 	 pol:     0.12 	 val:     0.51 	 clipfrac: 0.11 	 return:  -120.11 	 ep_len:   423.6 	 log_std: -0.325
epoch:  11 	 pol:     0.10 	 val:     0.40 	 clipfrac: 0.25 	 return:  -116.70 	 ep_len:   434.1 	 log_std: -0.279
epoch:  12 	 pol:     0.01 	 val:     0.40 	 clipfrac: 0.11 	 return:  -129.35 	 ep_len:   506.7 	 log_std: -0.239
epoch:  13 	 pol:     0.13 	 val:     0.56 	 clipfrac: 0.13 	 return:  -116.77 	 ep_len:   313.4 	 log_std: -0.192
epoch:  14 	 pol:     0.12 	 val:     0.33 	 clipfrac: 0.33 	 return:  -122.20 	 ep_len:   594.7 	 log_std: -0.151
epoch:  15 	 pol:     0.04 	 val:     0.50 	 clipfrac: 0.27 	 return:  -116.77 	 ep_len:   501.7 	 log_std: -0.111
epoch:  16 	 pol:     0.06 	 val:     0.09 	 clipfrac: 0.43 	 return:  -124.54 	 ep_len:  1157.6 	 log_std: -0.076
epoch:  17 	 pol:     0.13 	 val:     0.29 	 clipfrac: 0.29 	 return:  -117.66 	 ep_len:   544.4 	 log_std: -0.046
epoch:  18 	 pol:     0.09 	 val:     0.14 	 clipfrac: 0.41 	 return:  -122.21 	 ep_len:  1165.1 	 log_std: -0.021
epoch:  19 	 pol:     0.15 	 val:     0.27 	 clipfrac: 0.17 	 return:  -146.66 	 ep_len:  1047.8 	 log_std: 0.000
epoch:  20 	 pol:     0.22 	 val:     0.29 	 clipfrac: 0.14 	 return:  -120.02 	 ep_len:   708.3 	 log_std: 0.000
epoch:  21 	 pol:     0.08 	 val:     0.20 	 clipfrac: 0.10 	 return:  -129.99 	 ep_len:  1139.8 	 log_std: 0.000
epoch:  22 	 pol:     0.07 	 val:     0.18 	 clipfrac: 0.06 	 return:  -131.54 	 ep_len:  1056.2 	 log_std: 0.000
epoch:  23 	 pol:     0.13 	 val:     0.24 	 clipfrac: 0.06 	 return:  -121.75 	 ep_len:   835.8 	 log_std: 0.000
epoch:  24 	 pol:     0.17 	 val:     0.48 	 clipfrac: 0.12 	 return:  -125.02 	 ep_len:   739.7 	 log_std: 0.000
Saved rollout gif -> bipedal_walker_gifs/epoch_0025.gif
epoch:  25 	 pol:     0.30 	 val:     0.35 	 clipfrac: 0.22 	 return:  -120.83 	 ep_len:   800.8 	 log_std: 0.000
epoch:  26 	 pol:     0.15 	 val:     0.23 	 clipfrac: 0.06 	 return:  -141.45 	 ep_len:  1149.4 	 log_std: 0.000
epoch:  27 	 pol:     0.03 	 val:     0.47 	 clipfrac: 0.28 	 return:  -123.90 	 ep_len:   841.5 	 log_std: 0.000
epoch:  28 	 pol:     0.05 	 val:     0.58 	 clipfrac: 0.06 	 return:  -127.22 	 ep_len:   773.5 	 log_std: 0.000
epoch:  29 	 pol:     0.05 	 val:     0.43 	 clipfrac: 0.28 	 return:  -139.71 	 ep_len:   918.9 	 log_std: 0.000
epoch:  30 	 pol:     0.05 	 val:     0.48 	 clipfrac: 0.34 	 return:  -121.96 	 ep_len:   785.7 	 log_std: 0.000
epoch:  31 	 pol:     0.12 	 val:     0.38 	 clipfrac: 0.39 	 return:  -125.60 	 ep_len:   837.5 	 log_std: 0.000
epoch:  32 	 pol:     0.04 	 val:     0.54 	 clipfrac: 0.30 	 return:  -125.18 	 ep_len:   783.0 	 log_std: 0.000
epoch:  33 	 pol:     0.05 	 val:     0.18 	 clipfrac: 0.48 	 return:  -132.06 	 ep_len:  1188.4 	 log_std: 0.000
epoch:  34 	 pol:     0.11 	 val:     0.39 	 clipfrac: 0.44 	 return:  -125.31 	 ep_len:   662.4 	 log_std: 0.000
epoch:  35 	 pol:     0.13 	 val:     0.42 	 clipfrac: 0.24 	 return:  -125.31 	 ep_len:   665.9 	 log_std: 0.000
epoch:  36 	 pol:     0.05 	 val:     0.38 	 clipfrac: 0.37 	 return:  -124.28 	 ep_len:   769.7 	 log_std: 0.000
epoch:  37 	 pol:     0.03 	 val:     0.55 	 clipfrac: 0.37 	 return:  -121.78 	 ep_len:  1026.6 	 log_std: 0.000
epoch:  38 	 pol:    -0.03 	 val:     0.75 	 clipfrac: 0.59 	 return:  -127.63 	 ep_len:   513.2 	 log_std: 0.000
epoch:  39 	 pol:     0.26 	 val:     0.66 	 clipfrac: 0.16 	 return:  -121.80 	 ep_len:   626.6 	 log_std: 0.000
epoch:  40 	 pol:     0.15 	 val:     1.15 	 clipfrac: 0.50 	 return:  -120.51 	 ep_len:   382.6 	 log_std: 0.000
epoch:  41 	 pol:     0.02 	 val:     0.50 	 clipfrac: 0.52 	 return:  -128.26 	 ep_len:   723.0 	 log_std: 0.000
epoch:  42 	 pol:     0.11 	 val:     0.79 	 clipfrac: 0.17 	 return:  -126.02 	 ep_len:   590.2 	 log_std: 0.000
epoch:  43 	 pol:     0.16 	 val:     0.25 	 clipfrac: 0.54 	 return:  -126.96 	 ep_len:   930.7 	 log_std: 0.000
epoch:  44 	 pol:     0.19 	 val:     0.12 	 clipfrac: 0.51 	 return:  -136.42 	 ep_len:  1354.8 	 log_std: 0.000
epoch:  45 	 pol:     0.10 	 val:     0.45 	 clipfrac: 0.20 	 return:  -135.77 	 ep_len:   816.8 	 log_std: 0.000
epoch:  46 	 pol:     0.23 	 val:     0.18 	 clipfrac: 0.43 	 return:  -128.11 	 ep_len:  1163.9 	 log_std: 0.000
epoch:  47 	 pol:     0.05 	 val:     0.30 	 clipfrac: 0.44 	 return:  -130.57 	 ep_len:   859.1 	 log_std: 0.000
epoch:  48 	 pol:     0.03 	 val:     0.32 	 clipfrac: 0.74 	 return:  -130.15 	 ep_len:   844.3 	 log_std: 0.000
epoch:  49 	 pol:     0.23 	 val:     0.35 	 clipfrac: 0.42 	 return:  -120.87 	 ep_len:   711.1 	 log_std: 0.000
Saved rollout gif -> bipedal_walker_gifs/epoch_0050.gif
epoch:  50 	 pol:     0.16 	 val:     1.06 	 clipfrac: 0.32 	 return:  -116.90 	 ep_len:   401.2 	 log_std: 0.000
epoch:  51 	 pol:     0.16 	 val:     0.28 	 clipfrac: 0.55 	 return:  -126.75 	 ep_len:  1037.2 	 log_std: 0.000
epoch:  52 	 pol:     0.10 	 val:     0.34 	 clipfrac: 0.67 	 return:  -129.16 	 ep_len:   936.4 	 log_std: 0.000
epoch:  53 	 pol:     0.18 	 val:     0.44 	 clipfrac: 0.48 	 return:  -126.85 	 ep_len:   981.1 	 log_std: 0.000
epoch:  54 	 pol:     0.30 	 val:     0.44 	 clipfrac: 0.38 	 return:  -115.85 	 ep_len:   771.1 	 log_std: 0.000
epoch:  55 	 pol:     0.14 	 val:     1.01 	 clipfrac: 0.28 	 return:  -124.52 	 ep_len:   620.5 	 log_std: 0.000
epoch:  56 	 pol:     0.21 	 val:     0.65 	 clipfrac: 0.39 	 return:  -121.00 	 ep_len:   718.5 	 log_std: 0.000
epoch:  57 	 pol:     0.03 	 val:     0.84 	 clipfrac: 0.57 	 return:  -123.73 	 ep_len:   599.7 	 log_std: 0.000
epoch:  58 	 pol:     0.08 	 val:     0.76 	 clipfrac: 0.80 	 return:  -119.33 	 ep_len:   449.1 	 log_std: 0.000
epoch:  59 	 pol:     0.12 	 val:     0.95 	 clipfrac: 0.50 	 return:  -122.01 	 ep_len:   568.4 	 log_std: 0.000
epoch:  60 	 pol:     0.09 	 val:     0.50 	 clipfrac: 0.53 	 return:  -126.67 	 ep_len:   654.7 	 log_std: 0.000
epoch:  61 	 pol:     0.00 	 val:     0.89 	 clipfrac: 0.78 	 return:  -120.44 	 ep_len:   479.2 	 log_std: 0.000
epoch:  62 	 pol:     0.06 	 val:     0.50 	 clipfrac: 0.88 	 return:  -138.72 	 ep_len:   952.4 	 log_std: 0.000
epoch:  63 	 pol:     0.06 	 val:     1.00 	 clipfrac: 0.77 	 return:  -118.37 	 ep_len:   316.2 	 log_std: 0.000
epoch:  64 	 pol:     0.17 	 val:     1.17 	 clipfrac: 0.63 	 return:  -125.55 	 ep_len:   387.9 	 log_std: 0.000
epoch:  65 	 pol:     0.12 	 val:     1.06 	 clipfrac: 0.75 	 return:  -122.25 	 ep_len:   381.1 	 log_std: 0.000
epoch:  66 	 pol:     0.19 	 val:     0.49 	 clipfrac: 0.79 	 return:  -121.98 	 ep_len:   617.8 	 log_std: 0.000
epoch:  67 	 pol:     0.13 	 val:     0.65 	 clipfrac: 0.65 	 return:  -125.65 	 ep_len:   634.6 	 log_std: 0.000
epoch:  68 	 pol:     0.16 	 val:     0.62 	 clipfrac: 0.71 	 return:  -129.14 	 ep_len:   626.8 	 log_std: 0.000
epoch:  69 	 pol:     0.07 	 val:     1.20 	 clipfrac: 0.78 	 return:  -118.32 	 ep_len:   310.7 	 log_std: 0.000
epoch:  70 	 pol:     0.15 	 val:     0.80 	 clipfrac: 0.64 	 return:  -120.65 	 ep_len:   401.2 	 log_std: 0.000
epoch:  71 	 pol:     0.11 	 val:     0.48 	 clipfrac: 0.72 	 return:  -126.72 	 ep_len:   776.6 	 log_std: 0.000
epoch:  72 	 pol:     0.10 	 val:     1.08 	 clipfrac: 0.59 	 return:  -118.94 	 ep_len:   336.1 	 log_std: 0.000
epoch:  73 	 pol:     0.11 	 val:     0.52 	 clipfrac: 0.79 	 return:  -123.49 	 ep_len:   610.4 	 log_std: 0.000
epoch:  74 	 pol:     0.01 	 val:     1.02 	 clipfrac: 0.62 	 return:  -119.51 	 ep_len:   333.4 	 log_std: 0.000
Saved rollout gif -> bipedal_walker_gifs/epoch_0075.gif
epoch:  75 	 pol:     0.14 	 val:     0.66 	 clipfrac: 0.31 	 return:  -117.59 	 ep_len:   354.3 	 log_std: 0.000
epoch:  76 	 pol:     0.10 	 val:     0.61 	 clipfrac: 0.68 	 return:  -127.08 	 ep_len:   666.4 	 log_std: 0.000
epoch:  77 	 pol:    -0.02 	 val:     1.31 	 clipfrac: 0.69 	 return:  -119.28 	 ep_len:   337.8 	 log_std: 0.000
epoch:  78 	 pol:     0.02 	 val:     1.66 	 clipfrac: 0.72 	 return:  -112.74 	 ep_len:   147.4 	 log_std: 0.000
epoch:  79 	 pol:     0.11 	 val:     0.31 	 clipfrac: 0.77 	 return:  -133.86 	 ep_len:  1021.1 	 log_std: 0.000
epoch:  80 	 pol:     0.20 	 val:     0.36 	 clipfrac: 0.65 	 return:  -130.86 	 ep_len:   837.9 	 log_std: 0.000
epoch:  81 	 pol:     0.06 	 val:     0.53 	 clipfrac: 0.64 	 return:  -119.81 	 ep_len:   431.0 	 log_std: 0.000
epoch:  82 	 pol:     0.18 	 val:     0.79 	 clipfrac: 0.28 	 return:  -118.41 	 ep_len:   356.6 	 log_std: 0.000
epoch:  83 	 pol:     0.07 	 val:     0.96 	 clipfrac: 0.61 	 return:  -120.63 	 ep_len:   369.5 	 log_std: 0.000
epoch:  84 	 pol:     0.12 	 val:     0.49 	 clipfrac: 0.15 	 return:  -124.00 	 ep_len:   646.4 	 log_std: 0.000
epoch:  85 	 pol:     0.09 	 val:     1.24 	 clipfrac: 0.50 	 return:  -124.04 	 ep_len:   367.6 	 log_std: 0.000
epoch:  86 	 pol:     0.12 	 val:     0.74 	 clipfrac: 0.37 	 return:  -132.45 	 ep_len:   670.3 	 log_std: 0.000
epoch:  87 	 pol:     0.05 	 val:     1.44 	 clipfrac: 0.73 	 return:  -117.69 	 ep_len:   208.8 	 log_std: 0.000
epoch:  88 	 pol:     0.09 	 val:     0.99 	 clipfrac: 0.52 	 return:  -120.16 	 ep_len:   324.6 	 log_std: 0.000
epoch:  89 	 pol:     0.09 	 val:     0.84 	 clipfrac: 0.27 	 return:  -121.57 	 ep_len:   396.3 	 log_std: -0.001
epoch:  90 	 pol:     0.11 	 val:     1.06 	 clipfrac: 0.39 	 return:  -120.18 	 ep_len:   279.8 	 log_std: -0.001
epoch:  91 	 pol:     0.06 	 val:     0.73 	 clipfrac: 0.22 	 return:  -122.07 	 ep_len:   437.9 	 log_std: -0.002
epoch:  92 	 pol:     0.11 	 val:     0.53 	 clipfrac: 0.43 	 return:  -124.18 	 ep_len:   555.3 	 log_std: -0.000
epoch:  93 	 pol:     0.09 	 val:     0.74 	 clipfrac: 0.23 	 return:  -124.18 	 ep_len:   498.3 	 log_std: 0.000
epoch:  94 	 pol:     0.14 	 val:     1.14 	 clipfrac: 0.41 	 return:  -121.79 	 ep_len:   369.8 	 log_std: 0.000
epoch:  95 	 pol:     0.10 	 val:     1.40 	 clipfrac: 0.27 	 return:  -117.84 	 ep_len:   228.6 	 log_std: -0.001
epoch:  96 	 pol:     0.03 	 val:     1.32 	 clipfrac: 0.17 	 return:  -123.22 	 ep_len:   365.1 	 log_std: -0.002
epoch:  97 	 pol:     0.13 	 val:     1.07 	 clipfrac: 0.17 	 return:  -133.15 	 ep_len:   567.6 	 log_std: 0.000
epoch:  98 	 pol:     0.13 	 val:     0.64 	 clipfrac: 0.20 	 return:  -124.40 	 ep_len:   498.7 	 log_std: 0.000
epoch:  99 	 pol:     0.21 	 val:     0.87 	 clipfrac: 0.14 	 return:  -123.16 	 ep_len:   430.3 	 log_std: 0.000
Saved rollout gif -> bipedal_walker_gifs/epoch_0100.gif
epoch: 100 	 pol:     0.20 	 val:     0.75 	 clipfrac: 0.12 	 return:  -128.40 	 ep_len:   527.9 	 log_std: 0.000
epoch: 101 	 pol:     0.14 	 val:     0.62 	 clipfrac: 0.19 	 return:  -119.63 	 ep_len:   487.2 	 log_std: -0.000
epoch: 102 	 pol:     0.11 	 val:     0.40 	 clipfrac: 0.44 	 return:  -127.34 	 ep_len:   764.4 	 log_std: 0.000
epoch: 103 	 pol:     0.03 	 val:     0.39 	 clipfrac: 0.43 	 return:  -144.48 	 ep_len:  1175.9 	 log_std: 0.000
epoch: 104 	 pol:     0.08 	 val:     0.29 	 clipfrac: 0.40 	 return:  -134.96 	 ep_len:  1169.6 	 log_std: 0.000
epoch: 105 	 pol:     0.14 	 val:     0.35 	 clipfrac: 0.28 	 return:  -132.02 	 ep_len:   914.7 	 log_std: 0.000
epoch: 106 	 pol:     0.12 	 val:     1.33 	 clipfrac: 0.56 	 return:  -122.25 	 ep_len:   355.6 	 log_std: 0.000
epoch: 107 	 pol:     0.15 	 val:     1.34 	 clipfrac: 0.37 	 return:  -127.79 	 ep_len:   450.4 	 log_std: 0.000
epoch: 108 	 pol:     0.18 	 val:     1.33 	 clipfrac: 0.16 	 return:  -146.70 	 ep_len:   731.3 	 log_std: 0.000
epoch: 109 	 pol:     0.15 	 val:     1.23 	 clipfrac: 0.21 	 return:  -129.23 	 ep_len:   515.2 	 log_std: -0.001
epoch: 110 	 pol:     0.23 	 val:     1.15 	 clipfrac: 0.14 	 return:  -145.93 	 ep_len:   890.8 	 log_std: 0.000
epoch: 111 	 pol:     0.24 	 val:     1.68 	 clipfrac: 0.25 	 return:  -131.16 	 ep_len:   424.1 	 log_std: 0.000
epoch: 112 	 pol:     0.26 	 val:     0.82 	 clipfrac: 0.29 	 return:  -119.96 	 ep_len:   469.3 	 log_std: 0.000
epoch: 113 	 pol:     0.11 	 val:     0.54 	 clipfrac: 0.26 	 return:  -131.67 	 ep_len:   915.8 	 log_std: 0.000
epoch: 114 	 pol:     0.15 	 val:     1.53 	 clipfrac: 0.28 	 return:  -138.28 	 ep_len:   487.8 	 log_std: 0.000
epoch: 115 	 pol:     0.19 	 val:     0.60 	 clipfrac: 0.18 	 return:  -138.68 	 ep_len:   897.8 	 log_std: 0.000
epoch: 116 	 pol:     0.23 	 val:     1.24 	 clipfrac: 0.17 	 return:  -130.85 	 ep_len:   562.5 	 log_std: 0.000
epoch: 117 	 pol:     0.29 	 val:     1.10 	 clipfrac: 0.21 	 return:  -119.11 	 ep_len:   437.2 	 log_std: 0.000
epoch: 118 	 pol:     0.29 	 val:     1.53 	 clipfrac: 0.27 	 return:  -119.02 	 ep_len:   293.5 	 log_std: -0.000
epoch: 119 	 pol:     0.24 	 val:     0.83 	 clipfrac: 0.15 	 return:  -131.46 	 ep_len:   702.5 	 log_std: 0.000
epoch: 120 	 pol:     0.40 	 val:     1.24 	 clipfrac: 0.18 	 return:  -123.14 	 ep_len:   398.3 	 log_std: 0.000
epoch: 121 	 pol:     0.27 	 val:     0.55 	 clipfrac: 0.22 	 return:  -120.59 	 ep_len:   649.8 	 log_std: 0.000
epoch: 122 	 pol:     0.40 	 val:     1.02 	 clipfrac: 0.20 	 return:  -118.93 	 ep_len:   382.3 	 log_std: 0.000
epoch: 123 	 pol:     0.25 	 val:     1.25 	 clipfrac: 0.11 	 return:  -130.17 	 ep_len:   594.2 	 log_std: 0.000
epoch: 124 	 pol:     0.45 	 val:     1.28 	 clipfrac: 0.27 	 return:  -117.00 	 ep_len:   271.9 	 log_std: 0.000
Saved rollout gif -> bipedal_walker_gifs/epoch_0125.gif
epoch: 125 	 pol:     0.51 	 val:     1.92 	 clipfrac: 0.22 	 return:  -117.54 	 ep_len:   197.2 	 log_std: 0.000
epoch: 126 	 pol:     0.20 	 val:     1.81 	 clipfrac: 0.18 	 return:  -120.47 	 ep_len:   266.9 	 log_std: -0.000
epoch: 127 	 pol:     0.29 	 val:     1.24 	 clipfrac: 0.23 	 return:  -118.79 	 ep_len:   369.0 	 log_std: -0.000
epoch: 128 	 pol:     0.39 	 val:     1.67 	 clipfrac: 0.18 	 return:  -119.41 	 ep_len:   271.7 	 log_std: -0.001
epoch: 129 	 pol:     0.29 	 val:     2.00 	 clipfrac: 0.18 	 return:  -119.78 	 ep_len:   225.3 	 log_std: -0.002
epoch: 130 	 pol:     0.25 	 val:     1.44 	 clipfrac: 0.20 	 return:  -112.21 	 ep_len:   206.4 	 log_std: -0.003
epoch: 131 	 pol:     0.16 	 val:     1.04 	 clipfrac: 0.17 	 return:  -114.98 	 ep_len:   322.3 	 log_std: -0.005
epoch: 132 	 pol:     0.22 	 val:     2.41 	 clipfrac: 0.24 	 return:  -114.87 	 ep_len:   180.4 	 log_std: -0.005
epoch: 133 	 pol:     0.28 	 val:     1.25 	 clipfrac: 0.26 	 return:  -118.84 	 ep_len:   289.8 	 log_std: -0.005
epoch: 134 	 pol:     0.30 	 val:     1.64 	 clipfrac: 0.23 	 return:  -112.21 	 ep_len:   155.6 	 log_std: -0.005
epoch: 135 	 pol:     0.27 	 val:     1.84 	 clipfrac: 0.24 	 return:  -112.19 	 ep_len:   148.1 	 log_std: -0.006
epoch: 136 	 pol:     0.49 	 val:     1.53 	 clipfrac: 0.19 	 return:  -114.08 	 ep_len:   186.1 	 log_std: -0.005
epoch: 137 	 pol:     0.36 	 val:     2.79 	 clipfrac: 0.27 	 return:  -115.76 	 ep_len:   132.3 	 log_std: -0.005
epoch: 138 	 pol:     0.47 	 val:     1.58 	 clipfrac: 0.26 	 return:  -113.79 	 ep_len:   152.2 	 log_std: -0.005
epoch: 139 	 pol:     0.34 	 val:     1.45 	 clipfrac: 0.24 	 return:  -118.82 	 ep_len:   229.4 	 log_std: -0.005
epoch: 140 	 pol:     0.26 	 val:     2.20 	 clipfrac: 0.35 	 return:  -110.87 	 ep_len:    87.2 	 log_std: -0.004
epoch: 141 	 pol:     0.17 	 val:     1.02 	 clipfrac: 0.28 	 return:  -110.92 	 ep_len:   148.2 	 log_std: -0.005
epoch: 142 	 pol:     0.36 	 val:     1.54 	 clipfrac: 0.32 	 return:  -110.32 	 ep_len:   107.9 	 log_std: -0.005
epoch: 143 	 pol:     0.38 	 val:     1.57 	 clipfrac: 0.31 	 return:  -110.93 	 ep_len:    91.3 	 log_std: -0.006
epoch: 144 	 pol:     0.44 	 val:     1.53 	 clipfrac: 0.37 	 return:  -109.76 	 ep_len:    74.9 	 log_std: -0.005
epoch: 145 	 pol:     0.36 	 val:     1.47 	 clipfrac: 0.30 	 return:  -109.98 	 ep_len:    93.0 	 log_std: -0.004
epoch: 146 	 pol:     0.14 	 val:     1.42 	 clipfrac: 0.30 	 return:  -110.05 	 ep_len:   103.4 	 log_std: -0.004
epoch: 147 	 pol:     0.31 	 val:     1.39 	 clipfrac: 0.30 	 return:  -111.95 	 ep_len:   120.0 	 log_std: -0.003
epoch: 148 	 pol:     0.26 	 val:     1.35 	 clipfrac: 0.38 	 return:  -108.08 	 ep_len:    65.7 	 log_std: -0.003
epoch: 149 	 pol:     0.13 	 val:     1.40 	 clipfrac: 0.31 	 return:  -110.82 	 ep_len:    87.2 	 log_std: -0.001
Saved rollout gif -> bipedal_walker_gifs/epoch_0150.gif

Saved training plot to bipedal_walker_training_BipedalWalker-v3.png
