
Projection policy gradient (ptorch) for continuous control, with value baseline.

Saved rollout gif -> bipedal_walker_gifs/epoch_0000.gif
epoch:   0 	 pol:    -0.07 	 val:     1.22 	 clipfrac: 0.82 	 return:  -106.27 	 ep_len:   298.7 	 log_std: -0.683	 det_ret:  -132.16 	 det_len:  189.0
epoch:   1 	 pol:     0.20 	 val:     1.07 	 clipfrac: 0.52 	 return:  -125.64 	 ep_len:   260.9 	 log_std: -0.670
epoch:   2 	 pol:     0.06 	 val:     0.88 	 clipfrac: 0.45 	 return:  -125.51 	 ep_len:   439.8 	 log_std: -0.649
epoch:   3 	 pol:     0.20 	 val:     0.61 	 clipfrac: 0.21 	 return:  -114.70 	 ep_len:   619.8 	 log_std: -0.640
epoch:   4 	 pol:     0.24 	 val:     0.73 	 clipfrac: 0.21 	 return:  -134.32 	 ep_len:   530.9 	 log_std: -0.633
epoch:   5 	 pol:     0.08 	 val:     0.89 	 clipfrac: 0.14 	 return:  -127.42 	 ep_len:   669.5 	 log_std: -0.626
epoch:   6 	 pol:     0.05 	 val:     0.70 	 clipfrac: 0.12 	 return:  -133.95 	 ep_len:   868.3 	 log_std: -0.617
epoch:   7 	 pol:     0.01 	 val:     0.52 	 clipfrac: 0.14 	 return:  -113.85 	 ep_len:  1090.2 	 log_std: -0.603
epoch:   8 	 pol:    -0.01 	 val:     0.55 	 clipfrac: 0.10 	 return:  -106.79 	 ep_len:  1128.2 	 log_std: -0.587
epoch:   9 	 pol:    -0.19 	 val:     0.75 	 clipfrac: 0.26 	 return:  -108.92 	 ep_len:   665.7 	 log_std: -0.564
epoch:  10 	 pol:    -0.08 	 val:     0.22 	 clipfrac: 0.12 	 return:  -113.12 	 ep_len:  1343.8 	 log_std: -0.553	 det_ret:   -64.74 	 det_len: 1600.0
epoch:  11 	 pol:     0.05 	 val:     0.76 	 clipfrac: 0.10 	 return:  -108.49 	 ep_len:   739.5 	 log_std: -0.557
epoch:  12 	 pol:     0.07 	 val:     0.83 	 clipfrac: 0.12 	 return:  -102.70 	 ep_len:   731.6 	 log_std: -0.557
epoch:  13 	 pol:     0.07 	 val:     0.65 	 clipfrac: 0.09 	 return:  -104.78 	 ep_len:   804.4 	 log_std: -0.557
epoch:  14 	 pol:    -0.03 	 val:     0.23 	 clipfrac: 0.09 	 return:   -85.24 	 ep_len:  1183.1 	 log_std: -0.554
epoch:  15 	 pol:    -0.03 	 val:     0.42 	 clipfrac: 0.11 	 return:   -97.26 	 ep_len:  1453.7 	 log_std: -0.555
epoch:  16 	 pol:     0.05 	 val:     0.55 	 clipfrac: 0.10 	 return:  -100.39 	 ep_len:  1042.6 	 log_std: -0.556
epoch:  17 	 pol:     0.03 	 val:     1.07 	 clipfrac: 0.09 	 return:   -98.83 	 ep_len:   934.6 	 log_std: -0.559
epoch:  18 	 pol:    -0.03 	 val:     0.73 	 clipfrac: 0.15 	 return:  -100.96 	 ep_len:  1039.8 	 log_std: -0.564
epoch:  19 	 pol:    -0.09 	 val:     1.05 	 clipfrac: 0.32 	 return:  -112.99 	 ep_len:   909.9 	 log_std: -0.562
epoch:  20 	 pol:    -0.05 	 val:     0.21 	 clipfrac: 0.10 	 return:   -82.50 	 ep_len:  1340.0 	 log_std: -0.560	 det_ret:   -49.40 	 det_len: 1600.0
epoch:  21 	 pol:     0.06 	 val:     0.40 	 clipfrac: 0.08 	 return:   -91.73 	 ep_len:  1161.6 	 log_std: -0.560
epoch:  22 	 pol:     0.19 	 val:     1.04 	 clipfrac: 0.18 	 return:   -97.72 	 ep_len:   561.7 	 log_std: -0.561
epoch:  23 	 pol:    -0.05 	 val:     0.32 	 clipfrac: 0.11 	 return:   -83.62 	 ep_len:  1341.8 	 log_std: -0.561
epoch:  24 	 pol:     0.18 	 val:     0.85 	 clipfrac: 0.14 	 return:   -92.33 	 ep_len:   700.2 	 log_std: -0.562
Saved rollout gif -> bipedal_walker_gifs/epoch_0025.gif
epoch:  25 	 pol:    -0.33 	 val:     0.40 	 clipfrac: 0.70 	 return:  -108.59 	 ep_len:  1339.7 	 log_std: -0.561
epoch:  26 	 pol:     0.15 	 val:     2.34 	 clipfrac: 0.25 	 return:  -126.37 	 ep_len:   424.0 	 log_std: -0.569
epoch:  27 	 pol:     0.06 	 val:     1.99 	 clipfrac: 0.21 	 return:  -162.54 	 ep_len:  1032.0 	 log_std: -0.574
epoch:  28 	 pol:     0.13 	 val:     3.26 	 clipfrac: 0.24 	 return:  -126.29 	 ep_len:   333.5 	 log_std: -0.582
epoch:  29 	 pol:     0.10 	 val:     1.72 	 clipfrac: 0.16 	 return:  -127.73 	 ep_len:   733.0 	 log_std: -0.587
epoch:  30 	 pol:     0.11 	 val:     1.68 	 clipfrac: 0.15 	 return:  -114.95 	 ep_len:   569.6 	 log_std: -0.592	 det_ret:  -186.79 	 det_len: 1536.0
epoch:  31 	 pol:    -0.00 	 val:     0.71 	 clipfrac: 0.15 	 return:   -85.28 	 ep_len:   827.4 	 log_std: -0.589
epoch:  32 	 pol:    -0.03 	 val:     0.29 	 clipfrac: 0.15 	 return:   -75.34 	 ep_len:  1339.3 	 log_std: -0.585
epoch:  33 	 pol:     0.11 	 val:     0.63 	 clipfrac: 0.11 	 return:   -87.47 	 ep_len:  1147.4 	 log_std: -0.585
epoch:  34 	 pol:     0.06 	 val:     1.01 	 clipfrac: 0.12 	 return:   -86.15 	 ep_len:   690.8 	 log_std: -0.588
epoch:  35 	 pol:     0.06 	 val:     0.55 	 clipfrac: 0.14 	 return:   -81.13 	 ep_len:   745.5 	 log_std: -0.590
epoch:  36 	 pol:     0.03 	 val:     0.81 	 clipfrac: 0.21 	 return:   -77.94 	 ep_len:  1024.2 	 log_std: -0.592
epoch:  37 	 pol:     0.04 	 val:     4.52 	 clipfrac: 0.70 	 return:  -114.11 	 ep_len:   245.7 	 log_std: -0.595
epoch:  38 	 pol:    -0.02 	 val:     0.47 	 clipfrac: 0.27 	 return:   -89.36 	 ep_len:  1160.4 	 log_std: -0.596
epoch:  39 	 pol:     0.12 	 val:     2.07 	 clipfrac: 0.23 	 return:  -106.26 	 ep_len:   477.2 	 log_std: -0.609
epoch:  40 	 pol:     0.05 	 val:     1.68 	 clipfrac: 0.16 	 return:   -96.13 	 ep_len:   717.3 	 log_std: -0.610	 det_ret:   -50.14 	 det_len: 1600.0
epoch:  41 	 pol:     0.06 	 val:     1.27 	 clipfrac: 0.18 	 return:   -93.22 	 ep_len:   977.3 	 log_std: -0.612
epoch:  42 	 pol:     0.00 	 val:     0.46 	 clipfrac: 0.19 	 return:   -65.73 	 ep_len:  1342.3 	 log_std: -0.614
epoch:  43 	 pol:     0.16 	 val:     2.68 	 clipfrac: 0.45 	 return:  -101.91 	 ep_len:   298.0 	 log_std: -0.619
epoch:  44 	 pol:     0.10 	 val:     1.40 	 clipfrac: 0.11 	 return:   -93.68 	 ep_len:   763.8 	 log_std: -0.621
epoch:  45 	 pol:     0.11 	 val:     1.51 	 clipfrac: 0.18 	 return:   -90.18 	 ep_len:   502.9 	 log_std: -0.626
epoch:  46 	 pol:    -0.00 	 val:     0.41 	 clipfrac: 0.22 	 return:   -78.70 	 ep_len:  1214.1 	 log_std: -0.627
epoch:  47 	 pol:     0.03 	 val:     0.72 	 clipfrac: 0.11 	 return:   -67.39 	 ep_len:  1040.5 	 log_std: -0.629
epoch:  48 	 pol:     0.19 	 val:     1.21 	 clipfrac: 0.25 	 return:   -91.87 	 ep_len:   583.2 	 log_std: -0.634
epoch:  49 	 pol:     0.13 	 val:     1.68 	 clipfrac: 0.22 	 return:   -89.36 	 ep_len:   472.4 	 log_std: -0.642
Saved rollout gif -> bipedal_walker_gifs/epoch_0050.gif
epoch:  50 	 pol:    -0.02 	 val:     0.34 	 clipfrac: 0.32 	 return:   -71.10 	 ep_len:  1392.5 	 log_std: -0.644	 det_ret:   -39.31 	 det_len: 1600.0
epoch:  51 	 pol:     0.05 	 val:     0.77 	 clipfrac: 0.11 	 return:   -82.96 	 ep_len:   808.4 	 log_std: -0.647
epoch:  52 	 pol:     0.11 	 val:     1.56 	 clipfrac: 0.31 	 return:   -93.91 	 ep_len:   468.5 	 log_std: -0.651
epoch:  53 	 pol:    -0.02 	 val:     0.21 	 clipfrac: 0.26 	 return:   -56.96 	 ep_len:  1342.5 	 log_std: -0.651
epoch:  54 	 pol:     0.03 	 val:     0.10 	 clipfrac: 0.19 	 return:   -50.23 	 ep_len:  1600.0 	 log_std: -0.652
epoch:  55 	 pol:     0.12 	 val:     2.45 	 clipfrac: 0.43 	 return:   -98.27 	 ep_len:   323.8 	 log_std: -0.656
epoch:  56 	 pol:     0.04 	 val:     0.62 	 clipfrac: 0.14 	 return:   -69.20 	 ep_len:   915.8 	 log_std: -0.659
epoch:  57 	 pol:     0.13 	 val:     1.44 	 clipfrac: 0.24 	 return:   -89.06 	 ep_len:   428.7 	 log_std: -0.663
epoch:  58 	 pol:    -0.05 	 val:     0.79 	 clipfrac: 0.13 	 return:   -67.84 	 ep_len:   825.3 	 log_std: -0.667
epoch:  59 	 pol:    -0.00 	 val:     0.10 	 clipfrac: 0.34 	 return:   -35.57 	 ep_len:  1600.0 	 log_std: -0.667
epoch:  60 	 pol:     0.14 	 val:     1.21 	 clipfrac: 0.32 	 return:   -84.42 	 ep_len:   470.1 	 log_std: -0.669	 det_ret:  -102.97 	 det_len:  152.0
epoch:  61 	 pol:     0.06 	 val:     0.60 	 clipfrac: 0.11 	 return:   -68.41 	 ep_len:   817.2 	 log_std: -0.671
epoch:  62 	 pol:     0.00 	 val:     0.10 	 clipfrac: 0.23 	 return:   -34.30 	 ep_len:  1600.0 	 log_std: -0.671
epoch:  63 	 pol:     0.12 	 val:     1.47 	 clipfrac: 0.38 	 return:   -91.69 	 ep_len:   524.3 	 log_std: -0.674
epoch:  64 	 pol:     0.10 	 val:     0.92 	 clipfrac: 0.15 	 return:   -81.06 	 ep_len:   556.4 	 log_std: -0.675
epoch:  65 	 pol:     0.00 	 val:     0.22 	 clipfrac: 0.23 	 return:   -41.42 	 ep_len:  1340.3 	 log_std: -0.675
epoch:  66 	 pol:     0.06 	 val:     1.47 	 clipfrac: 0.32 	 return:   -91.21 	 ep_len:   416.6 	 log_std: -0.675
epoch:  67 	 pol:     0.02 	 val:     0.62 	 clipfrac: 0.13 	 return:   -73.96 	 ep_len:   686.8 	 log_std: -0.675
epoch:  68 	 pol:     0.01 	 val:     0.81 	 clipfrac: 0.11 	 return:   -86.45 	 ep_len:  1265.7 	 log_std: -0.675
epoch:  69 	 pol:     0.09 	 val:     1.58 	 clipfrac: 0.34 	 return:   -93.73 	 ep_len:   294.0 	 log_std: -0.675
epoch:  70 	 pol:    -0.03 	 val:     0.58 	 clipfrac: 0.17 	 return:   -53.84 	 ep_len:  1166.9 	 log_std: -0.675	 det_ret:    -7.19 	 det_len: 1600.0
epoch:  71 	 pol:     0.16 	 val:     1.39 	 clipfrac: 0.30 	 return:   -95.58 	 ep_len:   286.1 	 log_std: -0.675
epoch:  72 	 pol:    -0.00 	 val:     0.64 	 clipfrac: 0.12 	 return:   -52.52 	 ep_len:  1038.5 	 log_std: -0.675
epoch:  73 	 pol:     0.07 	 val:     1.46 	 clipfrac: 0.24 	 return:   -93.86 	 ep_len:   278.6 	 log_std: -0.675
epoch:  74 	 pol:     0.04 	 val:     0.99 	 clipfrac: 0.12 	 return:   -77.10 	 ep_len:  1060.0 	 log_std: -0.675
Saved rollout gif -> bipedal_walker_gifs/epoch_0075.gif
epoch:  75 	 pol:     0.02 	 val:     1.52 	 clipfrac: 0.21 	 return:   -94.80 	 ep_len:   265.2 	 log_std: -0.675
epoch:  76 	 pol:    -0.00 	 val:     0.45 	 clipfrac: 0.22 	 return:   -40.24 	 ep_len:  1359.5 	 log_std: -0.675
epoch:  77 	 pol:     0.11 	 val:     1.23 	 clipfrac: 0.31 	 return:   -94.07 	 ep_len:   259.6 	 log_std: -0.675
epoch:  78 	 pol:     0.04 	 val:     1.42 	 clipfrac: 0.23 	 return:   -97.71 	 ep_len:   245.2 	 log_std: -0.675
epoch:  79 	 pol:    -0.04 	 val:     0.19 	 clipfrac: 0.28 	 return:   -28.98 	 ep_len:  1600.0 	 log_std: -0.675
epoch:  80 	 pol:     0.09 	 val:     0.96 	 clipfrac: 0.40 	 return:   -96.51 	 ep_len:   236.2 	 log_std: -0.676	 det_ret:     1.10 	 det_len: 1600.0
epoch:  81 	 pol:    -0.01 	 val:     0.61 	 clipfrac: 0.13 	 return:   -83.71 	 ep_len:   467.6 	 log_std: -0.675
epoch:  82 	 pol:     0.02 	 val:     0.73 	 clipfrac: 0.11 	 return:   -86.71 	 ep_len:   406.5 	 log_std: -0.675
epoch:  83 	 pol:    -0.07 	 val:     0.88 	 clipfrac: 0.18 	 return:   -96.58 	 ep_len:   243.8 	 log_std: -0.675
epoch:  84 	 pol:    -0.01 	 val:     0.28 	 clipfrac: 0.23 	 return:   -38.37 	 ep_len:  1338.5 	 log_std: -0.675
epoch:  85 	 pol:     0.02 	 val:     0.72 	 clipfrac: 0.34 	 return:   -94.38 	 ep_len:   249.9 	 log_std: -0.676
epoch:  86 	 pol:     0.07 	 val:     0.70 	 clipfrac: 0.20 	 return:   -96.07 	 ep_len:   233.2 	 log_std: -0.676
epoch:  87 	 pol:    -0.04 	 val:     0.95 	 clipfrac: 0.17 	 return:   -96.17 	 ep_len:   230.4 	 log_std: -0.676
epoch:  88 	 pol:    -0.16 	 val:     0.86 	 clipfrac: 0.17 	 return:   -96.64 	 ep_len:   228.7 	 log_std: -0.675
epoch:  89 	 pol:     0.04 	 val:     0.92 	 clipfrac: 0.18 	 return:   -99.01 	 ep_len:   153.9 	 log_std: -0.676
epoch:  90 	 pol:    -0.40 	 val:     0.93 	 clipfrac: 0.30 	 return:  -103.45 	 ep_len:    79.4 	 log_std: -0.677	 det_ret:   -14.45 	 det_len: 1600.0
epoch:  91 	 pol:    -0.10 	 val:     0.40 	 clipfrac: 0.22 	 return:   -57.17 	 ep_len:   903.1 	 log_std: -0.675
epoch:  92 	 pol:    -0.05 	 val:     0.17 	 clipfrac: 0.21 	 return:   -12.83 	 ep_len:  1600.0 	 log_std: -0.675
epoch:  93 	 pol:     0.05 	 val:     0.33 	 clipfrac: 0.10 	 return:   -31.90 	 ep_len:  1364.9 	 log_std: -0.675
epoch:  94 	 pol:    -0.09 	 val:     0.20 	 clipfrac: 0.13 	 return:   -21.36 	 ep_len:  1558.2 	 log_std: -0.675
epoch:  95 	 pol:     0.04 	 val:     0.21 	 clipfrac: 0.11 	 return:   -18.09 	 ep_len:  1352.0 	 log_std: -0.675
epoch:  96 	 pol:    -0.02 	 val:     0.72 	 clipfrac: 0.22 	 return:   -49.84 	 ep_len:  1025.1 	 log_std: -0.675
epoch:  97 	 pol:     0.02 	 val:     0.31 	 clipfrac: 0.30 	 return:   -11.18 	 ep_len:  1565.8 	 log_std: -0.675
epoch:  98 	 pol:    -0.01 	 val:     0.60 	 clipfrac: 0.17 	 return:   -52.86 	 ep_len:   977.0 	 log_std: -0.675
epoch:  99 	 pol:    -0.12 	 val:     0.55 	 clipfrac: 0.17 	 return:   -41.08 	 ep_len:  1160.1 	 log_std: -0.675
Saved rollout gif -> bipedal_walker_gifs/epoch_0100.gif
epoch: 100 	 pol:     0.01 	 val:     0.55 	 clipfrac: 0.15 	 return:   -30.90 	 ep_len:  1157.3 	 log_std: -0.675	 det_ret:    36.40 	 det_len: 1600.0
epoch: 101 	 pol:     0.06 	 val:     0.65 	 clipfrac: 0.15 	 return:   -56.38 	 ep_len:   904.5 	 log_std: -0.675
epoch: 102 	 pol:    -0.21 	 val:     0.98 	 clipfrac: 0.23 	 return:   -69.02 	 ep_len:   570.2 	 log_std: -0.675
epoch: 103 	 pol:    -0.08 	 val:     0.32 	 clipfrac: 0.17 	 return:   -27.28 	 ep_len:  1159.1 	 log_std: -0.675
epoch: 104 	 pol:    -0.31 	 val:     0.55 	 clipfrac: 0.14 	 return:   -59.63 	 ep_len:   799.2 	 log_std: -0.676
epoch: 105 	 pol:    -0.04 	 val:     0.38 	 clipfrac: 0.17 	 return:   -26.77 	 ep_len:  1158.0 	 log_std: -0.675
epoch: 106 	 pol:    -0.20 	 val:     0.35 	 clipfrac: 0.18 	 return:   -32.20 	 ep_len:  1018.8 	 log_std: -0.675
epoch: 107 	 pol:    -0.02 	 val:     0.48 	 clipfrac: 0.19 	 return:   -46.62 	 ep_len:   829.1 	 log_std: -0.675
epoch: 108 	 pol:    -0.32 	 val:     1.01 	 clipfrac: 0.36 	 return:   -80.24 	 ep_len:   355.5 	 log_std: -0.676
epoch: 109 	 pol:    -0.02 	 val:     0.29 	 clipfrac: 0.25 	 return:   -28.20 	 ep_len:  1155.1 	 log_std: -0.675
epoch: 110 	 pol:    -0.15 	 val:     0.82 	 clipfrac: 0.24 	 return:   -79.82 	 ep_len:   396.0 	 log_std: -0.675	 det_ret:  -104.32 	 det_len:   41.0
epoch: 111 	 pol:    -0.13 	 val:     1.56 	 clipfrac: 0.42 	 return:   -93.81 	 ep_len:   177.5 	 log_std: -0.677
epoch: 112 	 pol:    -0.06 	 val:     1.01 	 clipfrac: 0.22 	 return:   -87.36 	 ep_len:   277.8 	 log_std: -0.678
epoch: 113 	 pol:    -0.02 	 val:     0.47 	 clipfrac: 0.29 	 return:   -50.95 	 ep_len:   821.3 	 log_std: -0.675
epoch: 114 	 pol:    -0.26 	 val:     1.34 	 clipfrac: 0.32 	 return:   -87.25 	 ep_len:   294.0 	 log_std: -0.676
epoch: 115 	 pol:     0.13 	 val:     0.79 	 clipfrac: 0.12 	 return:   -65.51 	 ep_len:   611.0 	 log_std: -0.676
epoch: 116 	 pol:    -0.03 	 val:     1.08 	 clipfrac: 0.26 	 return:   -85.75 	 ep_len:   297.5 	 log_std: -0.679
epoch: 117 	 pol:    -0.54 	 val:     1.80 	 clipfrac: 0.41 	 return:   -99.73 	 ep_len:   105.7 	 log_std: -0.679
epoch: 118 	 pol:    -0.21 	 val:     0.79 	 clipfrac: 0.20 	 return:   -89.78 	 ep_len:   272.6 	 log_std: -0.679
epoch: 119 	 pol:    -0.25 	 val:     0.80 	 clipfrac: 0.20 	 return:   -93.83 	 ep_len:   237.5 	 log_std: -0.678
epoch: 120 	 pol:     0.11 	 val:     1.50 	 clipfrac: 0.27 	 return:   -97.68 	 ep_len:   210.6 	 log_std: -0.681	 det_ret:  -104.01 	 det_len:   42.0
epoch: 121 	 pol:    -0.10 	 val:     1.46 	 clipfrac: 0.34 	 return:  -100.81 	 ep_len:   113.2 	 log_std: -0.684
epoch: 122 	 pol:    -0.00 	 val:     0.88 	 clipfrac: 0.25 	 return:   -95.63 	 ep_len:   195.0 	 log_std: -0.688
epoch: 123 	 pol:    -0.22 	 val:     0.80 	 clipfrac: 0.25 	 return:   -90.09 	 ep_len:   252.5 	 log_std: -0.686
epoch: 124 	 pol:    -0.04 	 val:     1.15 	 clipfrac: 0.19 	 return:   -96.34 	 ep_len:   237.9 	 log_std: -0.689
Saved rollout gif -> bipedal_walker_gifs/epoch_0125.gif
epoch: 125 	 pol:     0.02 	 val:     1.16 	 clipfrac: 0.24 	 return:   -94.53 	 ep_len:   172.4 	 log_std: -0.695
epoch: 126 	 pol:    -0.38 	 val:     1.01 	 clipfrac: 0.29 	 return:   -99.71 	 ep_len:   116.0 	 log_std: -0.694
epoch: 127 	 pol:    -0.19 	 val:     1.28 	 clipfrac: 0.22 	 return:   -94.87 	 ep_len:   184.2 	 log_std: -0.696
epoch: 128 	 pol:     0.13 	 val:     1.58 	 clipfrac: 0.34 	 return:  -100.23 	 ep_len:   103.1 	 log_std: -0.700
epoch: 129 	 pol:    -0.54 	 val:     1.09 	 clipfrac: 0.38 	 return:  -100.39 	 ep_len:   104.6 	 log_std: -0.701
epoch: 130 	 pol:    -1.41 	 val:     0.68 	 clipfrac: 0.63 	 return:  -103.64 	 ep_len:    46.1 	 log_std: -0.701	 det_ret:  -103.24 	 det_len:   43.0
epoch: 131 	 pol:    -2.09 	 val:     0.38 	 clipfrac: 0.51 	 return:  -103.82 	 ep_len:    44.0 	 log_std: -0.701
epoch: 132 	 pol:    -2.79 	 val:     0.23 	 clipfrac: 0.49 	 return:  -103.88 	 ep_len:    45.0 	 log_std: -0.702
epoch: 133 	 pol:    -5.93 	 val:     0.21 	 clipfrac: 0.66 	 return:  -102.83 	 ep_len:    48.9 	 log_std: -0.701
epoch: 134 	 pol:   -10.49 	 val:     0.11 	 clipfrac: 0.55 	 return:  -102.76 	 ep_len:    50.4 	 log_std: -0.701
epoch: 135 	 pol:   -16.37 	 val:     0.04 	 clipfrac: 0.52 	 return:  -102.53 	 ep_len:    50.0 	 log_std: -0.704
epoch: 136 	 pol:    -4.16 	 val:     0.03 	 clipfrac: 0.59 	 return:  -102.55 	 ep_len:    50.0 	 log_std: -0.706
epoch: 137 	 pol:     9.32 	 val:     0.03 	 clipfrac: 0.49 	 return:  -102.54 	 ep_len:    50.0 	 log_std: -0.706
epoch: 138 	 pol:     5.51 	 val:     0.02 	 clipfrac: 0.50 	 return:  -102.54 	 ep_len:    50.0 	 log_std: -0.707
epoch: 139 	 pol:    -7.12 	 val:     0.02 	 clipfrac: 0.51 	 return:  -102.54 	 ep_len:    50.0 	 log_std: -0.711
epoch: 140 	 pol:     3.53 	 val:     0.01 	 clipfrac: 0.50 	 return:  -102.54 	 ep_len:    50.0 	 log_std: -0.713	 det_ret:  -102.54 	 det_len:   50.0
epoch: 141 	 pol:     8.23 	 val:     0.01 	 clipfrac: 0.49 	 return:  -102.54 	 ep_len:    50.0 	 log_std: -0.714
epoch: 142 	 pol:    -7.08 	 val:     0.01 	 clipfrac: 0.51 	 return:  -102.55 	 ep_len:    50.0 	 log_std: -0.717
epoch: 143 	 pol:    -7.56 	 val:     0.01 	 clipfrac: 0.55 	 return:  -102.53 	 ep_len:    50.0 	 log_std: -0.721
epoch: 144 	 pol:    -7.62 	 val:     0.01 	 clipfrac: 0.52 	 return:  -102.53 	 ep_len:    50.0 	 log_std: -0.724
epoch: 145 	 pol:    -3.34 	 val:     0.01 	 clipfrac: 0.53 	 return:  -102.53 	 ep_len:    50.0 	 log_std: -0.726
epoch: 146 	 pol:    10.49 	 val:     0.01 	 clipfrac: 0.53 	 return:  -102.54 	 ep_len:    50.0 	 log_std: -0.729
epoch: 147 	 pol:    -3.75 	 val:     0.01 	 clipfrac: 0.53 	 return:  -102.53 	 ep_len:    50.0 	 log_std: -0.732
epoch: 148 	 pol:    12.94 	 val:     0.01 	 clipfrac: 0.52 	 return:  -102.54 	 ep_len:    50.0 	 log_std: -0.736
epoch: 149 	 pol:    -3.27 	 val:     0.01 	 clipfrac: 0.54 	 return:  -102.54 	 ep_len:    50.0 	 log_std: -0.739
Saved rollout gif -> bipedal_walker_gifs/epoch_0150.gif
epoch: 150 	 pol:   -24.33 	 val:     0.01 	 clipfrac: 0.57 	 return:  -102.54 	 ep_len:    50.0 	 log_std: -0.741	 det_ret:  -102.55 	 det_len:   50.0
epoch: 151 	 pol:    48.68 	 val:     0.01 	 clipfrac: 0.56 	 return:  -102.55 	 ep_len:    50.0 	 log_std: -0.744
epoch: 152 	 pol:     0.49 	 val:     0.01 	 clipfrac: 0.56 	 return:  -102.55 	 ep_len:    50.0 	 log_std: -0.746
epoch: 153 	 pol:   -12.43 	 val:     0.01 	 clipfrac: 0.58 	 return:  -102.54 	 ep_len:    50.0 	 log_std: -0.748
epoch: 154 	 pol:   -31.34 	 val:     0.01 	 clipfrac: 0.57 	 return:  -102.53 	 ep_len:    50.0 	 log_std: -0.750
epoch: 155 	 pol:   -37.91 	 val:     0.00 	 clipfrac: 0.56 	 return:  -102.53 	 ep_len:    50.0 	 log_std: -0.753
epoch: 156 	 pol:   -19.30 	 val:     0.01 	 clipfrac: 0.56 	 return:  -102.53 	 ep_len:    50.0 	 log_std: -0.755
epoch: 157 	 pol:   -83.78 	 val:     0.00 	 clipfrac: 0.55 	 return:  -102.53 	 ep_len:    50.0 	 log_std: -0.760
epoch: 158 	 pol:   104.59 	 val:     0.00 	 clipfrac: 0.53 	 return:  -102.54 	 ep_len:    50.0 	 log_std: -0.762
epoch: 159 	 pol:   -94.60 	 val:     0.00 	 clipfrac: 0.51 	 return:  -102.54 	 ep_len:    50.0 	 log_std: -0.764
epoch: 160 	 pol:    77.28 	 val:     0.01 	 clipfrac: 0.52 	 return:  -102.54 	 ep_len:    50.0 	 log_std: -0.766	 det_ret:  -102.55 	 det_len:   50.0
epoch: 161 	 pol:   -32.07 	 val:     0.00 	 clipfrac: 0.52 	 return:  -102.55 	 ep_len:    50.0 	 log_std: -0.768
epoch: 162 	 pol:  -273.50 	 val:     0.00 	 clipfrac: 0.51 	 return:  -102.55 	 ep_len:    50.0 	 log_std: -0.770
epoch: 163 	 pol:  -219.00 	 val:     0.00 	 clipfrac: 0.53 	 return:  -102.53 	 ep_len:    50.0 	 log_std: -0.774
epoch: 164 	 pol:    58.03 	 val:     0.00 	 clipfrac: 0.54 	 return:  -102.53 	 ep_len:    50.0 	 log_std: -0.777
epoch: 165 	 pol:    22.56 	 val:     0.00 	 clipfrac: 0.54 	 return:  -102.53 	 ep_len:    50.0 	 log_std: -0.779
epoch: 166 	 pol:   209.67 	 val:     0.00 	 clipfrac: 0.55 	 return:  -102.53 	 ep_len:    50.0 	 log_std: -0.781
epoch: 167 	 pol:    72.09 	 val:     0.00 	 clipfrac: 0.54 	 return:  -102.54 	 ep_len:    50.0 	 log_std: -0.783
epoch: 168 	 pol:   239.44 	 val:     0.00 	 clipfrac: 0.54 	 return:  -102.54 	 ep_len:    50.0 	 log_std: -0.785
epoch: 169 	 pol:    35.55 	 val:     0.00 	 clipfrac: 0.52 	 return:  -102.54 	 ep_len:    50.0 	 log_std: -0.787
epoch: 170 	 pol:     3.54 	 val:     0.00 	 clipfrac: 0.51 	 return:  -102.54 	 ep_len:    50.0 	 log_std: -0.789	 det_ret:  -102.51 	 det_len:   50.0
epoch: 171 	 pol:    36.12 	 val:     0.00 	 clipfrac: 0.53 	 return:  -102.54 	 ep_len:    50.0 	 log_std: -0.791
epoch: 172 	 pol:  -534.06 	 val:     0.00 	 clipfrac: 0.53 	 return:  -102.54 	 ep_len:    50.0 	 log_std: -0.794
epoch: 173 	 pol:  -305.91 	 val:     0.00 	 clipfrac: 0.53 	 return:  -102.54 	 ep_len:    50.0 	 log_std: -0.796
epoch: 174 	 pol:  -121.59 	 val:     0.00 	 clipfrac: 0.53 	 return:  -102.53 	 ep_len:    50.0 	 log_std: -0.798
Saved rollout gif -> bipedal_walker_gifs/epoch_0175.gif
epoch: 175 	 pol:  -487.88 	 val:     0.00 	 clipfrac: 0.51 	 return:  -102.53 	 ep_len:    50.0 	 log_std: -0.800
epoch: 176 	 pol:  -449.89 	 val:     0.00 	 clipfrac: 0.53 	 return:  -102.53 	 ep_len:    50.0 	 log_std: -0.802
epoch: 177 	 pol:  -670.97 	 val:     0.00 	 clipfrac: 0.51 	 return:  -102.53 	 ep_len:    50.0 	 log_std: -0.804
epoch: 178 	 pol:   742.36 	 val:     0.00 	 clipfrac: 0.52 	 return:  -102.54 	 ep_len:    50.0 	 log_std: -0.807
epoch: 179 	 pol:   365.42 	 val:     0.00 	 clipfrac: 0.51 	 return:  -102.54 	 ep_len:    50.0 	 log_std: -0.809
epoch: 180 	 pol: -1517.11 	 val:     0.00 	 clipfrac: 0.50 	 return:  -102.54 	 ep_len:    50.0 	 log_std: -0.811	 det_ret:  -102.50 	 det_len:   50.0
epoch: 181 	 pol:    -1.78 	 val:     0.00 	 clipfrac: 0.51 	 return:  -102.54 	 ep_len:    50.0 	 log_std: -0.821
epoch: 182 	 pol:  -991.85 	 val:     0.00 	 clipfrac: 0.53 	 return:  -102.54 	 ep_len:    50.0 	 log_std: -0.823
epoch: 183 	 pol:  -960.57 	 val:     0.00 	 clipfrac: 0.51 	 return:  -102.54 	 ep_len:    50.0 	 log_std: -0.825
epoch: 184 	 pol: -1174.60 	 val:     0.00 	 clipfrac: 0.49 	 return:  -102.53 	 ep_len:    50.0 	 log_std: -0.829
epoch: 185 	 pol: -1726.85 	 val:     0.00 	 clipfrac: 0.53 	 return:  -102.53 	 ep_len:    50.0 	 log_std: -0.831
epoch: 186 	 pol:   733.86 	 val:     0.00 	 clipfrac: 0.51 	 return:  -102.53 	 ep_len:    50.0 	 log_std: -0.833
epoch: 187 	 pol:  -517.73 	 val:     0.00 	 clipfrac: 0.50 	 return:  -102.53 	 ep_len:    50.0 	 log_std: -0.835
epoch: 188 	 pol: -1867.59 	 val:     0.00 	 clipfrac: 0.52 	 return:  -102.54 	 ep_len:    50.0 	 log_std: -0.837
epoch: 189 	 pol: -2380.48 	 val:     0.00 	 clipfrac: 0.52 	 return:  -102.54 	 ep_len:    50.0 	 log_std: -0.839
epoch: 190 	 pol:  1165.46 	 val:     0.00 	 clipfrac: 0.54 	 return:  -102.54 	 ep_len:    50.0 	 log_std: -0.841	 det_ret:  -102.52 	 det_len:   50.0
epoch: 191 	 pol:  1410.22 	 val:     0.00 	 clipfrac: 0.54 	 return:  -102.55 	 ep_len:    50.0 	 log_std: -0.843
epoch: 192 	 pol:   405.41 	 val:     0.00 	 clipfrac: 0.53 	 return:  -102.55 	 ep_len:    50.0 	 log_std: -0.850
epoch: 193 	 pol: -1239.03 	 val:     0.00 	 clipfrac: 0.49 	 return:  -102.54 	 ep_len:    50.0 	 log_std: -0.852
epoch: 194 	 pol: -3555.43 	 val:     0.00 	 clipfrac: 0.50 	 return:  -102.53 	 ep_len:    50.0 	 log_std: -0.854
epoch: 195 	 pol:   805.10 	 val:     0.00 	 clipfrac: 0.49 	 return:  -102.53 	 ep_len:    50.0 	 log_std: -0.856
epoch: 196 	 pol: -1735.94 	 val:     0.00 	 clipfrac: 0.49 	 return:  -102.53 	 ep_len:    50.0 	 log_std: -0.863
epoch: 197 	 pol:  1435.50 	 val:     0.00 	 clipfrac: 0.49 	 return:  -102.53 	 ep_len:    50.0 	 log_std: -0.865
epoch: 198 	 pol:  2587.95 	 val:     0.00 	 clipfrac: 0.49 	 return:  -102.53 	 ep_len:    50.0 	 log_std: -0.867
epoch: 199 	 pol: -2633.53 	 val:     0.00 	 clipfrac: 0.49 	 return:  -102.54 	 ep_len:    50.0 	 log_std: -0.869	 det_ret:  -102.55 	 det_len:   50.0
Saved rollout gif -> bipedal_walker_gifs/epoch_0200.gif

Saved training plot to bipedal_walker_training_BipedalWalker-v3.png
