
Projection policy gradient (ptorch) for continuous control, with value baseline.

Saved rollout gif -> bipedal_walker_gifs/epoch_0000.gif
epoch:   0 	 pol:    -0.14 	 val:     2.40 	 clipfrac: 0.82 	 return:  -117.27 	 ep_len:   402.1 	 log_std: -0.692	 det_ret:  -115.26 	 det_len:  125.0  <-- best
epoch:   1 	 pol:    -0.00 	 val:     1.20 	 clipfrac: 0.91 	 return:  -115.43 	 ep_len:   108.2 	 log_std: -0.685
epoch:   2 	 pol:     0.06 	 val:     2.46 	 clipfrac: 0.51 	 return:  -118.12 	 ep_len:    64.6 	 log_std: -0.680
epoch:   3 	 pol:     0.06 	 val:     1.30 	 clipfrac: 0.51 	 return:  -117.44 	 ep_len:    70.6 	 log_std: -0.673
epoch:   4 	 pol:     0.08 	 val:     0.96 	 clipfrac: 0.50 	 return:  -119.16 	 ep_len:    73.0 	 log_std: -0.666
epoch:   5 	 pol:     0.08 	 val:     0.70 	 clipfrac: 0.40 	 return:  -118.96 	 ep_len:    70.5 	 log_std: -0.659
epoch:   6 	 pol:     0.10 	 val:     0.61 	 clipfrac: 0.34 	 return:  -118.95 	 ep_len:    73.0 	 log_std: -0.652
epoch:   7 	 pol:     0.11 	 val:     0.46 	 clipfrac: 0.29 	 return:  -118.59 	 ep_len:    76.5 	 log_std: -0.650
epoch:   8 	 pol:     0.10 	 val:     0.43 	 clipfrac: 0.29 	 return:  -118.90 	 ep_len:    82.1 	 log_std: -0.648
epoch:   9 	 pol:     0.15 	 val:     0.42 	 clipfrac: 0.30 	 return:  -118.95 	 ep_len:    80.2 	 log_std: -0.645
epoch:  10 	 pol:     0.12 	 val:     0.43 	 clipfrac: 0.28 	 return:  -118.82 	 ep_len:    84.5 	 log_std: -0.644	 det_ret:  -118.84 	 det_len:   75.0
epoch:  11 	 pol:     0.15 	 val:     0.43 	 clipfrac: 0.27 	 return:  -118.24 	 ep_len:    81.5 	 log_std: -0.646
epoch:  12 	 pol:     0.07 	 val:     0.41 	 clipfrac: 0.28 	 return:  -118.22 	 ep_len:    84.5 	 log_std: -0.649
epoch:  13 	 pol:     0.08 	 val:     0.42 	 clipfrac: 0.26 	 return:  -118.91 	 ep_len:    77.7 	 log_std: -0.650
epoch:  14 	 pol:     0.12 	 val:     0.42 	 clipfrac: 0.28 	 return:  -119.08 	 ep_len:    79.6 	 log_std: -0.650
epoch:  15 	 pol:     0.10 	 val:     0.41 	 clipfrac: 0.28 	 return:  -118.82 	 ep_len:    88.1 	 log_std: -0.650
epoch:  16 	 pol:     0.08 	 val:     0.39 	 clipfrac: 0.24 	 return:  -119.32 	 ep_len:    89.4 	 log_std: -0.650
epoch:  17 	 pol:     0.11 	 val:     0.31 	 clipfrac: 0.32 	 return:  -120.03 	 ep_len:    87.4 	 log_std: -0.650
epoch:  18 	 pol:     0.10 	 val:     0.32 	 clipfrac: 0.28 	 return:  -119.18 	 ep_len:    85.3 	 log_std: -0.650
epoch:  19 	 pol:     0.07 	 val:     0.32 	 clipfrac: 0.37 	 return:  -121.34 	 ep_len:    96.0 	 log_std: -0.650
epoch:  20 	 pol:     0.07 	 val:     0.33 	 clipfrac: 0.26 	 return:  -119.31 	 ep_len:    88.6 	 log_std: -0.650	 det_ret:  -104.45 	 det_len: 1600.0  <-- best
epoch:  21 	 pol:     0.09 	 val:     0.31 	 clipfrac: 0.23 	 return:  -119.93 	 ep_len:    91.1 	 log_std: -0.650
epoch:  22 	 pol:     0.08 	 val:     0.36 	 clipfrac: 0.24 	 return:  -118.88 	 ep_len:    84.9 	 log_std: -0.650
epoch:  23 	 pol:     0.06 	 val:     0.32 	 clipfrac: 0.25 	 return:  -118.98 	 ep_len:    86.5 	 log_std: -0.650
epoch:  24 	 pol:     0.08 	 val:     0.33 	 clipfrac: 0.27 	 return:  -119.73 	 ep_len:    94.8 	 log_std: -0.650
Saved rollout gif -> bipedal_walker_gifs/epoch_0025.gif
epoch:  25 	 pol:     0.03 	 val:     0.32 	 clipfrac: 0.32 	 return:  -120.18 	 ep_len:   101.8 	 log_std: -0.650
epoch:  26 	 pol:     0.05 	 val:     0.35 	 clipfrac: 0.26 	 return:  -119.82 	 ep_len:    93.6 	 log_std: -0.650
epoch:  27 	 pol:     0.09 	 val:     0.35 	 clipfrac: 0.25 	 return:  -118.59 	 ep_len:    94.3 	 log_std: -0.650
epoch:  28 	 pol:     0.12 	 val:     0.30 	 clipfrac: 0.29 	 return:  -118.57 	 ep_len:    96.3 	 log_std: -0.650
epoch:  29 	 pol:     0.14 	 val:     0.34 	 clipfrac: 0.26 	 return:  -119.19 	 ep_len:    95.3 	 log_std: -0.650
epoch:  30 	 pol:     0.06 	 val:     0.31 	 clipfrac: 0.27 	 return:  -118.57 	 ep_len:   103.4 	 log_std: -0.650	 det_ret:  -112.19 	 det_len:   98.0
epoch:  31 	 pol:     0.04 	 val:     0.34 	 clipfrac: 0.22 	 return:  -118.48 	 ep_len:   101.6 	 log_std: -0.650
epoch:  32 	 pol:     0.07 	 val:     0.34 	 clipfrac: 0.21 	 return:  -117.49 	 ep_len:    94.6 	 log_std: -0.650
epoch:  33 	 pol:     0.05 	 val:     0.29 	 clipfrac: 0.27 	 return:  -116.90 	 ep_len:   100.1 	 log_std: -0.650
epoch:  34 	 pol:     0.08 	 val:     0.31 	 clipfrac: 0.21 	 return:  -117.02 	 ep_len:    97.0 	 log_std: -0.650
epoch:  35 	 pol:     0.11 	 val:     0.32 	 clipfrac: 0.25 	 return:  -117.26 	 ep_len:   103.9 	 log_std: -0.650
epoch:  36 	 pol:     0.15 	 val:     0.40 	 clipfrac: 0.26 	 return:  -118.89 	 ep_len:   104.1 	 log_std: -0.650
epoch:  37 	 pol:     0.07 	 val:     0.35 	 clipfrac: 0.22 	 return:  -117.51 	 ep_len:   103.8 	 log_std: -0.650
epoch:  38 	 pol:     0.07 	 val:     0.30 	 clipfrac: 0.20 	 return:  -116.76 	 ep_len:    97.0 	 log_std: -0.651
epoch:  39 	 pol:     0.06 	 val:     0.37 	 clipfrac: 0.28 	 return:  -118.29 	 ep_len:   108.3 	 log_std: -0.650
epoch:  40 	 pol:     0.09 	 val:     0.31 	 clipfrac: 0.24 	 return:  -117.12 	 ep_len:   102.6 	 log_std: -0.650	 det_ret:  -111.46 	 det_len:   84.0
epoch:  41 	 pol:     0.09 	 val:     0.32 	 clipfrac: 0.21 	 return:  -117.49 	 ep_len:   106.5 	 log_std: -0.651
epoch:  42 	 pol:     0.03 	 val:     0.40 	 clipfrac: 0.27 	 return:  -117.81 	 ep_len:   101.8 	 log_std: -0.650
epoch:  43 	 pol:     0.10 	 val:     0.34 	 clipfrac: 0.25 	 return:  -117.83 	 ep_len:    97.7 	 log_std: -0.650
epoch:  44 	 pol:     0.08 	 val:     0.28 	 clipfrac: 0.23 	 return:  -117.08 	 ep_len:   111.5 	 log_std: -0.650
epoch:  45 	 pol:     0.08 	 val:     0.31 	 clipfrac: 0.20 	 return:  -116.40 	 ep_len:   103.4 	 log_std: -0.650
epoch:  46 	 pol:     0.18 	 val:     0.28 	 clipfrac: 0.29 	 return:  -116.13 	 ep_len:   111.0 	 log_std: -0.650
epoch:  47 	 pol:     0.09 	 val:     0.33 	 clipfrac: 0.22 	 return:  -117.16 	 ep_len:   107.6 	 log_std: -0.650
epoch:  48 	 pol:     0.02 	 val:     0.30 	 clipfrac: 0.23 	 return:  -116.06 	 ep_len:   103.9 	 log_std: -0.650
epoch:  49 	 pol:     0.09 	 val:     0.27 	 clipfrac: 0.25 	 return:  -116.37 	 ep_len:   116.3 	 log_std: -0.650
Saved rollout gif -> bipedal_walker_gifs/epoch_0050.gif
epoch:  50 	 pol:     0.04 	 val:     0.32 	 clipfrac: 0.24 	 return:  -116.55 	 ep_len:    99.0 	 log_std: -0.650	 det_ret:  -112.36 	 det_len:   95.0
epoch:  51 	 pol:     0.12 	 val:     0.29 	 clipfrac: 0.27 	 return:  -116.52 	 ep_len:   116.6 	 log_std: -0.650
epoch:  52 	 pol:     0.20 	 val:     0.27 	 clipfrac: 0.23 	 return:  -116.56 	 ep_len:   117.2 	 log_std: -0.650
epoch:  53 	 pol:     0.08 	 val:     0.26 	 clipfrac: 0.21 	 return:  -116.21 	 ep_len:   105.4 	 log_std: -0.650
epoch:  54 	 pol:     0.02 	 val:     0.26 	 clipfrac: 0.26 	 return:  -115.52 	 ep_len:   100.9 	 log_std: -0.650
epoch:  55 	 pol:     0.09 	 val:     0.31 	 clipfrac: 0.28 	 return:  -116.16 	 ep_len:   109.7 	 log_std: -0.650
epoch:  56 	 pol:     0.01 	 val:     0.31 	 clipfrac: 0.33 	 return:  -116.04 	 ep_len:    96.9 	 log_std: -0.650
epoch:  57 	 pol:     0.05 	 val:     0.30 	 clipfrac: 0.26 	 return:  -115.94 	 ep_len:    91.4 	 log_std: -0.650
epoch:  58 	 pol:     0.18 	 val:     0.35 	 clipfrac: 0.30 	 return:  -117.18 	 ep_len:   102.9 	 log_std: -0.650
epoch:  59 	 pol:     0.16 	 val:     0.31 	 clipfrac: 0.31 	 return:  -116.52 	 ep_len:   105.7 	 log_std: -0.650
epoch:  60 	 pol:     0.09 	 val:     0.29 	 clipfrac: 0.26 	 return:  -115.87 	 ep_len:   101.0 	 log_std: -0.650	 det_ret:  -113.13 	 det_len:   85.0
epoch:  61 	 pol:     0.09 	 val:     0.32 	 clipfrac: 0.22 	 return:  -116.71 	 ep_len:   105.8 	 log_std: -0.650
epoch:  62 	 pol:     0.19 	 val:     0.34 	 clipfrac: 0.26 	 return:  -117.47 	 ep_len:   104.8 	 log_std: -0.650
epoch:  63 	 pol:     0.12 	 val:     0.32 	 clipfrac: 0.24 	 return:  -116.49 	 ep_len:   104.1 	 log_std: -0.650
epoch:  64 	 pol:     0.12 	 val:     0.35 	 clipfrac: 0.28 	 return:  -117.00 	 ep_len:   111.1 	 log_std: -0.650
epoch:  65 	 pol:     0.11 	 val:     0.27 	 clipfrac: 0.28 	 return:  -115.95 	 ep_len:   122.9 	 log_std: -0.650
epoch:  66 	 pol:     0.09 	 val:     0.32 	 clipfrac: 0.30 	 return:  -116.26 	 ep_len:   108.2 	 log_std: -0.650
epoch:  67 	 pol:     0.05 	 val:     0.26 	 clipfrac: 0.30 	 return:  -115.72 	 ep_len:   116.9 	 log_std: -0.650
epoch:  68 	 pol:     0.06 	 val:     0.29 	 clipfrac: 0.28 	 return:  -115.54 	 ep_len:   117.2 	 log_std: -0.650
epoch:  69 	 pol:     0.16 	 val:     0.32 	 clipfrac: 0.31 	 return:  -116.75 	 ep_len:   110.3 	 log_std: -0.650
epoch:  70 	 pol:     0.08 	 val:     0.31 	 clipfrac: 0.30 	 return:  -116.23 	 ep_len:   112.8 	 log_std: -0.650	 det_ret:  -110.90 	 det_len:   87.0
epoch:  71 	 pol:     0.09 	 val:     0.35 	 clipfrac: 0.24 	 return:  -115.99 	 ep_len:   108.9 	 log_std: -0.650
epoch:  72 	 pol:     0.11 	 val:     0.36 	 clipfrac: 0.28 	 return:  -116.15 	 ep_len:   107.7 	 log_std: -0.650
epoch:  73 	 pol:     0.10 	 val:     0.30 	 clipfrac: 0.27 	 return:  -115.87 	 ep_len:   108.2 	 log_std: -0.650
epoch:  74 	 pol:    -0.01 	 val:     0.33 	 clipfrac: 0.31 	 return:  -115.27 	 ep_len:   125.2 	 log_std: -0.650
Saved rollout gif -> bipedal_walker_gifs/epoch_0075.gif
epoch:  75 	 pol:     0.06 	 val:     0.33 	 clipfrac: 0.29 	 return:  -115.87 	 ep_len:   110.0 	 log_std: -0.650
epoch:  76 	 pol:     0.22 	 val:     0.33 	 clipfrac: 0.33 	 return:  -116.47 	 ep_len:   118.2 	 log_std: -0.650
epoch:  77 	 pol:     0.06 	 val:     0.33 	 clipfrac: 0.33 	 return:  -114.92 	 ep_len:   104.5 	 log_std: -0.650
epoch:  78 	 pol:     0.21 	 val:     0.36 	 clipfrac: 0.33 	 return:  -115.54 	 ep_len:    96.7 	 log_std: -0.650
epoch:  79 	 pol:    -0.01 	 val:     0.43 	 clipfrac: 0.48 	 return:  -117.16 	 ep_len:   124.2 	 log_std: -0.649
epoch:  80 	 pol:    -0.08 	 val:     0.44 	 clipfrac: 0.33 	 return:  -116.56 	 ep_len:   110.6 	 log_std: -0.650	 det_ret:  -119.29 	 det_len:  116.0
epoch:  81 	 pol:     0.01 	 val:     0.35 	 clipfrac: 0.36 	 return:  -115.67 	 ep_len:    96.6 	 log_std: -0.650
epoch:  82 	 pol:     0.18 	 val:     0.38 	 clipfrac: 0.28 	 return:  -115.92 	 ep_len:   105.8 	 log_std: -0.650
epoch:  83 	 pol:     0.09 	 val:     0.38 	 clipfrac: 0.30 	 return:  -116.89 	 ep_len:   116.1 	 log_std: -0.650
epoch:  84 	 pol:     0.20 	 val:     0.38 	 clipfrac: 0.28 	 return:  -116.20 	 ep_len:   105.8 	 log_std: -0.650
epoch:  85 	 pol:     0.12 	 val:     0.40 	 clipfrac: 0.32 	 return:  -116.83 	 ep_len:   105.5 	 log_std: -0.650
epoch:  86 	 pol:     0.10 	 val:     0.38 	 clipfrac: 0.33 	 return:  -118.33 	 ep_len:   125.3 	 log_std: -0.650
epoch:  87 	 pol:     0.02 	 val:     0.42 	 clipfrac: 0.32 	 return:  -117.33 	 ep_len:   102.8 	 log_std: -0.650
epoch:  88 	 pol:     0.02 	 val:     0.36 	 clipfrac: 0.31 	 return:  -116.86 	 ep_len:   116.1 	 log_std: -0.650
epoch:  89 	 pol:     0.16 	 val:     0.37 	 clipfrac: 0.33 	 return:  -116.13 	 ep_len:   103.1 	 log_std: -0.650
epoch:  90 	 pol:     0.16 	 val:     0.38 	 clipfrac: 0.31 	 return:  -117.07 	 ep_len:   108.5 	 log_std: -0.650	 det_ret:  -105.61 	 det_len:  132.0
epoch:  91 	 pol:     0.10 	 val:     0.37 	 clipfrac: 0.30 	 return:  -118.42 	 ep_len:   121.9 	 log_std: -0.650
epoch:  92 	 pol:     0.02 	 val:     0.43 	 clipfrac: 0.35 	 return:  -118.21 	 ep_len:   117.9 	 log_std: -0.650
epoch:  93 	 pol:    -0.00 	 val:     0.40 	 clipfrac: 0.33 	 return:  -117.82 	 ep_len:   117.1 	 log_std: -0.650
epoch:  94 	 pol:     0.05 	 val:     0.43 	 clipfrac: 0.34 	 return:  -119.70 	 ep_len:   124.0 	 log_std: -0.650
epoch:  95 	 pol:     0.13 	 val:     0.42 	 clipfrac: 0.31 	 return:  -119.30 	 ep_len:   121.8 	 log_std: -0.650
epoch:  96 	 pol:    -0.00 	 val:     0.45 	 clipfrac: 0.32 	 return:  -120.81 	 ep_len:   119.7 	 log_std: -0.650
epoch:  97 	 pol:     0.16 	 val:     0.36 	 clipfrac: 0.32 	 return:  -119.60 	 ep_len:   125.5 	 log_std: -0.650
epoch:  98 	 pol:     0.15 	 val:     0.39 	 clipfrac: 0.30 	 return:  -122.30 	 ep_len:   127.9 	 log_std: -0.650
epoch:  99 	 pol:     0.08 	 val:     0.39 	 clipfrac: 0.32 	 return:  -122.23 	 ep_len:   124.7 	 log_std: -0.650
Saved rollout gif -> bipedal_walker_gifs/epoch_0100.gif
epoch: 100 	 pol:     0.08 	 val:     0.31 	 clipfrac: 0.35 	 return:  -122.68 	 ep_len:   117.1 	 log_std: -0.650	 det_ret:  -120.25 	 det_len:   85.0
epoch: 101 	 pol:     0.14 	 val:     0.41 	 clipfrac: 0.45 	 return:  -122.20 	 ep_len:   120.8 	 log_std: -0.650
epoch: 102 	 pol:     0.11 	 val:     0.44 	 clipfrac: 0.43 	 return:  -121.34 	 ep_len:   114.9 	 log_std: -0.650
epoch: 103 	 pol:    -0.00 	 val:     0.40 	 clipfrac: 0.38 	 return:  -121.64 	 ep_len:   128.2 	 log_std: -0.650
epoch: 104 	 pol:     0.02 	 val:     0.37 	 clipfrac: 0.38 	 return:  -121.19 	 ep_len:   119.4 	 log_std: -0.650
epoch: 105 	 pol:     0.04 	 val:     0.45 	 clipfrac: 0.40 	 return:  -120.57 	 ep_len:   138.9 	 log_std: -0.650
epoch: 106 	 pol:    -0.01 	 val:     0.45 	 clipfrac: 0.39 	 return:  -120.98 	 ep_len:   127.6 	 log_std: -0.650
epoch: 107 	 pol:     0.20 	 val:     0.35 	 clipfrac: 0.39 	 return:  -121.01 	 ep_len:   148.6 	 log_std: -0.650
epoch: 108 	 pol:     0.04 	 val:     0.36 	 clipfrac: 0.35 	 return:  -121.29 	 ep_len:   137.4 	 log_std: -0.650
epoch: 109 	 pol:     0.04 	 val:     0.39 	 clipfrac: 0.41 	 return:  -121.54 	 ep_len:   123.2 	 log_std: -0.650
epoch: 110 	 pol:     0.25 	 val:     0.33 	 clipfrac: 0.33 	 return:  -120.06 	 ep_len:   145.7 	 log_std: -0.650	 det_ret:  -117.77 	 det_len:  103.0
epoch: 111 	 pol:     0.19 	 val:     0.30 	 clipfrac: 0.32 	 return:  -119.16 	 ep_len:   132.1 	 log_std: -0.650
epoch: 112 	 pol:     0.01 	 val:     0.30 	 clipfrac: 0.36 	 return:  -119.48 	 ep_len:   145.6 	 log_std: -0.650
epoch: 113 	 pol:     0.10 	 val:     0.32 	 clipfrac: 0.34 	 return:  -117.98 	 ep_len:   139.2 	 log_std: -0.650
epoch: 114 	 pol:     0.05 	 val:     0.32 	 clipfrac: 0.33 	 return:  -117.57 	 ep_len:   131.4 	 log_std: -0.650
epoch: 115 	 pol:     0.11 	 val:     0.30 	 clipfrac: 0.33 	 return:  -117.95 	 ep_len:   140.7 	 log_std: -0.650
epoch: 116 	 pol:    -0.02 	 val:     0.29 	 clipfrac: 0.32 	 return:  -116.73 	 ep_len:   152.7 	 log_std: -0.650
epoch: 117 	 pol:    -0.03 	 val:     0.30 	 clipfrac: 0.33 	 return:  -116.60 	 ep_len:   149.4 	 log_std: -0.650
epoch: 118 	 pol:     0.03 	 val:     0.30 	 clipfrac: 0.32 	 return:  -115.28 	 ep_len:   139.6 	 log_std: -0.650
epoch: 119 	 pol:     0.17 	 val:     0.24 	 clipfrac: 0.32 	 return:  -115.60 	 ep_len:   145.7 	 log_std: -0.650
epoch: 120 	 pol:    -0.06 	 val:     0.33 	 clipfrac: 0.30 	 return:  -117.29 	 ep_len:   146.0 	 log_std: -0.651	 det_ret:  -125.43 	 det_len:  121.0
epoch: 121 	 pol:     0.14 	 val:     0.25 	 clipfrac: 0.32 	 return:  -115.10 	 ep_len:   150.4 	 log_std: -0.653
epoch: 122 	 pol:     0.07 	 val:     0.24 	 clipfrac: 0.32 	 return:  -114.85 	 ep_len:   167.1 	 log_std: -0.651
epoch: 123 	 pol:    -0.02 	 val:     0.34 	 clipfrac: 0.32 	 return:  -116.02 	 ep_len:   160.5 	 log_std: -0.651
epoch: 124 	 pol:     0.09 	 val:     0.25 	 clipfrac: 0.28 	 return:  -114.89 	 ep_len:   163.0 	 log_std: -0.652
Saved rollout gif -> bipedal_walker_gifs/epoch_0125.gif
epoch: 125 	 pol:    -0.00 	 val:     0.19 	 clipfrac: 0.27 	 return:  -113.43 	 ep_len:   160.9 	 log_std: -0.653
epoch: 126 	 pol:     0.13 	 val:     0.17 	 clipfrac: 0.29 	 return:  -113.23 	 ep_len:   153.3 	 log_std: -0.651
epoch: 127 	 pol:     0.13 	 val:     0.29 	 clipfrac: 0.29 	 return:  -115.65 	 ep_len:   156.7 	 log_std: -0.650
epoch: 128 	 pol:    -0.19 	 val:     0.28 	 clipfrac: 0.33 	 return:  -115.41 	 ep_len:   185.6 	 log_std: -0.653
epoch: 129 	 pol:    -0.09 	 val:     0.21 	 clipfrac: 0.33 	 return:  -115.05 	 ep_len:   164.9 	 log_std: -0.653
epoch: 130 	 pol:     0.13 	 val:     0.22 	 clipfrac: 0.31 	 return:  -114.94 	 ep_len:   176.7 	 log_std: -0.653	 det_ret:  -115.14 	 det_len:  128.0
epoch: 131 	 pol:     0.08 	 val:     0.23 	 clipfrac: 0.33 	 return:  -114.24 	 ep_len:   157.8 	 log_std: -0.652
epoch: 132 	 pol:     0.09 	 val:     0.19 	 clipfrac: 0.28 	 return:  -113.64 	 ep_len:   174.3 	 log_std: -0.651
epoch: 133 	 pol:    -0.04 	 val:     0.25 	 clipfrac: 0.28 	 return:  -116.68 	 ep_len:   183.8 	 log_std: -0.651
epoch: 134 	 pol:     0.02 	 val:     0.31 	 clipfrac: 0.30 	 return:  -114.32 	 ep_len:   165.9 	 log_std: -0.650
epoch: 135 	 pol:    -0.09 	 val:     0.25 	 clipfrac: 0.28 	 return:  -116.01 	 ep_len:   182.4 	 log_std: -0.652
epoch: 136 	 pol:     0.07 	 val:     0.16 	 clipfrac: 0.33 	 return:  -114.58 	 ep_len:   174.3 	 log_std: -0.652
epoch: 137 	 pol:    -0.12 	 val:     0.29 	 clipfrac: 0.42 	 return:  -114.30 	 ep_len:   174.4 	 log_std: -0.649
epoch: 138 	 pol:     0.01 	 val:     0.23 	 clipfrac: 0.39 	 return:  -114.74 	 ep_len:   182.0 	 log_std: -0.650
epoch: 139 	 pol:     0.10 	 val:     0.25 	 clipfrac: 0.34 	 return:  -114.15 	 ep_len:   169.8 	 log_std: -0.651
epoch: 140 	 pol:     0.03 	 val:     0.31 	 clipfrac: 0.37 	 return:  -115.46 	 ep_len:   170.7 	 log_std: -0.650	 det_ret:  -110.67 	 det_len:  165.0
epoch: 141 	 pol:     0.00 	 val:     0.30 	 clipfrac: 0.35 	 return:  -113.70 	 ep_len:   162.1 	 log_std: -0.652
epoch: 142 	 pol:     0.03 	 val:     0.27 	 clipfrac: 0.35 	 return:  -113.01 	 ep_len:   159.4 	 log_std: -0.651
epoch: 143 	 pol:    -0.09 	 val:     0.35 	 clipfrac: 0.35 	 return:  -116.67 	 ep_len:   167.5 	 log_std: -0.650
epoch: 144 	 pol:    -0.03 	 val:     0.29 	 clipfrac: 0.34 	 return:  -114.49 	 ep_len:   157.6 	 log_std: -0.650
epoch: 145 	 pol:     0.01 	 val:     0.27 	 clipfrac: 0.34 	 return:  -117.04 	 ep_len:   177.4 	 log_std: -0.650
epoch: 146 	 pol:     0.11 	 val:     0.31 	 clipfrac: 0.32 	 return:  -116.81 	 ep_len:   174.2 	 log_std: -0.650
epoch: 147 	 pol:    -0.09 	 val:     0.29 	 clipfrac: 0.32 	 return:  -115.78 	 ep_len:   163.3 	 log_std: -0.651
epoch: 148 	 pol:     0.10 	 val:     0.26 	 clipfrac: 0.31 	 return:  -115.80 	 ep_len:   174.6 	 log_std: -0.652
epoch: 149 	 pol:     0.24 	 val:     0.31 	 clipfrac: 0.36 	 return:  -116.95 	 ep_len:   187.2 	 log_std: -0.651
Saved rollout gif -> bipedal_walker_gifs/epoch_0150.gif
epoch: 150 	 pol:     0.07 	 val:     0.29 	 clipfrac: 0.35 	 return:  -115.34 	 ep_len:   172.5 	 log_std: -0.652	 det_ret:  -111.08 	 det_len:  168.0
epoch: 151 	 pol:    -0.08 	 val:     0.25 	 clipfrac: 0.29 	 return:  -115.42 	 ep_len:   167.7 	 log_std: -0.653
epoch: 152 	 pol:     0.03 	 val:     0.23 	 clipfrac: 0.34 	 return:  -116.44 	 ep_len:   175.7 	 log_std: -0.655
epoch: 153 	 pol:    -0.00 	 val:     0.30 	 clipfrac: 0.32 	 return:  -117.24 	 ep_len:   178.3 	 log_std: -0.656
epoch: 154 	 pol:     0.04 	 val:     0.20 	 clipfrac: 0.32 	 return:  -115.21 	 ep_len:   171.0 	 log_std: -0.655
epoch: 155 	 pol:    -0.10 	 val:     0.26 	 clipfrac: 0.31 	 return:  -114.46 	 ep_len:   166.8 	 log_std: -0.656
epoch: 156 	 pol:     0.02 	 val:     0.18 	 clipfrac: 0.31 	 return:  -114.11 	 ep_len:   167.1 	 log_std: -0.655
epoch: 157 	 pol:     0.10 	 val:     0.23 	 clipfrac: 0.33 	 return:  -115.42 	 ep_len:   165.3 	 log_std: -0.653
epoch: 158 	 pol:     0.13 	 val:     0.32 	 clipfrac: 0.29 	 return:  -116.60 	 ep_len:   181.8 	 log_std: -0.654
epoch: 159 	 pol:    -0.14 	 val:     0.28 	 clipfrac: 0.31 	 return:  -115.35 	 ep_len:   183.0 	 log_std: -0.655
epoch: 160 	 pol:     0.04 	 val:     0.23 	 clipfrac: 0.39 	 return:  -115.29 	 ep_len:   178.6 	 log_std: -0.655	 det_ret:  -112.72 	 det_len:  155.0
epoch: 161 	 pol:    -0.15 	 val:     0.24 	 clipfrac: 0.31 	 return:  -114.84 	 ep_len:   171.7 	 log_std: -0.656
epoch: 162 	 pol:    -0.19 	 val:     0.32 	 clipfrac: 0.30 	 return:  -116.97 	 ep_len:   189.1 	 log_std: -0.657
epoch: 163 	 pol:    -0.11 	 val:     0.32 	 clipfrac: 0.33 	 return:  -115.81 	 ep_len:   169.4 	 log_std: -0.659
epoch: 164 	 pol:    -0.20 	 val:     0.33 	 clipfrac: 0.31 	 return:  -115.58 	 ep_len:   176.0 	 log_std: -0.660
epoch: 165 	 pol:    -0.16 	 val:     0.31 	 clipfrac: 0.34 	 return:  -115.83 	 ep_len:   166.4 	 log_std: -0.663
epoch: 166 	 pol:    -0.07 	 val:     0.30 	 clipfrac: 0.33 	 return:  -118.23 	 ep_len:   188.4 	 log_std: -0.664
epoch: 167 	 pol:    -0.14 	 val:     0.30 	 clipfrac: 0.34 	 return:  -117.03 	 ep_len:   185.5 	 log_std: -0.667
epoch: 168 	 pol:    -0.31 	 val:     0.26 	 clipfrac: 0.31 	 return:  -116.90 	 ep_len:   184.5 	 log_std: -0.671
epoch: 169 	 pol:    -0.04 	 val:     0.22 	 clipfrac: 0.31 	 return:  -113.79 	 ep_len:   173.3 	 log_std: -0.671
epoch: 170 	 pol:     0.06 	 val:     0.23 	 clipfrac: 0.33 	 return:  -115.80 	 ep_len:   176.7 	 log_std: -0.671	 det_ret:  -121.80 	 det_len:  182.0
epoch: 171 	 pol:    -0.03 	 val:     0.22 	 clipfrac: 0.31 	 return:  -115.26 	 ep_len:   176.4 	 log_std: -0.672
epoch: 172 	 pol:     0.07 	 val:     0.23 	 clipfrac: 0.31 	 return:  -116.92 	 ep_len:   174.8 	 log_std: -0.674
epoch: 173 	 pol:     0.02 	 val:     0.21 	 clipfrac: 0.31 	 return:  -116.95 	 ep_len:   182.2 	 log_std: -0.676
epoch: 174 	 pol:     0.11 	 val:     0.29 	 clipfrac: 0.31 	 return:  -117.52 	 ep_len:   191.4 	 log_std: -0.678
Saved rollout gif -> bipedal_walker_gifs/epoch_0175.gif
epoch: 175 	 pol:    -0.04 	 val:     0.26 	 clipfrac: 0.31 	 return:  -116.39 	 ep_len:   180.6 	 log_std: -0.681
epoch: 176 	 pol:     0.04 	 val:     0.30 	 clipfrac: 0.33 	 return:  -117.96 	 ep_len:   205.5 	 log_std: -0.685
epoch: 177 	 pol:    -0.09 	 val:     0.23 	 clipfrac: 0.34 	 return:  -117.04 	 ep_len:   205.3 	 log_std: -0.689
epoch: 178 	 pol:    -0.09 	 val:     0.29 	 clipfrac: 0.34 	 return:  -117.57 	 ep_len:   185.6 	 log_std: -0.691
epoch: 179 	 pol:    -0.05 	 val:     0.30 	 clipfrac: 0.31 	 return:  -117.59 	 ep_len:   188.4 	 log_std: -0.693
epoch: 180 	 pol:     0.18 	 val:     0.34 	 clipfrac: 0.33 	 return:  -118.43 	 ep_len:   180.6 	 log_std: -0.694	 det_ret:  -119.62 	 det_len:  167.0
epoch: 181 	 pol:    -0.18 	 val:     0.37 	 clipfrac: 0.35 	 return:  -115.23 	 ep_len:   196.7 	 log_std: -0.697
epoch: 182 	 pol:    -0.05 	 val:     0.31 	 clipfrac: 0.32 	 return:  -118.91 	 ep_len:   200.3 	 log_std: -0.699
epoch: 183 	 pol:     0.05 	 val:     0.23 	 clipfrac: 0.33 	 return:  -117.29 	 ep_len:   186.8 	 log_std: -0.700
epoch: 184 	 pol:    -0.15 	 val:     0.29 	 clipfrac: 0.30 	 return:  -118.76 	 ep_len:   196.3 	 log_std: -0.700
epoch: 185 	 pol:    -0.24 	 val:     0.37 	 clipfrac: 0.31 	 return:  -118.70 	 ep_len:   184.2 	 log_std: -0.700
epoch: 186 	 pol:    -0.27 	 val:     0.27 	 clipfrac: 0.34 	 return:  -118.11 	 ep_len:   209.2 	 log_std: -0.700
epoch: 187 	 pol:    -0.16 	 val:     0.22 	 clipfrac: 0.33 	 return:  -117.80 	 ep_len:   197.1 	 log_std: -0.700
epoch: 188 	 pol:    -0.01 	 val:     0.25 	 clipfrac: 0.31 	 return:  -118.29 	 ep_len:   178.9 	 log_std: -0.700
epoch: 189 	 pol:    -0.49 	 val:     0.30 	 clipfrac: 0.34 	 return:  -119.15 	 ep_len:   208.2 	 log_std: -0.700
epoch: 190 	 pol:    -0.12 	 val:     0.31 	 clipfrac: 0.41 	 return:  -119.15 	 ep_len:   205.2 	 log_std: -0.700	 det_ret:  -120.14 	 det_len:  185.0
epoch: 191 	 pol:    -0.10 	 val:     0.34 	 clipfrac: 0.33 	 return:  -121.01 	 ep_len:   205.7 	 log_std: -0.700
epoch: 192 	 pol:     0.18 	 val:     0.36 	 clipfrac: 0.38 	 return:  -121.21 	 ep_len:   212.7 	 log_std: -0.700
epoch: 193 	 pol:     0.05 	 val:     0.35 	 clipfrac: 0.36 	 return:  -121.42 	 ep_len:   213.8 	 log_std: -0.700
epoch: 194 	 pol:     0.03 	 val:     0.28 	 clipfrac: 0.35 	 return:  -118.81 	 ep_len:   210.9 	 log_std: -0.700
epoch: 195 	 pol:     0.03 	 val:     0.27 	 clipfrac: 0.36 	 return:  -120.26 	 ep_len:   192.6 	 log_std: -0.700
epoch: 196 	 pol:    -0.21 	 val:     0.32 	 clipfrac: 0.34 	 return:  -120.32 	 ep_len:   212.6 	 log_std: -0.700
epoch: 197 	 pol:     0.03 	 val:     0.32 	 clipfrac: 0.42 	 return:  -119.61 	 ep_len:   195.3 	 log_std: -0.700
epoch: 198 	 pol:    -0.23 	 val:     0.32 	 clipfrac: 0.35 	 return:  -122.51 	 ep_len:   211.9 	 log_std: -0.700
epoch: 199 	 pol:    -0.56 	 val:     0.32 	 clipfrac: 0.38 	 return:  -122.02 	 ep_len:   201.0 	 log_std: -0.700
Saved rollout gif -> bipedal_walker_gifs/epoch_0200.gif
epoch: 200 	 pol:    -0.18 	 val:     0.32 	 clipfrac: 0.36 	 return:  -122.02 	 ep_len:   214.0 	 log_std: -0.700	 det_ret:  -134.83 	 det_len:  320.0
epoch: 201 	 pol:    -0.18 	 val:     0.29 	 clipfrac: 0.38 	 return:  -121.15 	 ep_len:   224.6 	 log_std: -0.700
epoch: 202 	 pol:     0.06 	 val:     0.37 	 clipfrac: 0.38 	 return:  -124.02 	 ep_len:   239.1 	 log_std: -0.700
epoch: 203 	 pol:    -0.13 	 val:     0.45 	 clipfrac: 0.37 	 return:  -126.51 	 ep_len:   233.1 	 log_std: -0.700
epoch: 204 	 pol:    -0.20 	 val:     0.38 	 clipfrac: 0.35 	 return:  -123.30 	 ep_len:   229.7 	 log_std: -0.700
epoch: 205 	 pol:    -0.26 	 val:     0.43 	 clipfrac: 0.42 	 return:  -123.85 	 ep_len:   241.1 	 log_std: -0.700
epoch: 206 	 pol:    -0.51 	 val:     0.32 	 clipfrac: 0.40 	 return:  -122.18 	 ep_len:   237.2 	 log_std: -0.700
epoch: 207 	 pol:    -0.69 	 val:     0.43 	 clipfrac: 0.39 	 return:  -124.42 	 ep_len:   233.0 	 log_std: -0.700
epoch: 208 	 pol:    -0.40 	 val:     0.34 	 clipfrac: 0.37 	 return:  -123.60 	 ep_len:   223.8 	 log_std: -0.700
epoch: 209 	 pol:    -0.63 	 val:     0.41 	 clipfrac: 0.37 	 return:  -122.76 	 ep_len:   208.1 	 log_std: -0.700
epoch: 210 	 pol:    -0.40 	 val:     0.41 	 clipfrac: 0.37 	 return:  -125.56 	 ep_len:   225.2 	 log_std: -0.700	 det_ret:  -118.62 	 det_len:  243.0
epoch: 211 	 pol:    -0.39 	 val:     0.48 	 clipfrac: 0.39 	 return:  -125.32 	 ep_len:   212.8 	 log_std: -0.700
epoch: 212 	 pol:     0.35 	 val:     0.47 	 clipfrac: 0.39 	 return:  -124.22 	 ep_len:   217.6 	 log_std: -0.700
epoch: 213 	 pol:    -0.21 	 val:     0.39 	 clipfrac: 0.44 	 return:  -122.37 	 ep_len:   200.4 	 log_std: -0.699
epoch: 214 	 pol:    -0.09 	 val:     0.38 	 clipfrac: 0.41 	 return:  -121.87 	 ep_len:   202.8 	 log_std: -0.700
epoch: 215 	 pol:    -0.71 	 val:     0.50 	 clipfrac: 0.46 	 return:  -122.75 	 ep_len:   200.0 	 log_std: -0.700
epoch: 216 	 pol:    -0.50 	 val:     0.42 	 clipfrac: 0.45 	 return:  -122.96 	 ep_len:   211.7 	 log_std: -0.700
epoch: 217 	 pol:    -0.04 	 val:     0.40 	 clipfrac: 0.39 	 return:  -124.00 	 ep_len:   213.8 	 log_std: -0.700
epoch: 218 	 pol:    -0.33 	 val:     0.40 	 clipfrac: 0.41 	 return:  -125.17 	 ep_len:   218.4 	 log_std: -0.700
epoch: 219 	 pol:    -0.82 	 val:     0.40 	 clipfrac: 0.45 	 return:  -127.71 	 ep_len:   239.7 	 log_std: -0.700
epoch: 220 	 pol:     0.21 	 val:     0.44 	 clipfrac: 0.42 	 return:  -123.38 	 ep_len:   197.4 	 log_std: -0.700	 det_ret:  -121.75 	 det_len:  142.0
epoch: 221 	 pol:    -0.56 	 val:     0.44 	 clipfrac: 0.42 	 return:  -124.36 	 ep_len:   211.5 	 log_std: -0.700
epoch: 222 	 pol:    -0.25 	 val:     0.47 	 clipfrac: 0.41 	 return:  -122.09 	 ep_len:   196.5 	 log_std: -0.700
epoch: 223 	 pol:    -0.40 	 val:     0.57 	 clipfrac: 0.46 	 return:  -122.22 	 ep_len:   190.8 	 log_std: -0.699
epoch: 224 	 pol:    -0.13 	 val:     0.52 	 clipfrac: 0.48 	 return:  -121.66 	 ep_len:   178.8 	 log_std: -0.700
Saved rollout gif -> bipedal_walker_gifs/epoch_0225.gif
epoch: 225 	 pol:    -0.09 	 val:     0.38 	 clipfrac: 0.43 	 return:  -123.39 	 ep_len:   205.8 	 log_std: -0.700
epoch: 226 	 pol:    -0.80 	 val:     0.52 	 clipfrac: 0.41 	 return:  -126.46 	 ep_len:   209.5 	 log_std: -0.700
epoch: 227 	 pol:    -0.47 	 val:     0.43 	 clipfrac: 0.44 	 return:  -123.18 	 ep_len:   198.8 	 log_std: -0.700
epoch: 228 	 pol:    -0.57 	 val:     0.42 	 clipfrac: 0.45 	 return:  -123.09 	 ep_len:   187.4 	 log_std: -0.700
epoch: 229 	 pol:    -0.23 	 val:     0.49 	 clipfrac: 0.44 	 return:  -122.53 	 ep_len:   179.8 	 log_std: -0.700
epoch: 230 	 pol:    -0.26 	 val:     0.36 	 clipfrac: 0.55 	 return:  -123.40 	 ep_len:   232.4 	 log_std: -0.700	 det_ret:  -118.18 	 det_len:  244.0
epoch: 231 	 pol:    -0.72 	 val:     0.54 	 clipfrac: 0.46 	 return:  -120.69 	 ep_len:   161.0 	 log_std: -0.700
epoch: 232 	 pol:    -0.39 	 val:     0.46 	 clipfrac: 0.45 	 return:  -124.66 	 ep_len:   205.7 	 log_std: -0.700
epoch: 233 	 pol:    -0.73 	 val:     0.46 	 clipfrac: 0.47 	 return:  -120.43 	 ep_len:   182.2 	 log_std: -0.700
epoch: 234 	 pol:    -0.37 	 val:     0.50 	 clipfrac: 0.55 	 return:  -122.39 	 ep_len:   184.8 	 log_std: -0.700
epoch: 235 	 pol:    -0.22 	 val:     0.57 	 clipfrac: 0.48 	 return:  -118.33 	 ep_len:   156.3 	 log_std: -0.700
epoch: 236 	 pol:    -0.93 	 val:     0.51 	 clipfrac: 0.47 	 return:  -121.60 	 ep_len:   173.8 	 log_std: -0.700
epoch: 237 	 pol:    -0.39 	 val:     0.44 	 clipfrac: 0.43 	 return:  -120.76 	 ep_len:   168.4 	 log_std: -0.700
epoch: 238 	 pol:    -1.18 	 val:     0.43 	 clipfrac: 0.45 	 return:  -120.14 	 ep_len:   176.4 	 log_std: -0.700
epoch: 239 	 pol:    -0.23 	 val:     0.43 	 clipfrac: 0.50 	 return:  -117.75 	 ep_len:   143.6 	 log_std: -0.700
epoch: 240 	 pol:    -1.32 	 val:     0.40 	 clipfrac: 0.45 	 return:  -119.31 	 ep_len:   162.3 	 log_std: -0.700	 det_ret:  -109.25 	 det_len:  173.0
epoch: 241 	 pol:    -0.73 	 val:     0.40 	 clipfrac: 0.47 	 return:  -119.46 	 ep_len:   171.7 	 log_std: -0.700
epoch: 242 	 pol:    -0.63 	 val:     0.42 	 clipfrac: 0.46 	 return:  -119.27 	 ep_len:   161.0 	 log_std: -0.700
epoch: 243 	 pol:     0.17 	 val:     0.36 	 clipfrac: 0.49 	 return:  -118.09 	 ep_len:   151.2 	 log_std: -0.700
epoch: 244 	 pol:    -0.84 	 val:     0.46 	 clipfrac: 0.46 	 return:  -119.87 	 ep_len:   171.9 	 log_std: -0.700
epoch: 245 	 pol:    -0.49 	 val:     0.39 	 clipfrac: 0.49 	 return:  -117.92 	 ep_len:   159.3 	 log_std: -0.700
epoch: 246 	 pol:    -0.87 	 val:     0.43 	 clipfrac: 0.48 	 return:  -119.02 	 ep_len:   158.5 	 log_std: -0.700
epoch: 247 	 pol:    -0.49 	 val:     0.49 	 clipfrac: 0.47 	 return:  -120.81 	 ep_len:   160.8 	 log_std: -0.700
epoch: 248 	 pol:    -1.28 	 val:     0.48 	 clipfrac: 0.47 	 return:  -118.55 	 ep_len:   152.0 	 log_std: -0.700
epoch: 249 	 pol:    -0.70 	 val:     0.46 	 clipfrac: 0.49 	 return:  -119.03 	 ep_len:   157.0 	 log_std: -0.700	 det_ret:  -111.17 	 det_len:  116.0
Saved rollout gif -> bipedal_walker_gifs/epoch_0250.gif
Best deterministic return -104.45 -> saved bipedal_walker_gifs/best_det-104.gif + bipedal_walker_best.pt

Saved training plot to bipedal_walker_training_BipedalWalker-v3.png
