
Projection policy gradient (ptorch) for continuous control, with value baseline.

epoch:   0 	 pol:    -0.03 	 val:     0.54 	 clipfrac: 0.85 	 return:  -102.62 	 ep_len:    50.3 	 log_std: -0.681	 det_ret:  -111.75 	 det_len:   55.0  <-- best
epoch:   1 	 pol:    -0.02 	 val:     0.09 	 clipfrac: 0.46 	 return:  -121.32 	 ep_len:   649.2 	 log_std: -0.663
epoch:   2 	 pol:    -0.01 	 val:     0.39 	 clipfrac: 0.75 	 return:  -108.82 	 ep_len:    55.8 	 log_std: -0.639
epoch:   3 	 pol:     0.01 	 val:     0.42 	 clipfrac: 0.49 	 return:  -109.01 	 ep_len:    56.8 	 log_std: -0.620
epoch:   4 	 pol:     0.13 	 val:     0.17 	 clipfrac: 0.45 	 return:  -108.86 	 ep_len:    59.0 	 log_std: -0.610
epoch:   5 	 pol:     0.08 	 val:     0.38 	 clipfrac: 0.59 	 return:  -109.50 	 ep_len:    73.0 	 log_std: -0.602
epoch:   6 	 pol:     0.11 	 val:     0.22 	 clipfrac: 0.53 	 return:  -109.78 	 ep_len:    76.8 	 log_std: -0.598
epoch:   7 	 pol:     0.17 	 val:     0.25 	 clipfrac: 0.35 	 return:  -109.62 	 ep_len:    63.6 	 log_std: -0.600
epoch:   8 	 pol:     0.19 	 val:     0.28 	 clipfrac: 0.51 	 return:  -110.62 	 ep_len:   107.4 	 log_std: -0.596
epoch:   9 	 pol:     0.16 	 val:     0.31 	 clipfrac: 0.45 	 return:  -111.52 	 ep_len:   105.6 	 log_std: -0.598
epoch:  10 	 pol:     0.12 	 val:     0.21 	 clipfrac: 0.27 	 return:  -112.89 	 ep_len:   211.1 	 log_std: -0.597	 det_ret:  -112.46 	 det_len:  150.0
epoch:  11 	 pol:     0.07 	 val:     0.23 	 clipfrac: 0.33 	 return:  -119.88 	 ep_len:   311.2 	 log_std: -0.598
epoch:  12 	 pol:     0.07 	 val:     0.16 	 clipfrac: 0.41 	 return:  -115.13 	 ep_len:   316.4 	 log_std: -0.600
epoch:  13 	 pol:    -0.02 	 val:     0.18 	 clipfrac: 0.52 	 return:  -122.44 	 ep_len:   576.5 	 log_std: -0.597
epoch:  14 	 pol:     0.11 	 val:     0.13 	 clipfrac: 0.53 	 return:  -119.99 	 ep_len:   680.9 	 log_std: -0.598
epoch:  15 	 pol:     0.18 	 val:     0.11 	 clipfrac: 0.45 	 return:  -124.81 	 ep_len:  1007.8 	 log_std: -0.596
epoch:  16 	 pol:     0.21 	 val:     0.09 	 clipfrac: 0.36 	 return:  -107.23 	 ep_len:  1042.4 	 log_std: -0.592
epoch:  17 	 pol:     0.15 	 val:     0.07 	 clipfrac: 0.45 	 return:  -123.78 	 ep_len:  1307.7 	 log_std: -0.588
epoch:  18 	 pol:     0.27 	 val:     0.08 	 clipfrac: 0.40 	 return:  -112.87 	 ep_len:   872.2 	 log_std: -0.583
epoch:  19 	 pol:     0.08 	 val:     0.17 	 clipfrac: 0.52 	 return:  -125.19 	 ep_len:  1249.9 	 log_std: -0.571
epoch:  20 	 pol:     0.20 	 val:     0.06 	 clipfrac: 0.33 	 return:  -115.63 	 ep_len:  1540.7 	 log_std: -0.560	 det_ret:   -79.00 	 det_len: 1600.0  <-- best
epoch:  21 	 pol:     0.18 	 val:     0.23 	 clipfrac: 0.32 	 return:  -113.07 	 ep_len:  1058.9 	 log_std: -0.554
epoch:  22 	 pol:     0.13 	 val:     0.04 	 clipfrac: 0.33 	 return:  -104.92 	 ep_len:  1600.0 	 log_std: -0.554
epoch:  23 	 pol:     0.14 	 val:     0.07 	 clipfrac: 0.38 	 return:  -125.00 	 ep_len:  1189.6 	 log_std: -0.554
epoch:  24 	 pol:     0.26 	 val:     0.03 	 clipfrac: 0.37 	 return:  -111.39 	 ep_len:  1600.0 	 log_std: -0.554
epoch:  25 	 pol:     0.13 	 val:     0.13 	 clipfrac: 0.38 	 return:  -117.00 	 ep_len:  1450.5 	 log_std: -0.553
epoch:  26 	 pol:     0.15 	 val:     0.14 	 clipfrac: 0.27 	 return:  -112.66 	 ep_len:  1169.0 	 log_std: -0.553
epoch:  27 	 pol:     0.09 	 val:     0.38 	 clipfrac: 0.28 	 return:  -116.02 	 ep_len:   941.2 	 log_std: -0.550
epoch:  28 	 pol:     0.16 	 val:     0.02 	 clipfrac: 0.52 	 return:  -118.96 	 ep_len:  1600.0 	 log_std: -0.551
epoch:  29 	 pol:     0.13 	 val:     0.02 	 clipfrac: 0.41 	 return:  -108.62 	 ep_len:  1600.0 	 log_std: -0.552
epoch:  30 	 pol:     0.11 	 val:     0.05 	 clipfrac: 0.23 	 return:  -105.55 	 ep_len:  1352.7 	 log_std: -0.552	 det_ret:   -99.12 	 det_len: 1600.0
epoch:  31 	 pol:     0.12 	 val:     0.02 	 clipfrac: 0.28 	 return:  -103.84 	 ep_len:  1600.0 	 log_std: -0.553
epoch:  32 	 pol:     0.13 	 val:     0.06 	 clipfrac: 0.27 	 return:   -99.63 	 ep_len:  1349.8 	 log_std: -0.555
epoch:  33 	 pol:     0.13 	 val:     0.06 	 clipfrac: 0.18 	 return:   -96.23 	 ep_len:  1350.8 	 log_std: -0.555
epoch:  34 	 pol:     0.15 	 val:     0.02 	 clipfrac: 0.37 	 return:  -100.44 	 ep_len:  1600.0 	 log_std: -0.556
epoch:  35 	 pol:     0.24 	 val:     0.15 	 clipfrac: 0.17 	 return:   -97.41 	 ep_len:   953.2 	 log_std: -0.556
epoch:  36 	 pol:     0.18 	 val:     0.20 	 clipfrac: 0.39 	 return:  -107.76 	 ep_len:   789.9 	 log_std: -0.556
epoch:  37 	 pol:     0.09 	 val:     0.02 	 clipfrac: 0.43 	 return:  -103.99 	 ep_len:  1600.0 	 log_std: -0.557
epoch:  38 	 pol:     0.13 	 val:     0.05 	 clipfrac: 0.22 	 return:   -96.87 	 ep_len:  1354.2 	 log_std: -0.559
epoch:  39 	 pol:     0.09 	 val:     0.05 	 clipfrac: 0.28 	 return:  -103.25 	 ep_len:  1353.0 	 log_std: -0.562
epoch:  40 	 pol:     0.08 	 val:     0.04 	 clipfrac: 0.08 	 return:   -80.70 	 ep_len:  1355.0 	 log_std: -0.563	 det_ret:   -88.81 	 det_len: 1600.0
epoch:  41 	 pol:     0.20 	 val:     0.02 	 clipfrac: 0.36 	 return:  -110.57 	 ep_len:  1600.0 	 log_std: -0.568
epoch:  42 	 pol:     0.20 	 val:     0.02 	 clipfrac: 0.33 	 return:   -92.36 	 ep_len:  1600.0 	 log_std: -0.573
epoch:  43 	 pol:     0.08 	 val:     0.03 	 clipfrac: 0.27 	 return:  -102.52 	 ep_len:  1356.7 	 log_std: -0.577
epoch:  44 	 pol:     0.13 	 val:     0.06 	 clipfrac: 0.22 	 return:  -110.66 	 ep_len:  1345.4 	 log_std: -0.574
epoch:  45 	 pol:     0.12 	 val:     0.06 	 clipfrac: 0.19 	 return:   -97.25 	 ep_len:  1535.0 	 log_std: -0.571
epoch:  46 	 pol:     0.04 	 val:     0.02 	 clipfrac: 0.26 	 return:   -84.70 	 ep_len:  1600.0 	 log_std: -0.577
epoch:  47 	 pol:     0.06 	 val:     0.02 	 clipfrac: 0.17 	 return:   -74.16 	 ep_len:  1600.0 	 log_std: -0.582
epoch:  48 	 pol:     0.13 	 val:     0.05 	 clipfrac: 0.24 	 return:   -95.39 	 ep_len:  1352.8 	 log_std: -0.585
epoch:  49 	 pol:     0.10 	 val:     0.01 	 clipfrac: 0.39 	 return:  -106.50 	 ep_len:  1600.0 	 log_std: -0.587
epoch:  50 	 pol:     0.10 	 val:     0.05 	 clipfrac: 0.17 	 return:   -91.73 	 ep_len:  1554.5 	 log_std: -0.587	 det_ret:  -106.25 	 det_len:  147.0
epoch:  51 	 pol:     0.20 	 val:     0.23 	 clipfrac: 0.43 	 return:  -102.02 	 ep_len:   922.1 	 log_std: -0.587
epoch:  52 	 pol:    -0.00 	 val:     0.14 	 clipfrac: 0.17 	 return:   -90.91 	 ep_len:  1187.9 	 log_std: -0.596
epoch:  53 	 pol:     0.17 	 val:     0.14 	 clipfrac: 0.15 	 return:   -95.28 	 ep_len:  1335.6 	 log_std: -0.599
epoch:  54 	 pol:     0.05 	 val:     0.10 	 clipfrac: 0.10 	 return:   -75.56 	 ep_len:  1179.6 	 log_std: -0.602
epoch:  55 	 pol:     0.08 	 val:     0.12 	 clipfrac: 0.15 	 return:   -91.28 	 ep_len:  1291.0 	 log_std: -0.601
epoch:  56 	 pol:     0.06 	 val:     0.09 	 clipfrac: 0.13 	 return:   -71.45 	 ep_len:  1351.3 	 log_std: -0.603
epoch:  57 	 pol:     0.10 	 val:     0.22 	 clipfrac: 0.17 	 return:  -101.64 	 ep_len:  1271.4 	 log_std: -0.608
epoch:  58 	 pol:     0.04 	 val:     0.08 	 clipfrac: 0.10 	 return:   -62.12 	 ep_len:  1353.0 	 log_std: -0.612
epoch:  59 	 pol:     0.03 	 val:     0.09 	 clipfrac: 0.24 	 return:  -103.95 	 ep_len:  1557.5 	 log_std: -0.612
epoch:  60 	 pol:     0.08 	 val:     0.10 	 clipfrac: 0.15 	 return:   -76.36 	 ep_len:  1211.6 	 log_std: -0.616	 det_ret:   -45.97 	 det_len: 1600.0  <-- best
epoch:  61 	 pol:     0.01 	 val:     0.08 	 clipfrac: 0.30 	 return:  -104.57 	 ep_len:  1411.7 	 log_std: -0.617
epoch:  62 	 pol:     0.08 	 val:     0.01 	 clipfrac: 0.29 	 return:   -60.68 	 ep_len:  1600.0 	 log_std: -0.617
epoch:  63 	 pol:     0.06 	 val:     0.10 	 clipfrac: 0.22 	 return:   -69.63 	 ep_len:  1495.7 	 log_std: -0.616
epoch:  64 	 pol:     0.12 	 val:     0.19 	 clipfrac: 0.15 	 return:   -61.07 	 ep_len:  1352.8 	 log_std: -0.616
epoch:  65 	 pol:     0.07 	 val:     0.02 	 clipfrac: 0.42 	 return:   -90.80 	 ep_len:  1600.0 	 log_std: -0.618
epoch:  66 	 pol:     0.06 	 val:     0.12 	 clipfrac: 0.16 	 return:   -82.22 	 ep_len:  1252.0 	 log_std: -0.618
epoch:  67 	 pol:     0.16 	 val:     0.46 	 clipfrac: 0.29 	 return:  -101.57 	 ep_len:   816.8 	 log_std: -0.622
epoch:  68 	 pol:     0.12 	 val:     0.33 	 clipfrac: 0.15 	 return:  -101.95 	 ep_len:   941.0 	 log_std: -0.631
epoch:  69 	 pol:     0.02 	 val:     0.09 	 clipfrac: 0.46 	 return:  -101.05 	 ep_len:  1355.5 	 log_std: -0.634
epoch:  70 	 pol:     0.07 	 val:     0.12 	 clipfrac: 0.23 	 return:   -72.50 	 ep_len:  1413.5 	 log_std: -0.633	 det_ret:   -53.31 	 det_len: 1600.0
epoch:  71 	 pol:     0.03 	 val:     0.12 	 clipfrac: 0.27 	 return:   -92.47 	 ep_len:  1411.3 	 log_std: -0.631
epoch:  72 	 pol:     0.07 	 val:     0.10 	 clipfrac: 0.28 	 return:   -82.53 	 ep_len:  1417.0 	 log_std: -0.629
epoch:  73 	 pol:     0.06 	 val:     0.64 	 clipfrac: 0.59 	 return:  -106.69 	 ep_len:   597.3 	 log_std: -0.630
epoch:  74 	 pol:    -0.03 	 val:     0.35 	 clipfrac: 0.25 	 return:   -96.43 	 ep_len:  1172.4 	 log_std: -0.637
epoch:  75 	 pol:     0.05 	 val:     0.87 	 clipfrac: 0.38 	 return:  -115.61 	 ep_len:   536.9 	 log_std: -0.647
epoch:  76 	 pol:    -0.04 	 val:     0.33 	 clipfrac: 0.32 	 return:   -89.05 	 ep_len:  1030.9 	 log_std: -0.658
epoch:  77 	 pol:    -0.09 	 val:     0.26 	 clipfrac: 0.41 	 return:   -83.42 	 ep_len:  1170.7 	 log_std: -0.661
epoch:  78 	 pol:     0.09 	 val:     0.37 	 clipfrac: 0.12 	 return:   -77.87 	 ep_len:  1001.4 	 log_std: -0.666
epoch:  79 	 pol:     0.10 	 val:     0.19 	 clipfrac: 0.10 	 return:   -72.39 	 ep_len:  1221.9 	 log_std: -0.667
epoch:  80 	 pol:     0.10 	 val:     0.11 	 clipfrac: 0.25 	 return:   -64.34 	 ep_len:  1362.8 	 log_std: -0.668	 det_ret:   -26.15 	 det_len: 1600.0  <-- best
epoch:  81 	 pol:     0.03 	 val:     0.11 	 clipfrac: 0.25 	 return:   -75.48 	 ep_len:  1531.5 	 log_std: -0.670
epoch:  82 	 pol:     0.01 	 val:     0.02 	 clipfrac: 0.12 	 return:   -34.17 	 ep_len:  1600.0 	 log_std: -0.669
epoch:  83 	 pol:     0.19 	 val:     0.22 	 clipfrac: 0.22 	 return:  -100.08 	 ep_len:  1071.6 	 log_std: -0.672
epoch:  84 	 pol:    -0.02 	 val:     0.14 	 clipfrac: 0.14 	 return:   -59.31 	 ep_len:  1255.3 	 log_std: -0.680
epoch:  85 	 pol:     0.12 	 val:     0.23 	 clipfrac: 0.11 	 return:   -69.89 	 ep_len:  1061.6 	 log_std: -0.685
epoch:  86 	 pol:     0.10 	 val:     0.14 	 clipfrac: 0.27 	 return:   -68.77 	 ep_len:  1361.7 	 log_std: -0.690
epoch:  87 	 pol:     0.15 	 val:     0.09 	 clipfrac: 0.38 	 return:   -85.38 	 ep_len:  1352.3 	 log_std: -0.693
epoch:  88 	 pol:     0.15 	 val:     0.17 	 clipfrac: 0.26 	 return:   -67.21 	 ep_len:  1343.3 	 log_std: -0.696
epoch:  89 	 pol:     0.10 	 val:     0.13 	 clipfrac: 0.26 	 return:   -71.85 	 ep_len:  1346.8 	 log_std: -0.695
epoch:  90 	 pol:     0.09 	 val:     0.14 	 clipfrac: 0.27 	 return:   -84.57 	 ep_len:  1415.3 	 log_std: -0.695	 det_ret:  -140.00 	 det_len: 1600.0
epoch:  91 	 pol:    -0.00 	 val:     0.08 	 clipfrac: 0.49 	 return:  -114.52 	 ep_len:  1419.0 	 log_std: -0.697
epoch:  92 	 pol:     0.15 	 val:     0.27 	 clipfrac: 0.16 	 return:   -83.66 	 ep_len:  1213.0 	 log_std: -0.697
epoch:  93 	 pol:     0.07 	 val:     0.18 	 clipfrac: 0.14 	 return:   -58.38 	 ep_len:  1342.5 	 log_std: -0.697
epoch:  94 	 pol:     0.06 	 val:     0.14 	 clipfrac: 0.41 	 return:   -94.57 	 ep_len:  1349.3 	 log_std: -0.696
epoch:  95 	 pol:    -0.03 	 val:     0.03 	 clipfrac: 0.26 	 return:   -52.71 	 ep_len:  1600.0 	 log_std: -0.695
epoch:  96 	 pol:    -0.11 	 val:     0.28 	 clipfrac: 0.38 	 return:   -91.28 	 ep_len:  1170.7 	 log_std: -0.696
epoch:  97 	 pol:     0.14 	 val:     0.57 	 clipfrac: 0.37 	 return:   -99.19 	 ep_len:   670.0 	 log_std: -0.696
epoch:  98 	 pol:    -0.09 	 val:     0.69 	 clipfrac: 0.20 	 return:   -79.09 	 ep_len:   725.7 	 log_std: -0.699
epoch:  99 	 pol:     0.09 	 val:     0.53 	 clipfrac: 0.22 	 return:   -90.36 	 ep_len:   815.1 	 log_std: -0.700
epoch: 100 	 pol:     0.06 	 val:     0.60 	 clipfrac: 0.18 	 return:   -79.58 	 ep_len:   783.8 	 log_std: -0.703	 det_ret:  -127.74 	 det_len: 1041.0
epoch: 101 	 pol:    -0.10 	 val:     0.43 	 clipfrac: 0.11 	 return:   -64.91 	 ep_len:   922.8 	 log_std: -0.704
epoch: 102 	 pol:    -0.09 	 val:     0.32 	 clipfrac: 0.37 	 return:   -96.40 	 ep_len:  1031.1 	 log_std: -0.707
epoch: 103 	 pol:    -0.42 	 val:     0.21 	 clipfrac: 0.16 	 return:   -66.57 	 ep_len:  1182.5 	 log_std: -0.711
epoch: 104 	 pol:     0.00 	 val:     0.61 	 clipfrac: 0.27 	 return:   -90.75 	 ep_len:   680.7 	 log_std: -0.716
epoch: 105 	 pol:    -0.03 	 val:     0.18 	 clipfrac: 0.29 	 return:   -85.65 	 ep_len:  1185.0 	 log_std: -0.717
epoch: 106 	 pol:    -0.01 	 val:     0.48 	 clipfrac: 0.19 	 return:   -79.06 	 ep_len:  1026.9 	 log_std: -0.719
epoch: 107 	 pol:    -0.06 	 val:     0.22 	 clipfrac: 0.12 	 return:   -48.03 	 ep_len:  1326.3 	 log_std: -0.719
epoch: 108 	 pol:     0.02 	 val:     0.45 	 clipfrac: 0.17 	 return:   -81.45 	 ep_len:   915.1 	 log_std: -0.721
epoch: 109 	 pol:     0.07 	 val:     0.44 	 clipfrac: 0.34 	 return:  -102.72 	 ep_len:   968.8 	 log_std: -0.724
epoch: 110 	 pol:     0.00 	 val:     0.91 	 clipfrac: 0.14 	 return:   -84.69 	 ep_len:   809.6 	 log_std: -0.726	 det_ret:   -55.56 	 det_len: 1600.0
epoch: 111 	 pol:    -0.03 	 val:     0.06 	 clipfrac: 0.42 	 return:   -74.43 	 ep_len:  1600.0 	 log_std: -0.723
epoch: 112 	 pol:     0.17 	 val:     1.11 	 clipfrac: 0.32 	 return:   -97.58 	 ep_len:   545.2 	 log_std: -0.726
epoch: 113 	 pol:    -0.10 	 val:     0.40 	 clipfrac: 0.17 	 return:   -77.92 	 ep_len:   925.8 	 log_std: -0.728
epoch: 114 	 pol:     0.16 	 val:     0.13 	 clipfrac: 0.31 	 return:   -86.63 	 ep_len:  1358.3 	 log_std: -0.728
epoch: 115 	 pol:     0.06 	 val:     0.12 	 clipfrac: 0.32 	 return:   -82.95 	 ep_len:  1359.8 	 log_std: -0.729
epoch: 116 	 pol:    -0.14 	 val:     0.29 	 clipfrac: 0.34 	 return:  -102.50 	 ep_len:  1116.8 	 log_std: -0.731
epoch: 117 	 pol:    -0.08 	 val:     0.53 	 clipfrac: 0.21 	 return:   -72.38 	 ep_len:   931.2 	 log_std: -0.735
epoch: 118 	 pol:    -0.07 	 val:     0.40 	 clipfrac: 0.33 	 return:   -92.06 	 ep_len:  1007.0 	 log_std: -0.736
epoch: 119 	 pol:    -0.21 	 val:     0.50 	 clipfrac: 0.25 	 return:   -75.54 	 ep_len:  1056.4 	 log_std: -0.739
epoch: 120 	 pol:    -0.00 	 val:     0.40 	 clipfrac: 0.17 	 return:   -69.93 	 ep_len:   931.8 	 log_std: -0.740	 det_ret:   -44.88 	 det_len: 1600.0
epoch: 121 	 pol:    -0.16 	 val:     0.33 	 clipfrac: 0.26 	 return:   -79.97 	 ep_len:   857.9 	 log_std: -0.743
epoch: 122 	 pol:    -0.04 	 val:     0.17 	 clipfrac: 0.27 	 return:   -59.38 	 ep_len:  1500.5 	 log_std: -0.743
epoch: 123 	 pol:    -0.11 	 val:     0.34 	 clipfrac: 0.21 	 return:   -66.67 	 ep_len:  1033.6 	 log_std: -0.745
epoch: 124 	 pol:    -0.24 	 val:     0.26 	 clipfrac: 0.46 	 return:   -98.84 	 ep_len:  1135.4 	 log_std: -0.749
epoch: 125 	 pol:    -0.10 	 val:     0.29 	 clipfrac: 0.26 	 return:   -91.10 	 ep_len:  1128.8 	 log_std: -0.749
epoch: 126 	 pol:    -0.07 	 val:     0.44 	 clipfrac: 0.29 	 return:   -86.31 	 ep_len:   931.5 	 log_std: -0.752
epoch: 127 	 pol:    -0.02 	 val:     0.13 	 clipfrac: 0.21 	 return:   -63.62 	 ep_len:  1521.3 	 log_std: -0.752
epoch: 128 	 pol:    -0.09 	 val:     0.16 	 clipfrac: 0.21 	 return:   -73.16 	 ep_len:  1466.8 	 log_std: -0.754
epoch: 129 	 pol:     0.05 	 val:     0.55 	 clipfrac: 0.33 	 return:   -93.02 	 ep_len:   806.1 	 log_std: -0.756
epoch: 130 	 pol:    -0.08 	 val:     0.31 	 clipfrac: 0.16 	 return:   -55.89 	 ep_len:  1193.9 	 log_std: -0.758	 det_ret:    -9.10 	 det_len: 1600.0  <-- best
epoch: 131 	 pol:    -0.06 	 val:     0.04 	 clipfrac: 0.21 	 return:   -26.61 	 ep_len:  1600.0 	 log_std: -0.756
epoch: 132 	 pol:    -0.06 	 val:     0.42 	 clipfrac: 0.25 	 return:   -82.72 	 ep_len:   846.9 	 log_std: -0.759
epoch: 133 	 pol:    -0.45 	 val:     0.21 	 clipfrac: 0.22 	 return:   -79.46 	 ep_len:  1177.0 	 log_std: -0.762
epoch: 134 	 pol:    -0.09 	 val:     0.18 	 clipfrac: 0.33 	 return:   -95.18 	 ep_len:  1165.7 	 log_std: -0.763
epoch: 135 	 pol:    -0.12 	 val:     0.36 	 clipfrac: 0.48 	 return:  -105.50 	 ep_len:   853.4 	 log_std: -0.765
epoch: 136 	 pol:    -0.37 	 val:     1.43 	 clipfrac: 0.69 	 return:  -127.56 	 ep_len:   443.7 	 log_std: -0.768
epoch: 137 	 pol:    -0.22 	 val:     0.29 	 clipfrac: 0.28 	 return:   -67.74 	 ep_len:  1210.9 	 log_std: -0.771
epoch: 138 	 pol:    -0.14 	 val:     0.66 	 clipfrac: 0.46 	 return:  -106.94 	 ep_len:   730.5 	 log_std: -0.777
epoch: 139 	 pol:    -0.08 	 val:     0.11 	 clipfrac: 0.16 	 return:   -30.66 	 ep_len:  1549.7 	 log_std: -0.777
epoch: 140 	 pol:    -0.09 	 val:     0.09 	 clipfrac: 0.11 	 return:   -34.09 	 ep_len:  1355.5 	 log_std: -0.776	 det_ret:  -114.56 	 det_len:  354.0
epoch: 141 	 pol:    -0.10 	 val:     0.14 	 clipfrac: 0.16 	 return:   -50.68 	 ep_len:  1297.6 	 log_std: -0.777
epoch: 142 	 pol:     0.03 	 val:     0.59 	 clipfrac: 0.26 	 return:   -92.93 	 ep_len:   653.9 	 log_std: -0.781
epoch: 143 	 pol:    -0.25 	 val:     0.35 	 clipfrac: 0.16 	 return:   -48.15 	 ep_len:  1099.4 	 log_std: -0.782
epoch: 144 	 pol:    -0.19 	 val:     0.36 	 clipfrac: 0.17 	 return:   -62.50 	 ep_len:  1162.1 	 log_std: -0.783
epoch: 145 	 pol:    -0.31 	 val:     0.59 	 clipfrac: 0.22 	 return:   -83.78 	 ep_len:   717.7 	 log_std: -0.787
epoch: 146 	 pol:    -0.62 	 val:     0.71 	 clipfrac: 0.26 	 return:   -85.33 	 ep_len:   819.4 	 log_std: -0.793
epoch: 147 	 pol:    -0.06 	 val:     0.04 	 clipfrac: 0.27 	 return:   -59.41 	 ep_len:  1600.0 	 log_std: -0.792
epoch: 148 	 pol:    -0.04 	 val:     0.03 	 clipfrac: 0.18 	 return:   -57.88 	 ep_len:  1600.0 	 log_std: -0.791
epoch: 149 	 pol:     0.04 	 val:     0.02 	 clipfrac: 0.21 	 return:   -57.54 	 ep_len:  1600.0 	 log_std: -0.790
epoch: 150 	 pol:    -0.05 	 val:     0.09 	 clipfrac: 0.11 	 return:   -67.64 	 ep_len:  1361.0 	 log_std: -0.792	 det_ret:   -60.14 	 det_len: 1600.0
epoch: 151 	 pol:     0.08 	 val:     0.02 	 clipfrac: 0.19 	 return:   -54.29 	 ep_len:  1600.0 	 log_std: -0.791
epoch: 152 	 pol:     0.03 	 val:     0.01 	 clipfrac: 0.21 	 return:   -58.69 	 ep_len:  1600.0 	 log_std: -0.791
epoch: 153 	 pol:     0.04 	 val:     0.07 	 clipfrac: 0.10 	 return:   -60.56 	 ep_len:  1354.8 	 log_std: -0.791
epoch: 154 	 pol:     0.77 	 val:     0.12 	 clipfrac: 0.13 	 return:   -73.02 	 ep_len:  1184.4 	 log_std: -0.795
epoch: 155 	 pol:    -0.01 	 val:     0.08 	 clipfrac: 0.13 	 return:   -53.59 	 ep_len:  1360.0 	 log_std: -0.795
epoch: 156 	 pol:     0.07 	 val:     0.02 	 clipfrac: 0.22 	 return:   -46.30 	 ep_len:  1600.0 	 log_std: -0.794
epoch: 157 	 pol:    -0.07 	 val:     0.19 	 clipfrac: 0.18 	 return:   -66.62 	 ep_len:  1172.7 	 log_std: -0.795
epoch: 158 	 pol:     0.07 	 val:     0.02 	 clipfrac: 0.27 	 return:   -43.29 	 ep_len:  1600.0 	 log_std: -0.794
epoch: 159 	 pol:     0.10 	 val:     0.02 	 clipfrac: 0.23 	 return:   -47.87 	 ep_len:  1600.0 	 log_std: -0.793	 det_ret:   -55.29 	 det_len: 1600.0

Saved training plot to bipedal_walker_training_BipedalWalker-v3.png
