
Projection policy gradient (ptorch) for continuous control, with value baseline.

epoch:   0 	 pol:    -0.88 	 val:     1.04 	 clipfrac: 0.89 	 return:  -128.45 	 ep_len:  1600.0 	 log_std: -0.699	 det_ret:  -128.04 	 det_len:   46.0  <-- best
epoch:   1 	 pol:     0.05 	 val:     2.87 	 clipfrac: 0.49 	 return:  -136.20 	 ep_len:   474.2 	 log_std: -0.701
epoch:   2 	 pol:     0.55 	 val:     0.62 	 clipfrac: 0.68 	 return:  -127.34 	 ep_len:    75.0 	 log_std: -0.700
epoch:   3 	 pol:    -0.13 	 val:     0.09 	 clipfrac: 0.16 	 return:  -113.66 	 ep_len:  1341.0 	 log_std: -0.700
epoch:   4 	 pol:    -0.04 	 val:     0.20 	 clipfrac: 0.14 	 return:  -115.58 	 ep_len:  1017.5 	 log_std: -0.702
epoch:   5 	 pol:     0.05 	 val:     0.22 	 clipfrac: 0.18 	 return:  -117.33 	 ep_len:   823.1 	 log_std: -0.706
epoch:   6 	 pol:    -0.25 	 val:     0.12 	 clipfrac: 0.15 	 return:  -108.74 	 ep_len:  1340.8 	 log_std: -0.708
epoch:   7 	 pol:     0.11 	 val:     0.33 	 clipfrac: 0.24 	 return:  -119.95 	 ep_len:   564.5 	 log_std: -0.708
epoch:   8 	 pol:     0.06 	 val:     0.31 	 clipfrac: 0.16 	 return:  -115.70 	 ep_len:   752.5 	 log_std: -0.708
epoch:   9 	 pol:    -0.16 	 val:     0.12 	 clipfrac: 0.12 	 return:  -106.68 	 ep_len:  1341.2 	 log_std: -0.710
epoch:  10 	 pol:     0.08 	 val:     0.35 	 clipfrac: 0.21 	 return:  -115.81 	 ep_len:   643.8 	 log_std: -0.709	 det_ret:   -80.99 	 det_len: 1600.0  <-- best
epoch:  11 	 pol:    -0.17 	 val:     0.04 	 clipfrac: 0.19 	 return:  -104.97 	 ep_len:  1600.0 	 log_std: -0.701
epoch:  12 	 pol:     0.04 	 val:     0.33 	 clipfrac: 0.17 	 return:  -116.05 	 ep_len:   823.2 	 log_std: -0.700
epoch:  13 	 pol:    -0.03 	 val:     0.22 	 clipfrac: 0.09 	 return:  -110.71 	 ep_len:  1156.1 	 log_std: -0.703
epoch:  14 	 pol:    -0.20 	 val:     0.04 	 clipfrac: 0.15 	 return:  -103.04 	 ep_len:  1600.0 	 log_std: -0.695
epoch:  15 	 pol:    -0.09 	 val:     0.22 	 clipfrac: 0.11 	 return:  -110.66 	 ep_len:  1156.4 	 log_std: -0.698
epoch:  16 	 pol:    -0.04 	 val:     0.43 	 clipfrac: 0.16 	 return:  -113.65 	 ep_len:   822.7 	 log_std: -0.697
epoch:  17 	 pol:    -0.15 	 val:     0.42 	 clipfrac: 0.12 	 return:  -113.07 	 ep_len:   823.0 	 log_std: -0.697
epoch:  18 	 pol:    -0.00 	 val:     0.75 	 clipfrac: 0.20 	 return:  -119.20 	 ep_len:   399.7 	 log_std: -0.697
epoch:  19 	 pol:    -0.06 	 val:     0.52 	 clipfrac: 0.50 	 return:  -125.35 	 ep_len:    99.6 	 log_std: -0.702
epoch:  20 	 pol:    -0.14 	 val:     0.14 	 clipfrac: 0.63 	 return:  -126.69 	 ep_len:    47.5 	 log_std: -0.702	 det_ret:  -126.16 	 det_len:   47.0
epoch:  21 	 pol:     0.11 	 val:     0.17 	 clipfrac: 0.48 	 return:  -125.82 	 ep_len:    98.9 	 log_std: -0.700
epoch:  22 	 pol:    -0.48 	 val:     0.05 	 clipfrac: 0.48 	 return:  -126.55 	 ep_len:    47.4 	 log_std: -0.701
epoch:  23 	 pol:    -0.23 	 val:     0.03 	 clipfrac: 0.49 	 return:  -126.71 	 ep_len:    47.0 	 log_std: -0.699
epoch:  24 	 pol:     0.37 	 val:     0.04 	 clipfrac: 0.57 	 return:  -126.51 	 ep_len:    47.1 	 log_std: -0.698
epoch:  25 	 pol:    -0.32 	 val:     0.08 	 clipfrac: 0.56 	 return:  -125.62 	 ep_len:    48.2 	 log_std: -0.699
epoch:  26 	 pol:     0.43 	 val:     0.02 	 clipfrac: 0.56 	 return:  -126.69 	 ep_len:    47.0 	 log_std: -0.705
epoch:  27 	 pol:     0.01 	 val:     0.01 	 clipfrac: 0.65 	 return:  -126.71 	 ep_len:    47.0 	 log_std: -0.710
epoch:  28 	 pol:    -0.92 	 val:     0.01 	 clipfrac: 0.47 	 return:  -126.84 	 ep_len:    46.9 	 log_std: -0.710
epoch:  29 	 pol:    -0.51 	 val:     0.01 	 clipfrac: 0.77 	 return:  -126.90 	 ep_len:    46.0 	 log_std: -0.708
epoch:  30 	 pol:     1.43 	 val:     0.01 	 clipfrac: 0.48 	 return:  -127.10 	 ep_len:    46.0 	 log_std: -0.703	 det_ret:  -127.21 	 det_len:   47.0
epoch:  31 	 pol:     1.46 	 val:     0.02 	 clipfrac: 0.85 	 return:  -126.95 	 ep_len:    56.4 	 log_std: -0.700
epoch:  32 	 pol:    -2.60 	 val:     0.01 	 clipfrac: 0.56 	 return:  -126.74 	 ep_len:    47.0 	 log_std: -0.706
epoch:  33 	 pol:    -3.26 	 val:     0.01 	 clipfrac: 0.35 	 return:  -126.78 	 ep_len:    46.3 	 log_std: -0.710
epoch:  34 	 pol:    -1.11 	 val:     0.01 	 clipfrac: 0.58 	 return:  -127.42 	 ep_len:    46.0 	 log_std: -0.715
epoch:  35 	 pol:     3.17 	 val:     0.00 	 clipfrac: 0.54 	 return:  -127.72 	 ep_len:    46.0 	 log_std: -0.715
epoch:  36 	 pol:     0.93 	 val:     0.00 	 clipfrac: 0.63 	 return:  -126.99 	 ep_len:    46.0 	 log_std: -0.724
epoch:  37 	 pol:    -0.58 	 val:     0.00 	 clipfrac: 0.76 	 return:  -126.85 	 ep_len:    46.2 	 log_std: -0.733
epoch:  38 	 pol:    -8.70 	 val:     0.00 	 clipfrac: 0.56 	 return:  -126.84 	 ep_len:    46.0 	 log_std: -0.738
epoch:  39 	 pol:    -5.09 	 val:     0.00 	 clipfrac: 0.59 	 return:  -127.61 	 ep_len:    45.5 	 log_std: -0.754
epoch:  40 	 pol:    -6.70 	 val:     0.00 	 clipfrac: 0.51 	 return:  -127.60 	 ep_len:    45.6 	 log_std: -0.757	 det_ret:  -127.33 	 det_len:   45.0
epoch:  41 	 pol:    -2.02 	 val:     0.00 	 clipfrac: 0.53 	 return:  -127.61 	 ep_len:    45.7 	 log_std: -0.759
epoch:  42 	 pol:    -5.35 	 val:     0.00 	 clipfrac: 0.54 	 return:  -127.67 	 ep_len:    45.7 	 log_std: -0.761
epoch:  43 	 pol:    -1.38 	 val:     0.00 	 clipfrac: 0.55 	 return:  -127.64 	 ep_len:    45.9 	 log_std: -0.763
epoch:  44 	 pol:    -7.47 	 val:     0.00 	 clipfrac: 0.54 	 return:  -127.65 	 ep_len:    46.0 	 log_std: -0.765
epoch:  45 	 pol:    -6.98 	 val:     0.00 	 clipfrac: 0.48 	 return:  -127.02 	 ep_len:    46.0 	 log_std: -0.767
epoch:  46 	 pol:   -12.50 	 val:     0.00 	 clipfrac: 0.55 	 return:  -126.81 	 ep_len:    46.1 	 log_std: -0.771
epoch:  47 	 pol:    -6.30 	 val:     0.00 	 clipfrac: 0.47 	 return:  -126.76 	 ep_len:    46.1 	 log_std: -0.776
epoch:  48 	 pol:   -21.97 	 val:     0.00 	 clipfrac: 0.58 	 return:  -127.27 	 ep_len:    46.0 	 log_std: -0.777
epoch:  49 	 pol:   -79.03 	 val:     0.00 	 clipfrac: 0.60 	 return:  -127.51 	 ep_len:    45.9 	 log_std: -0.792
epoch:  50 	 pol:   -75.88 	 val:     0.00 	 clipfrac: 0.53 	 return:  -127.86 	 ep_len:    45.7 	 log_std: -0.801	 det_ret:  -127.49 	 det_len:   45.0
epoch:  51 	 pol:   -11.25 	 val:     0.00 	 clipfrac: 0.54 	 return:  -127.89 	 ep_len:    45.8 	 log_std: -0.804
epoch:  52 	 pol:   -24.82 	 val:     0.00 	 clipfrac: 0.56 	 return:  -127.88 	 ep_len:    45.7 	 log_std: -0.807
epoch:  53 	 pol:   -19.65 	 val:     0.00 	 clipfrac: 0.57 	 return:  -127.95 	 ep_len:    45.9 	 log_std: -0.810
epoch:  54 	 pol:   -37.10 	 val:     0.00 	 clipfrac: 0.56 	 return:  -127.98 	 ep_len:    45.9 	 log_std: -0.813
epoch:  55 	 pol:   -83.53 	 val:     0.00 	 clipfrac: 0.58 	 return:  -127.90 	 ep_len:    45.8 	 log_std: -0.815
epoch:  56 	 pol:  -173.48 	 val:     0.00 	 clipfrac: 0.62 	 return:  -127.68 	 ep_len:    45.4 	 log_std: -0.820
epoch:  57 	 pol:   -59.90 	 val:     0.00 	 clipfrac: 0.55 	 return:  -127.74 	 ep_len:    45.5 	 log_std: -0.823
epoch:  58 	 pol:  -112.52 	 val:     0.00 	 clipfrac: 0.58 	 return:  -127.82 	 ep_len:    45.6 	 log_std: -0.826
epoch:  59 	 pol:    91.75 	 val:     0.00 	 clipfrac: 0.62 	 return:  -127.83 	 ep_len:    45.6 	 log_std: -0.826
epoch:  60 	 pol:    18.45 	 val:     0.00 	 clipfrac: 0.54 	 return:  -127.87 	 ep_len:    45.7 	 log_std: -0.828	 det_ret:  -127.52 	 det_len:   45.0
epoch:  61 	 pol:    45.39 	 val:     0.00 	 clipfrac: 0.56 	 return:  -127.88 	 ep_len:    45.7 	 log_std: -0.830
epoch:  62 	 pol:   -74.89 	 val:     0.00 	 clipfrac: 0.55 	 return:  -127.94 	 ep_len:    45.8 	 log_std: -0.833
epoch:  63 	 pol:   -79.24 	 val:     0.00 	 clipfrac: 0.50 	 return:  -127.96 	 ep_len:    45.9 	 log_std: -0.836
epoch:  64 	 pol:    33.14 	 val:     0.00 	 clipfrac: 0.57 	 return:  -128.00 	 ep_len:    46.0 	 log_std: -0.838
epoch:  65 	 pol:  -593.39 	 val:     0.00 	 clipfrac: 0.56 	 return:  -127.67 	 ep_len:    45.3 	 log_std: -0.847
epoch:  66 	 pol:  -216.93 	 val:     0.00 	 clipfrac: 0.53 	 return:  -127.72 	 ep_len:    45.4 	 log_std: -0.850
epoch:  67 	 pol:   255.76 	 val:     0.00 	 clipfrac: 0.55 	 return:  -127.82 	 ep_len:    45.6 	 log_std: -0.855
epoch:  68 	 pol:   -35.79 	 val:     0.00 	 clipfrac: 0.54 	 return:  -127.77 	 ep_len:    45.5 	 log_std: -0.857
epoch:  69 	 pol:   -60.68 	 val:     0.00 	 clipfrac: 0.54 	 return:  -127.84 	 ep_len:    45.7 	 log_std: -0.860
epoch:  70 	 pol:  -355.02 	 val:     0.00 	 clipfrac: 0.55 	 return:  -127.89 	 ep_len:    45.8 	 log_std: -0.862	 det_ret:  -127.45 	 det_len:   45.0
epoch:  71 	 pol:   -37.12 	 val:     0.00 	 clipfrac: 0.55 	 return:  -127.89 	 ep_len:    45.8 	 log_std: -0.865
epoch:  72 	 pol:   182.96 	 val:     0.00 	 clipfrac: 0.53 	 return:  -127.98 	 ep_len:    45.9 	 log_std: -0.868
epoch:  73 	 pol:   -42.67 	 val:     0.00 	 clipfrac: 0.53 	 return:  -127.98 	 ep_len:    45.9 	 log_std: -0.870
epoch:  74 	 pol: -1024.37 	 val:     0.00 	 clipfrac: 0.54 	 return:  -127.81 	 ep_len:    45.6 	 log_std: -0.881
epoch:  75 	 pol:  -636.08 	 val:     0.00 	 clipfrac: 0.55 	 return:  -127.76 	 ep_len:    45.5 	 log_std: -0.886
epoch:  76 	 pol:   334.63 	 val:     0.00 	 clipfrac: 0.49 	 return:  -127.78 	 ep_len:    45.5 	 log_std: -0.889
epoch:  77 	 pol:   160.06 	 val:     0.00 	 clipfrac: 0.52 	 return:  -127.83 	 ep_len:    45.6 	 log_std: -0.891
epoch:  78 	 pol:  -656.50 	 val:     0.00 	 clipfrac: 0.54 	 return:  -127.83 	 ep_len:    45.6 	 log_std: -0.893
epoch:  79 	 pol:   351.34 	 val:     0.00 	 clipfrac: 0.54 	 return:  -127.86 	 ep_len:    45.7 	 log_std: -0.896
epoch:  80 	 pol:   -56.50 	 val:     0.00 	 clipfrac: 0.57 	 return:  -127.91 	 ep_len:    45.8 	 log_std: -0.899	 det_ret:  -127.43 	 det_len:   45.0
epoch:  81 	 pol:  -789.17 	 val:     0.00 	 clipfrac: 0.53 	 return:  -127.95 	 ep_len:    45.9 	 log_std: -0.904
epoch:  82 	 pol:   -16.12 	 val:     0.00 	 clipfrac: 0.54 	 return:  -127.97 	 ep_len:    45.9 	 log_std: -0.907
epoch:  83 	 pol: -1399.27 	 val:     0.00 	 clipfrac: 0.50 	 return:  -127.89 	 ep_len:    45.8 	 log_std: -0.915
epoch:  84 	 pol: -2559.23 	 val:     0.00 	 clipfrac: 0.53 	 return:  -127.75 	 ep_len:    45.5 	 log_std: -0.927
epoch:  85 	 pol:   -71.65 	 val:     0.00 	 clipfrac: 0.56 	 return:  -127.75 	 ep_len:    45.5 	 log_std: -0.928
epoch:  86 	 pol:  -263.93 	 val:     0.00 	 clipfrac: 0.55 	 return:  -127.78 	 ep_len:    45.6 	 log_std: -0.930
epoch:  87 	 pol:  -282.06 	 val:     0.00 	 clipfrac: 0.54 	 return:  -127.85 	 ep_len:    45.7 	 log_std: -0.932
epoch:  88 	 pol:   774.19 	 val:     0.00 	 clipfrac: 0.53 	 return:  -127.85 	 ep_len:    45.7 	 log_std: -0.933
epoch:  89 	 pol:  -833.12 	 val:     0.00 	 clipfrac: 0.51 	 return:  -127.92 	 ep_len:    45.8 	 log_std: -0.935
epoch:  90 	 pol:  1021.15 	 val:     0.00 	 clipfrac: 0.57 	 return:  -127.94 	 ep_len:    45.9 	 log_std: -0.938	 det_ret:  -127.43 	 det_len:   45.0
epoch:  91 	 pol: -2053.12 	 val:     0.00 	 clipfrac: 0.48 	 return:  -127.95 	 ep_len:    45.9 	 log_std: -0.940
epoch:  92 	 pol:  -466.76 	 val:     0.00 	 clipfrac: 0.52 	 return:  -127.94 	 ep_len:    45.9 	 log_std: -0.942
epoch:  93 	 pol: -3149.99 	 val:     0.00 	 clipfrac: 0.53 	 return:  -127.73 	 ep_len:    45.4 	 log_std: -0.944
epoch:  94 	 pol: -1063.83 	 val:     0.00 	 clipfrac: 0.52 	 return:  -127.74 	 ep_len:    45.5 	 log_std: -0.946
epoch:  95 	 pol:  1132.11 	 val:     0.00 	 clipfrac: 0.53 	 return:  -127.77 	 ep_len:    45.5 	 log_std: -0.950
epoch:  96 	 pol: -1021.70 	 val:     0.00 	 clipfrac: 0.56 	 return:  -127.83 	 ep_len:    45.6 	 log_std: -0.952
epoch:  97 	 pol: -1250.07 	 val:     0.00 	 clipfrac: 0.56 	 return:  -127.83 	 ep_len:    45.7 	 log_std: -0.954
epoch:  98 	 pol:   660.20 	 val:     0.00 	 clipfrac: 0.53 	 return:  -127.88 	 ep_len:    45.7 	 log_std: -0.956
epoch:  99 	 pol: -4015.99 	 val:     0.00 	 clipfrac: 0.55 	 return:  -127.93 	 ep_len:    45.9 	 log_std: -0.958
epoch: 100 	 pol: -2023.28 	 val:     0.00 	 clipfrac: 0.50 	 return:  -127.95 	 ep_len:    45.9 	 log_std: -0.960	 det_ret:  -128.04 	 det_len:   46.0
epoch: 101 	 pol:  -276.35 	 val:     0.00 	 clipfrac: 0.49 	 return:  -127.99 	 ep_len:    46.0 	 log_std: -0.962
epoch: 102 	 pol: -1425.71 	 val:     0.00 	 clipfrac: 0.51 	 return:  -127.74 	 ep_len:    45.5 	 log_std: -0.964
epoch: 103 	 pol: -1513.75 	 val:     0.00 	 clipfrac: 0.49 	 return:  -127.76 	 ep_len:    45.5 	 log_std: -0.966
epoch: 104 	 pol:  3309.23 	 val:     0.00 	 clipfrac: 0.55 	 return:  -127.77 	 ep_len:    45.5 	 log_std: -0.975
epoch: 105 	 pol:    10.29 	 val:     0.00 	 clipfrac: 0.52 	 return:  -127.80 	 ep_len:    45.6 	 log_std: -0.977
epoch: 106 	 pol: -4575.58 	 val:     0.00 	 clipfrac: 0.49 	 return:  -127.88 	 ep_len:    45.7 	 log_std: -0.979
epoch: 107 	 pol:  4455.12 	 val:     0.00 	 clipfrac: 0.51 	 return:  -127.86 	 ep_len:    45.7 	 log_std: -0.987
epoch: 108 	 pol:  2438.38 	 val:     0.00 	 clipfrac: 0.52 	 return:  -127.90 	 ep_len:    45.8 	 log_std: -0.990
epoch: 109 	 pol:  3206.12 	 val:     0.00 	 clipfrac: 0.51 	 return:  -127.97 	 ep_len:    45.9 	 log_std: -0.992
epoch: 110 	 pol: -1342.25 	 val:     0.00 	 clipfrac: 0.48 	 return:  -127.98 	 ep_len:    45.9 	 log_std: -0.996	 det_ret:  -128.01 	 det_len:   46.0
epoch: 111 	 pol: -5105.75 	 val:     0.00 	 clipfrac: 0.48 	 return:  -127.84 	 ep_len:    45.7 	 log_std: -0.999
epoch: 112 	 pol: -3245.67 	 val:     0.00 	 clipfrac: 0.56 	 return:  -127.73 	 ep_len:    45.4 	 log_std: -1.001
epoch: 113 	 pol: -1669.20 	 val:     0.00 	 clipfrac: 0.54 	 return:  -127.78 	 ep_len:    45.5 	 log_std: -1.003
epoch: 114 	 pol:  6720.01 	 val:     0.00 	 clipfrac: 0.54 	 return:  -127.82 	 ep_len:    45.6 	 log_std: -1.009
epoch: 115 	 pol: -7999.89 	 val:     0.00 	 clipfrac: 0.54 	 return:  -127.84 	 ep_len:    45.7 	 log_std: -1.010
epoch: 116 	 pol:  6955.11 	 val:     0.00 	 clipfrac: 0.55 	 return:  -127.89 	 ep_len:    45.8 	 log_std: -1.012
epoch: 117 	 pol:   727.21 	 val:     0.00 	 clipfrac: 0.54 	 return:  -127.87 	 ep_len:    45.7 	 log_std: -1.014
epoch: 118 	 pol:  5389.01 	 val:     0.00 	 clipfrac: 0.52 	 return:  -127.94 	 ep_len:    45.9 	 log_std: -1.016
epoch: 119 	 pol:  7175.49 	 val:     0.00 	 clipfrac: 0.52 	 return:  -127.97 	 ep_len:    45.9 	 log_std: -1.017
epoch: 120 	 pol:  3891.73 	 val:     0.00 	 clipfrac: 0.54 	 return:  -127.92 	 ep_len:    45.8 	 log_std: -1.019	 det_ret:  -128.08 	 det_len:   46.0
epoch: 121 	 pol: -40471.01 	 val:     0.00 	 clipfrac: 0.50 	 return:  -127.72 	 ep_len:    45.4 	 log_std: -1.024
epoch: 122 	 pol:  5905.19 	 val:     0.00 	 clipfrac: 0.58 	 return:  -127.75 	 ep_len:    45.5 	 log_std: -1.025
epoch: 123 	 pol:  3645.98 	 val:     0.00 	 clipfrac: 0.58 	 return:  -127.78 	 ep_len:    45.6 	 log_std: -1.027
epoch: 124 	 pol:  1194.70 	 val:     0.00 	 clipfrac: 0.58 	 return:  -127.81 	 ep_len:    45.6 	 log_std: -1.029
epoch: 125 	 pol:   727.11 	 val:     0.00 	 clipfrac: 0.57 	 return:  -127.87 	 ep_len:    45.7 	 log_std: -1.031
epoch: 126 	 pol: 16026.16 	 val:     0.00 	 clipfrac: 0.57 	 return:  -127.87 	 ep_len:    45.7 	 log_std: -1.033
epoch: 127 	 pol: 22874.10 	 val:     0.00 	 clipfrac: 0.53 	 return:  -127.93 	 ep_len:    45.8 	 log_std: -1.035
epoch: 128 	 pol: 18611.06 	 val:     0.00 	 clipfrac: 0.54 	 return:  -127.96 	 ep_len:    45.9 	 log_std: -1.046
epoch: 129 	 pol:  -669.90 	 val:     0.00 	 clipfrac: 0.53 	 return:  -128.00 	 ep_len:    46.0 	 log_std: -1.047
epoch: 130 	 pol: -22549.59 	 val:     0.00 	 clipfrac: 0.45 	 return:  -127.72 	 ep_len:    45.4 	 log_std: -1.051	 det_ret:  -128.09 	 det_len:   46.0
epoch: 131 	 pol: -4399.52 	 val:     0.00 	 clipfrac: 0.55 	 return:  -127.74 	 ep_len:    45.5 	 log_std: -1.052
epoch: 132 	 pol: 13045.70 	 val:     0.00 	 clipfrac: 0.58 	 return:  -127.80 	 ep_len:    45.6 	 log_std: -1.053
epoch: 133 	 pol: -5964.07 	 val:     0.00 	 clipfrac: 0.56 	 return:  -127.78 	 ep_len:    45.5 	 log_std: -1.054
epoch: 134 	 pol: 15947.46 	 val:     0.00 	 clipfrac: 0.54 	 return:  -127.84 	 ep_len:    45.7 	 log_std: -1.056
epoch: 135 	 pol:  8458.02 	 val:     0.00 	 clipfrac: 0.51 	 return:  -127.89 	 ep_len:    45.8 	 log_std: -1.057
epoch: 136 	 pol: -8066.56 	 val:     0.00 	 clipfrac: 0.49 	 return:  -127.89 	 ep_len:    45.8 	 log_std: -1.058
epoch: 137 	 pol: -10535.32 	 val:     0.00 	 clipfrac: 0.52 	 return:  -127.94 	 ep_len:    45.9 	 log_std: -1.059
epoch: 138 	 pol:  4015.37 	 val:     0.00 	 clipfrac: 0.52 	 return:  -127.99 	 ep_len:    46.0 	 log_std: -1.061
epoch: 139 	 pol: -58728.00 	 val:     0.00 	 clipfrac: 0.44 	 return:  -127.78 	 ep_len:    45.5 	 log_std: -1.064
epoch: 140 	 pol: -17271.50 	 val:     0.00 	 clipfrac: 0.52 	 return:  -127.73 	 ep_len:    45.4 	 log_std: -1.065	 det_ret:  -128.04 	 det_len:   46.0
epoch: 141 	 pol: 31702.51 	 val:     0.00 	 clipfrac: 0.53 	 return:  -127.77 	 ep_len:    45.5 	 log_std: -1.066
epoch: 142 	 pol: 21254.00 	 val:     0.00 	 clipfrac: 0.53 	 return:  -127.82 	 ep_len:    45.6 	 log_std: -1.068
epoch: 143 	 pol:  3133.04 	 val:     0.00 	 clipfrac: 0.54 	 return:  -127.83 	 ep_len:    45.6 	 log_std: -1.071
epoch: 144 	 pol: 41685.32 	 val:     0.00 	 clipfrac: 0.53 	 return:  -127.88 	 ep_len:    45.7 	 log_std: -1.072
epoch: 145 	 pol:  2273.54 	 val:     0.00 	 clipfrac: 0.51 	 return:  -127.91 	 ep_len:    45.8 	 log_std: -1.073
epoch: 146 	 pol: 22416.93 	 val:     0.00 	 clipfrac: 0.51 	 return:  -127.93 	 ep_len:    45.8 	 log_std: -1.076
epoch: 147 	 pol: 24462.32 	 val:     0.00 	 clipfrac: 0.52 	 return:  -127.96 	 ep_len:    45.9 	 log_std: -1.077
epoch: 148 	 pol: -7747.25 	 val:     0.00 	 clipfrac: 0.47 	 return:  -127.85 	 ep_len:    45.7 	 log_std: -1.079
epoch: 149 	 pol: -109437.08 	 val:     0.00 	 clipfrac: 0.43 	 return:  -127.75 	 ep_len:    45.5 	 log_std: -1.081
epoch: 150 	 pol: 27674.27 	 val:     0.00 	 clipfrac: 0.50 	 return:  -127.73 	 ep_len:    45.4 	 log_std: -1.084	 det_ret:  -128.08 	 det_len:   46.0
epoch: 151 	 pol: 31684.97 	 val:     0.00 	 clipfrac: 0.59 	 return:  -127.82 	 ep_len:    45.6 	 log_std: -1.085
epoch: 152 	 pol: 43279.18 	 val:     0.00 	 clipfrac: 0.55 	 return:  -127.82 	 ep_len:    45.6 	 log_std: -1.087
epoch: 153 	 pol: 11670.60 	 val:     0.00 	 clipfrac: 0.50 	 return:  -127.84 	 ep_len:    45.7 	 log_std: -1.088
epoch: 154 	 pol: 94058.27 	 val:     0.00 	 clipfrac: 0.53 	 return:  -127.92 	 ep_len:    45.8 	 log_std: -1.092
epoch: 155 	 pol: -50544.52 	 val:     0.00 	 clipfrac: 0.46 	 return:  -127.94 	 ep_len:    45.9 	 log_std: -1.093
epoch: 156 	 pol: -9843.01 	 val:     0.00 	 clipfrac: 0.50 	 return:  -127.95 	 ep_len:    45.9 	 log_std: -1.095
epoch: 157 	 pol: -30186.12 	 val:     0.00 	 clipfrac: 0.47 	 return:  -127.97 	 ep_len:    45.9 	 log_std: -1.096
epoch: 158 	 pol: -60292.74 	 val:     0.00 	 clipfrac: 0.50 	 return:  -127.70 	 ep_len:    45.4 	 log_std: -1.099
epoch: 159 	 pol: -3526.49 	 val:     0.00 	 clipfrac: 0.51 	 return:  -127.76 	 ep_len:    45.5 	 log_std: -1.100	 det_ret:  -127.52 	 det_len:   45.0

Saved training plot to bipedal_walker_training_BipedalWalker-v3.png
