
Projection policy gradient (ptorch) for continuous control, with value baseline.

epoch:   0 	 pol:    -0.09 	 val:     0.17 	 clipfrac: 0.75 	 return:  -124.94 	 ep_len:  1600.0 	 log_std: -0.685	 det_ret:  -118.66 	 det_len:   48.0  <-- best
epoch:   1 	 pol:    -0.03 	 val:     1.77 	 clipfrac: 0.83 	 return:  -116.83 	 ep_len:    58.8 	 log_std: -0.674
epoch:   2 	 pol:     0.23 	 val:     0.32 	 clipfrac: 0.30 	 return:  -121.26 	 ep_len:   575.1 	 log_std: -0.662
epoch:   3 	 pol:     0.60 	 val:     0.77 	 clipfrac: 0.45 	 return:  -120.66 	 ep_len:   140.4 	 log_std: -0.660
epoch:   4 	 pol:     0.45 	 val:     0.61 	 clipfrac: 0.50 	 return:  -120.94 	 ep_len:    96.5 	 log_std: -0.658
epoch:   5 	 pol:     0.36 	 val:     0.32 	 clipfrac: 0.23 	 return:  -121.24 	 ep_len:   210.4 	 log_std: -0.659
epoch:   6 	 pol:    -0.20 	 val:     0.18 	 clipfrac: 0.10 	 return:  -111.27 	 ep_len:   700.0 	 log_std: -0.656
epoch:   7 	 pol:     0.07 	 val:     0.35 	 clipfrac: 0.15 	 return:  -115.55 	 ep_len:   322.5 	 log_std: -0.668
epoch:   8 	 pol:    -0.13 	 val:     0.19 	 clipfrac: 0.10 	 return:  -110.50 	 ep_len:   760.0 	 log_std: -0.668
epoch:   9 	 pol:     0.00 	 val:     0.25 	 clipfrac: 0.12 	 return:  -110.93 	 ep_len:   560.4 	 log_std: -0.659
epoch:  10 	 pol:    -0.15 	 val:     0.09 	 clipfrac: 0.17 	 return:  -101.31 	 ep_len:  1345.7 	 log_std: -0.658	 det_ret:   -75.61 	 det_len: 1600.0  <-- best
epoch:  11 	 pol:    -0.19 	 val:     0.02 	 clipfrac: 0.22 	 return:   -98.71 	 ep_len:  1600.0 	 log_std: -0.636
epoch:  12 	 pol:    -0.14 	 val:     0.02 	 clipfrac: 0.28 	 return:   -99.51 	 ep_len:  1600.0 	 log_std: -0.618
epoch:  13 	 pol:     0.36 	 val:     0.36 	 clipfrac: 0.32 	 return:  -113.53 	 ep_len:   498.8 	 log_std: -0.620
epoch:  14 	 pol:    -0.01 	 val:     0.08 	 clipfrac: 0.07 	 return:  -106.69 	 ep_len:  1350.7 	 log_std: -0.625
epoch:  15 	 pol:    -0.11 	 val:     0.03 	 clipfrac: 0.30 	 return:   -99.02 	 ep_len:  1600.0 	 log_std: -0.618
epoch:  16 	 pol:    -0.06 	 val:     0.02 	 clipfrac: 0.27 	 return:  -102.32 	 ep_len:  1600.0 	 log_std: -0.613
epoch:  17 	 pol:     0.11 	 val:     0.07 	 clipfrac: 0.18 	 return:  -106.01 	 ep_len:  1344.7 	 log_std: -0.609
epoch:  18 	 pol:     0.22 	 val:     0.41 	 clipfrac: 0.39 	 return:  -112.07 	 ep_len:   580.7 	 log_std: -0.616
epoch:  19 	 pol:    -0.04 	 val:     0.04 	 clipfrac: 0.38 	 return:  -100.38 	 ep_len:  1600.0 	 log_std: -0.619
epoch:  20 	 pol:    -0.04 	 val:     0.03 	 clipfrac: 0.25 	 return:  -102.59 	 ep_len:  1600.0 	 log_std: -0.621	 det_ret:   -45.70 	 det_len: 1600.0  <-- best
epoch:  21 	 pol:     0.00 	 val:     0.03 	 clipfrac: 0.19 	 return:  -103.65 	 ep_len:  1600.0 	 log_std: -0.627
epoch:  22 	 pol:     0.28 	 val:     0.49 	 clipfrac: 0.38 	 return:  -118.91 	 ep_len:   495.5 	 log_std: -0.629
epoch:  23 	 pol:    -0.02 	 val:     0.03 	 clipfrac: 0.61 	 return:  -101.95 	 ep_len:  1600.0 	 log_std: -0.632
epoch:  24 	 pol:    -0.01 	 val:     0.03 	 clipfrac: 0.32 	 return:  -110.09 	 ep_len:  1600.0 	 log_std: -0.636
epoch:  25 	 pol:    -0.01 	 val:     0.02 	 clipfrac: 0.30 	 return:  -113.20 	 ep_len:  1600.0 	 log_std: -0.643
epoch:  26 	 pol:     0.02 	 val:     0.65 	 clipfrac: 0.67 	 return:  -121.17 	 ep_len:   466.1 	 log_std: -0.646
epoch:  27 	 pol:    -0.02 	 val:     0.03 	 clipfrac: 0.67 	 return:  -105.12 	 ep_len:  1600.0 	 log_std: -0.648
epoch:  28 	 pol:     0.00 	 val:     0.03 	 clipfrac: 0.57 	 return:  -110.63 	 ep_len:  1600.0 	 log_std: -0.654
epoch:  29 	 pol:     0.00 	 val:     0.14 	 clipfrac: 0.49 	 return:  -112.03 	 ep_len:  1340.5 	 log_std: -0.657
epoch:  30 	 pol:    -0.07 	 val:     0.77 	 clipfrac: 0.67 	 return:  -119.88 	 ep_len:   547.5 	 log_std: -0.663	 det_ret:  -116.14 	 det_len: 1600.0
epoch:  31 	 pol:    -0.01 	 val:     0.04 	 clipfrac: 0.59 	 return:  -104.19 	 ep_len:  1600.0 	 log_std: -0.662
epoch:  32 	 pol:     0.00 	 val:     0.04 	 clipfrac: 0.20 	 return:  -107.32 	 ep_len:  1600.0 	 log_std: -0.665
epoch:  33 	 pol:    -0.05 	 val:     0.03 	 clipfrac: 0.24 	 return:  -104.96 	 ep_len:  1600.0 	 log_std: -0.668
epoch:  34 	 pol:    -0.07 	 val:     1.01 	 clipfrac: 0.66 	 return:  -122.16 	 ep_len:   451.9 	 log_std: -0.672
epoch:  35 	 pol:     0.01 	 val:     0.05 	 clipfrac: 0.57 	 return:  -102.11 	 ep_len:  1600.0 	 log_std: -0.672
epoch:  36 	 pol:    -0.03 	 val:     0.04 	 clipfrac: 0.48 	 return:  -102.97 	 ep_len:  1600.0 	 log_std: -0.674
epoch:  37 	 pol:    -0.01 	 val:     0.14 	 clipfrac: 0.33 	 return:  -107.57 	 ep_len:  1355.0 	 log_std: -0.675
epoch:  38 	 pol:    -0.07 	 val:     1.17 	 clipfrac: 0.64 	 return:  -121.04 	 ep_len:   526.6 	 log_std: -0.676
epoch:  39 	 pol:    -0.03 	 val:     0.06 	 clipfrac: 0.24 	 return:  -105.72 	 ep_len:  1600.0 	 log_std: -0.675
epoch:  40 	 pol:    -0.06 	 val:     0.03 	 clipfrac: 0.41 	 return:  -103.38 	 ep_len:  1600.0 	 log_std: -0.675	 det_ret:   -79.17 	 det_len: 1600.0
epoch:  41 	 pol:    -0.04 	 val:     0.05 	 clipfrac: 0.48 	 return:  -109.86 	 ep_len:  1600.0 	 log_std: -0.675
epoch:  42 	 pol:    -0.01 	 val:     1.26 	 clipfrac: 0.66 	 return:  -119.39 	 ep_len:   483.9 	 log_std: -0.675
epoch:  43 	 pol:    -0.03 	 val:     0.04 	 clipfrac: 0.51 	 return:   -98.73 	 ep_len:  1600.0 	 log_std: -0.675
epoch:  44 	 pol:    -0.06 	 val:     0.04 	 clipfrac: 0.36 	 return:  -102.81 	 ep_len:  1600.0 	 log_std: -0.675
epoch:  45 	 pol:    -0.01 	 val:     0.12 	 clipfrac: 0.51 	 return:  -107.57 	 ep_len:  1347.5 	 log_std: -0.675
epoch:  46 	 pol:     0.03 	 val:     0.56 	 clipfrac: 0.53 	 return:  -110.81 	 ep_len:   846.8 	 log_std: -0.675
epoch:  47 	 pol:    -0.07 	 val:     0.68 	 clipfrac: 0.41 	 return:  -111.31 	 ep_len:   914.6 	 log_std: -0.675
epoch:  48 	 pol:    -0.03 	 val:     0.06 	 clipfrac: 0.40 	 return:   -99.18 	 ep_len:  1600.0 	 log_std: -0.675
epoch:  49 	 pol:    -0.02 	 val:     0.03 	 clipfrac: 0.37 	 return:  -100.76 	 ep_len:  1600.0 	 log_std: -0.675
epoch:  50 	 pol:    -0.09 	 val:     0.45 	 clipfrac: 0.48 	 return:  -110.10 	 ep_len:   929.7 	 log_std: -0.676	 det_ret:   -71.22 	 det_len: 1600.0
epoch:  51 	 pol:     0.01 	 val:     0.98 	 clipfrac: 0.51 	 return:  -113.82 	 ep_len:   553.2 	 log_std: -0.676
epoch:  52 	 pol:    -0.05 	 val:     0.06 	 clipfrac: 0.37 	 return:   -98.10 	 ep_len:  1600.0 	 log_std: -0.675
epoch:  53 	 pol:    -0.09 	 val:     0.02 	 clipfrac: 0.34 	 return:   -97.44 	 ep_len:  1600.0 	 log_std: -0.675
epoch:  54 	 pol:    -0.10 	 val:     0.44 	 clipfrac: 0.51 	 return:  -111.91 	 ep_len:   777.1 	 log_std: -0.677
epoch:  55 	 pol:    -0.02 	 val:     1.03 	 clipfrac: 0.34 	 return:  -110.17 	 ep_len:   664.2 	 log_std: -0.678
epoch:  56 	 pol:    -0.11 	 val:     0.04 	 clipfrac: 0.23 	 return:   -95.57 	 ep_len:  1600.0 	 log_std: -0.675
epoch:  57 	 pol:    -0.03 	 val:     0.03 	 clipfrac: 0.19 	 return:   -97.49 	 ep_len:  1600.0 	 log_std: -0.675
epoch:  58 	 pol:    -0.09 	 val:     0.33 	 clipfrac: 0.38 	 return:  -104.78 	 ep_len:  1022.8 	 log_std: -0.675
epoch:  59 	 pol:     0.09 	 val:     1.15 	 clipfrac: 0.28 	 return:  -113.35 	 ep_len:   518.2 	 log_std: -0.676
epoch:  60 	 pol:    -0.04 	 val:     0.05 	 clipfrac: 0.21 	 return:   -96.77 	 ep_len:  1600.0 	 log_std: -0.675	 det_ret:   -37.87 	 det_len: 1600.0  <-- best
epoch:  61 	 pol:    -0.06 	 val:     0.05 	 clipfrac: 0.16 	 return:   -98.24 	 ep_len:  1600.0 	 log_std: -0.675
epoch:  62 	 pol:    -0.42 	 val:     1.81 	 clipfrac: 0.36 	 return:  -116.08 	 ep_len:   311.9 	 log_std: -0.681
epoch:  63 	 pol:    -0.12 	 val:     0.04 	 clipfrac: 0.21 	 return:   -94.43 	 ep_len:  1600.0 	 log_std: -0.678
epoch:  64 	 pol:    -0.15 	 val:     0.05 	 clipfrac: 0.31 	 return:   -94.61 	 ep_len:  1600.0 	 log_std: -0.675
epoch:  65 	 pol:    -0.85 	 val:     1.70 	 clipfrac: 0.49 	 return:  -114.88 	 ep_len:   309.4 	 log_std: -0.679
epoch:  66 	 pol:    -0.11 	 val:     0.05 	 clipfrac: 0.44 	 return:   -94.58 	 ep_len:  1600.0 	 log_std: -0.677
epoch:  67 	 pol:     0.22 	 val:     0.02 	 clipfrac: 0.50 	 return:   -96.56 	 ep_len:  1600.0 	 log_std: -0.676
epoch:  68 	 pol:    -0.28 	 val:     0.74 	 clipfrac: 0.52 	 return:  -111.86 	 ep_len:   627.6 	 log_std: -0.678
epoch:  69 	 pol:    -0.42 	 val:     0.77 	 clipfrac: 0.45 	 return:  -112.16 	 ep_len:   667.1 	 log_std: -0.680
epoch:  70 	 pol:     0.14 	 val:     0.04 	 clipfrac: 0.48 	 return:   -94.07 	 ep_len:  1600.0 	 log_std: -0.677	 det_ret:   -66.49 	 det_len: 1600.0
epoch:  71 	 pol:    -0.83 	 val:     1.38 	 clipfrac: 0.48 	 return:  -116.47 	 ep_len:   444.9 	 log_std: -0.679
epoch:  72 	 pol:    -0.18 	 val:     1.11 	 clipfrac: 0.33 	 return:  -108.85 	 ep_len:   611.6 	 log_std: -0.680
epoch:  73 	 pol:    -0.37 	 val:     0.38 	 clipfrac: 0.46 	 return:   -99.89 	 ep_len:  1346.0 	 log_std: -0.679
epoch:  74 	 pol:    -2.12 	 val:     2.05 	 clipfrac: 0.52 	 return:  -118.55 	 ep_len:   259.6 	 log_std: -0.683
epoch:  75 	 pol:    -1.02 	 val:     1.35 	 clipfrac: 0.33 	 return:  -113.39 	 ep_len:   520.0 	 log_std: -0.684
epoch:  76 	 pol:    -0.05 	 val:     3.61 	 clipfrac: 0.45 	 return:  -119.30 	 ep_len:   135.3 	 log_std: -0.684
epoch:  77 	 pol:    -0.02 	 val:     2.36 	 clipfrac: 0.34 	 return:  -117.77 	 ep_len:   187.2 	 log_std: -0.686
epoch:  78 	 pol:    -1.19 	 val:     1.77 	 clipfrac: 0.36 	 return:  -118.37 	 ep_len:   203.2 	 log_std: -0.689
epoch:  79 	 pol:    -1.28 	 val:     0.71 	 clipfrac: 0.29 	 return:  -105.67 	 ep_len:   801.3 	 log_std: -0.691
epoch:  80 	 pol:    -0.45 	 val:     1.02 	 clipfrac: 0.21 	 return:  -111.97 	 ep_len:   548.0 	 log_std: -0.694	 det_ret:   -92.40 	 det_len: 1600.0
epoch:  81 	 pol:    -0.51 	 val:     0.61 	 clipfrac: 0.30 	 return:  -101.54 	 ep_len:  1030.0 	 log_std: -0.695
epoch:  82 	 pol:    -0.47 	 val:     1.05 	 clipfrac: 0.26 	 return:  -115.33 	 ep_len:   482.7 	 log_std: -0.697
epoch:  83 	 pol:    -1.14 	 val:     0.92 	 clipfrac: 0.21 	 return:  -110.49 	 ep_len:   631.4 	 log_std: -0.700
epoch:  84 	 pol:     0.44 	 val:     0.11 	 clipfrac: 0.39 	 return:   -90.24 	 ep_len:  1600.0 	 log_std: -0.698
epoch:  85 	 pol:    -0.36 	 val:     0.33 	 clipfrac: 0.19 	 return:  -102.01 	 ep_len:  1162.9 	 log_std: -0.698
epoch:  86 	 pol:    -2.18 	 val:     0.69 	 clipfrac: 0.33 	 return:  -113.17 	 ep_len:   585.1 	 log_std: -0.700
epoch:  87 	 pol:    -0.46 	 val:     0.69 	 clipfrac: 0.40 	 return:  -122.68 	 ep_len:   662.5 	 log_std: -0.701
epoch:  88 	 pol:    -4.61 	 val:     1.21 	 clipfrac: 0.75 	 return:  -123.74 	 ep_len:   181.7 	 log_std: -0.704
epoch:  89 	 pol:    -8.91 	 val:     0.43 	 clipfrac: 0.43 	 return:  -119.79 	 ep_len:    68.3 	 log_std: -0.707
epoch:  90 	 pol:    -5.67 	 val:     0.23 	 clipfrac: 0.52 	 return:  -121.52 	 ep_len:    74.8 	 log_std: -0.711	 det_ret:  -118.97 	 det_len:   70.0
epoch:  91 	 pol:    -7.16 	 val:     0.12 	 clipfrac: 0.52 	 return:  -120.34 	 ep_len:    75.2 	 log_std: -0.715
epoch:  92 	 pol:    -1.89 	 val:     0.10 	 clipfrac: 0.54 	 return:  -121.33 	 ep_len:    75.0 	 log_std: -0.718
epoch:  93 	 pol:    -7.20 	 val:     0.09 	 clipfrac: 0.53 	 return:  -121.07 	 ep_len:    74.7 	 log_std: -0.722
epoch:  94 	 pol:   -10.23 	 val:     0.09 	 clipfrac: 0.52 	 return:  -120.62 	 ep_len:    73.8 	 log_std: -0.724
epoch:  95 	 pol:    -7.25 	 val:     0.09 	 clipfrac: 0.56 	 return:  -119.72 	 ep_len:    72.7 	 log_std: -0.729
epoch:  96 	 pol:    -8.91 	 val:     0.07 	 clipfrac: 0.64 	 return:  -120.94 	 ep_len:    72.7 	 log_std: -0.732
epoch:  97 	 pol:   -21.38 	 val:     0.07 	 clipfrac: 0.57 	 return:  -119.30 	 ep_len:    72.0 	 log_std: -0.735
epoch:  98 	 pol:   -28.57 	 val:     0.05 	 clipfrac: 0.49 	 return:  -119.25 	 ep_len:    70.7 	 log_std: -0.739
epoch:  99 	 pol:   -24.50 	 val:     0.05 	 clipfrac: 0.51 	 return:  -118.96 	 ep_len:    70.0 	 log_std: -0.742
epoch: 100 	 pol:   -27.01 	 val:     0.05 	 clipfrac: 0.58 	 return:  -118.71 	 ep_len:    69.4 	 log_std: -0.745	 det_ret:  -119.46 	 det_len:   80.0
epoch: 101 	 pol:   -38.39 	 val:     0.06 	 clipfrac: 0.57 	 return:  -118.42 	 ep_len:    69.1 	 log_std: -0.747
epoch: 102 	 pol:   -29.58 	 val:     0.03 	 clipfrac: 0.48 	 return:  -118.30 	 ep_len:    68.6 	 log_std: -0.752
epoch: 103 	 pol:   -47.24 	 val:     0.02 	 clipfrac: 0.55 	 return:  -118.24 	 ep_len:    68.0 	 log_std: -0.754
epoch: 104 	 pol:    29.71 	 val:     0.03 	 clipfrac: 0.54 	 return:  -118.30 	 ep_len:    69.1 	 log_std: -0.759
epoch: 105 	 pol:   104.91 	 val:     0.03 	 clipfrac: 0.70 	 return:  -119.06 	 ep_len:    75.9 	 log_std: -0.758
epoch: 106 	 pol:    76.87 	 val:     0.03 	 clipfrac: 0.56 	 return:  -118.97 	 ep_len:    75.3 	 log_std: -0.765
epoch: 107 	 pol:     7.25 	 val:     0.03 	 clipfrac: 0.50 	 return:  -118.86 	 ep_len:    74.6 	 log_std: -0.770
epoch: 108 	 pol:   -29.34 	 val:     0.03 	 clipfrac: 0.52 	 return:  -118.72 	 ep_len:    73.2 	 log_std: -0.774
epoch: 109 	 pol:   -49.11 	 val:     0.04 	 clipfrac: 0.56 	 return:  -118.75 	 ep_len:    73.6 	 log_std: -0.777
epoch: 110 	 pol:   -35.20 	 val:     0.03 	 clipfrac: 0.57 	 return:  -118.64 	 ep_len:    72.8 	 log_std: -0.779	 det_ret:  -118.60 	 det_len:   71.0
epoch: 111 	 pol:   -77.87 	 val:     0.04 	 clipfrac: 0.51 	 return:  -118.60 	 ep_len:    72.2 	 log_std: -0.781
epoch: 112 	 pol:   -91.50 	 val:     0.04 	 clipfrac: 0.55 	 return:  -118.47 	 ep_len:    71.4 	 log_std: -0.783
epoch: 113 	 pol:    27.65 	 val:     0.05 	 clipfrac: 0.60 	 return:  -118.46 	 ep_len:    71.4 	 log_std: -0.785
epoch: 114 	 pol:    36.27 	 val:     0.04 	 clipfrac: 0.58 	 return:  -118.40 	 ep_len:    70.8 	 log_std: -0.789
epoch: 115 	 pol:   -89.06 	 val:     0.04 	 clipfrac: 0.55 	 return:  -118.31 	 ep_len:    70.0 	 log_std: -0.793
epoch: 116 	 pol:   -80.13 	 val:     0.03 	 clipfrac: 0.46 	 return:  -118.24 	 ep_len:    69.1 	 log_std: -0.796
epoch: 117 	 pol:   -55.81 	 val:     0.03 	 clipfrac: 0.51 	 return:  -118.17 	 ep_len:    68.5 	 log_std: -0.800
epoch: 118 	 pol:   -69.90 	 val:     0.03 	 clipfrac: 0.54 	 return:  -118.07 	 ep_len:    67.7 	 log_std: -0.802
epoch: 119 	 pol:   243.09 	 val:     0.04 	 clipfrac: 0.75 	 return:  -118.65 	 ep_len:    73.3 	 log_std: -0.803
epoch: 120 	 pol:   225.05 	 val:     0.03 	 clipfrac: 0.71 	 return:  -118.94 	 ep_len:    75.9 	 log_std: -0.805	 det_ret:  -119.35 	 det_len:   80.0
epoch: 121 	 pol:   129.70 	 val:     0.03 	 clipfrac: 0.59 	 return:  -118.90 	 ep_len:    75.7 	 log_std: -0.807
epoch: 122 	 pol:     8.15 	 val:     0.03 	 clipfrac: 0.49 	 return:  -118.83 	 ep_len:    75.0 	 log_std: -0.809
epoch: 123 	 pol:  -112.14 	 val:     0.03 	 clipfrac: 0.60 	 return:  -118.73 	 ep_len:    74.0 	 log_std: -0.811
epoch: 124 	 pol:  -315.47 	 val:     0.03 	 clipfrac: 0.51 	 return:  -118.68 	 ep_len:    73.5 	 log_std: -0.813
epoch: 125 	 pol:   -81.01 	 val:     0.03 	 clipfrac: 0.58 	 return:  -118.62 	 ep_len:    72.9 	 log_std: -0.816
epoch: 126 	 pol:  -165.51 	 val:     0.03 	 clipfrac: 0.53 	 return:  -118.50 	 ep_len:    71.8 	 log_std: -0.820
epoch: 127 	 pol:  -101.83 	 val:     0.03 	 clipfrac: 0.53 	 return:  -118.44 	 ep_len:    71.1 	 log_std: -0.822
epoch: 128 	 pol:   -30.81 	 val:     0.02 	 clipfrac: 0.61 	 return:  -118.36 	 ep_len:    70.3 	 log_std: -0.824
epoch: 129 	 pol:  -261.02 	 val:     0.02 	 clipfrac: 0.51 	 return:  -118.29 	 ep_len:    69.9 	 log_std: -0.827
epoch: 130 	 pol:   -47.43 	 val:     0.02 	 clipfrac: 0.62 	 return:  -118.30 	 ep_len:    69.8 	 log_std: -0.829	 det_ret:  -119.44 	 det_len:   81.0
epoch: 131 	 pol:  -300.21 	 val:     0.01 	 clipfrac: 0.59 	 return:  -118.20 	 ep_len:    68.9 	 log_std: -0.833
epoch: 132 	 pol:  -267.00 	 val:     0.01 	 clipfrac: 0.52 	 return:  -118.11 	 ep_len:    68.0 	 log_std: -0.837
epoch: 133 	 pol:   247.99 	 val:     0.01 	 clipfrac: 0.61 	 return:  -118.17 	 ep_len:    68.7 	 log_std: -0.839
epoch: 134 	 pol:  1601.32 	 val:     0.02 	 clipfrac: 0.77 	 return:  -118.91 	 ep_len:    75.7 	 log_std: -0.837
epoch: 135 	 pol:  1038.12 	 val:     0.02 	 clipfrac: 0.68 	 return:  -118.86 	 ep_len:    75.3 	 log_std: -0.839
epoch: 136 	 pol:   -70.62 	 val:     0.02 	 clipfrac: 0.55 	 return:  -118.85 	 ep_len:    75.1 	 log_std: -0.841
epoch: 137 	 pol:  -160.16 	 val:     0.02 	 clipfrac: 0.49 	 return:  -118.76 	 ep_len:    74.2 	 log_std: -0.845
epoch: 138 	 pol:   236.71 	 val:     0.02 	 clipfrac: 0.55 	 return:  -118.78 	 ep_len:    74.4 	 log_std: -0.849
epoch: 139 	 pol:  -744.17 	 val:     0.02 	 clipfrac: 0.44 	 return:  -118.61 	 ep_len:    72.8 	 log_std: -0.851
epoch: 140 	 pol:    40.01 	 val:     0.02 	 clipfrac: 0.55 	 return:  -118.52 	 ep_len:    72.2 	 log_std: -0.853	 det_ret:  -118.33 	 det_len:   71.0
epoch: 141 	 pol:  -642.99 	 val:     0.02 	 clipfrac: 0.50 	 return:  -118.48 	 ep_len:    71.7 	 log_std: -0.855
epoch: 142 	 pol:  -383.53 	 val:     0.02 	 clipfrac: 0.52 	 return:  -118.45 	 ep_len:    71.4 	 log_std: -0.860
epoch: 143 	 pol:  -246.81 	 val:     0.02 	 clipfrac: 0.46 	 return:  -118.37 	 ep_len:    70.5 	 log_std: -0.864
epoch: 144 	 pol: -1148.64 	 val:     0.02 	 clipfrac: 0.52 	 return:  -118.31 	 ep_len:    69.9 	 log_std: -0.866
epoch: 145 	 pol:  -682.72 	 val:     0.01 	 clipfrac: 0.43 	 return:  -118.21 	 ep_len:    69.1 	 log_std: -0.868
epoch: 146 	 pol: -3019.98 	 val:     0.01 	 clipfrac: 0.37 	 return:  -118.18 	 ep_len:    68.5 	 log_std: -0.872
epoch: 147 	 pol:  -742.24 	 val:     0.01 	 clipfrac: 0.59 	 return:  -118.11 	 ep_len:    68.0 	 log_std: -0.876
epoch: 148 	 pol:  2635.80 	 val:     0.02 	 clipfrac: 0.78 	 return:  -118.58 	 ep_len:    72.5 	 log_std: -0.878
epoch: 149 	 pol:  2179.87 	 val:     0.01 	 clipfrac: 0.75 	 return:  -118.93 	 ep_len:    75.7 	 log_std: -0.880
epoch: 150 	 pol:   537.01 	 val:     0.02 	 clipfrac: 0.64 	 return:  -119.00 	 ep_len:    76.2 	 log_std: -0.882	 det_ret:  -118.29 	 det_len:   71.0
epoch: 151 	 pol: -2199.65 	 val:     0.02 	 clipfrac: 0.37 	 return:  -118.65 	 ep_len:    73.2 	 log_std: -0.888
epoch: 152 	 pol:  -423.51 	 val:     0.02 	 clipfrac: 0.54 	 return:  -118.69 	 ep_len:    73.9 	 log_std: -0.890
epoch: 153 	 pol:  -596.15 	 val:     0.02 	 clipfrac: 0.51 	 return:  -118.72 	 ep_len:    73.8 	 log_std: -0.892
epoch: 154 	 pol: -5642.68 	 val:     0.02 	 clipfrac: 0.49 	 return:  -118.66 	 ep_len:    73.5 	 log_std: -0.896
epoch: 155 	 pol: -3471.08 	 val:     0.02 	 clipfrac: 0.38 	 return:  -118.46 	 ep_len:    71.5 	 log_std: -0.902
epoch: 156 	 pol: -4377.85 	 val:     0.01 	 clipfrac: 0.45 	 return:  -118.36 	 ep_len:    70.5 	 log_std: -0.903
epoch: 157 	 pol:  -680.87 	 val:     0.01 	 clipfrac: 0.55 	 return:  -118.44 	 ep_len:    71.1 	 log_std: -0.905
epoch: 158 	 pol: -1625.41 	 val:     0.01 	 clipfrac: 0.44 	 return:  -118.41 	 ep_len:    70.9 	 log_std: -0.909
epoch: 159 	 pol: -2874.40 	 val:     0.01 	 clipfrac: 0.49 	 return:  -118.27 	 ep_len:    69.7 	 log_std: -0.911	 det_ret:  -119.16 	 det_len:   80.0

Saved training plot to bipedal_walker_training_BipedalWalker-v3.png
